 SpeedTreeForest_Windows_v7.1

 Timestamp is 594c310f (Thu Jun 22 23:05:19 2017)

 Preferred load address is 10000000

 Start         Length     Name                   Class
 0001:00000000 0002b262H .text                   CODE
 0001:0002b270 00000fbcH .text$x                 CODE
 0001:0002c230 00000835H .text$yc                CODE
 0002:00000000 00000148H .idata$5                DATA
 0002:00000148 00000004H .CRT$XCA                DATA
 0002:0000014c 00000084H .CRT$XCU                DATA
 0002:000001d0 00000004H .CRT$XCZ                DATA
 0002:000001d4 00000004H .CRT$XIA                DATA
 0002:000001d8 00000004H .CRT$XIAA               DATA
 0002:000001dc 00000004H .CRT$XIC                DATA
 0002:000001e0 00000004H .CRT$XIZ                DATA
 0002:000001f0 00000d08H .rdata                  DATA
 0002:00000ef8 00000087H .rdata$debug            DATA
 0002:00000f80 00000118H .rdata$sxdata           DATA
 0002:00001098 00000004H .rtc$IAA                DATA
 0002:0000109c 00000004H .rtc$IZZ                DATA
 0002:000010a0 00000004H .rtc$TAA                DATA
 0002:000010a4 00000004H .rtc$TZZ                DATA
 0002:000010a8 00000e2cH .xdata$x                DATA
 0002:00001ed4 0000003cH .idata$2                DATA
 0002:00001f10 00000014H .idata$3                DATA
 0002:00001f24 00000148H .idata$4                DATA
 0002:0000206c 00000876H .idata$6                DATA
 0002:000028f0 00010703H .edata                  DATA
 0003:00000000 00000040H .data                   DATA
 0003:00000040 00000534H .bss                    DATA

  Address         Publics by Value              Rva+Base       Lib:Object

 0000:00000000       __except_list              00000000     <absolute>
 0000:00000046       ___safe_se_handler_count   00000046     <absolute>
 0000:00009876       __fltused                  00009876     <absolute>
 0000:00009876       __ldused                   00009876     <absolute>
 0000:00000000       ___ImageBase               10000000     <linker-defined>
 0001:00000000       ??4st_float16@SpeedTree@@QAEAAV01@ABV01@@Z 10001000 f i Culling.obj
 0001:00000020       ??0st_float16@SpeedTree@@QAE@XZ 10001020 f i Culling.obj
 0001:00000050       ??0st_float16@SpeedTree@@QAE@M@Z 10001050 f i Culling.obj
 0001:00000140       ??0st_float16@SpeedTree@@QAE@ABV01@@Z 10001140 f i Culling.obj
 0001:00000160       ??Bst_float16@SpeedTree@@QBEMXZ 10001160 f i Culling.obj
 0001:00000240       ??4Vec2@SpeedTree@@QAEAAV01@ABV01@@Z 10001240 f i Culling.obj
 0001:00000260       ??4Vec3@SpeedTree@@QAEAAV01@ABV01@@Z 10001260 f i Culling.obj
 0001:00000290       ??4Vec4@SpeedTree@@QAEAAV01@ABV01@@Z 10001290 f i Culling.obj
 0001:000002c0       ??0Vec2@SpeedTree@@QAE@XZ  100012c0 f i Culling.obj
 0001:000002e0       ??0Vec2@SpeedTree@@QAE@MM@Z 100012e0 f i Culling.obj
 0001:00000310       ??0Vec2@SpeedTree@@QAE@QBM@Z 10001310 f i Culling.obj
 0001:00000340       ??HVec2@SpeedTree@@QBE?AV01@ABV01@@Z 10001340 f i Culling.obj
 0001:00000380       ??YVec2@SpeedTree@@QAE?AV01@ABV01@@Z 10001380 f i Culling.obj
 0001:000003d0       ??8Vec2@SpeedTree@@QBE_NABV01@@Z 100013d0 f i Culling.obj
 0001:00000420       ?Set@Vec2@SpeedTree@@QAEXMM@Z 10001420 f i Culling.obj
 0001:00000440       ?Distance@Vec2@SpeedTree@@QBEMABV12@@Z 10001440 f i Culling.obj
 0001:000004a0       ??0Vec3@SpeedTree@@QAE@XZ  100014a0 f i Culling.obj
 0001:000004d0       ??0Vec3@SpeedTree@@QAE@MMM@Z 100014d0 f i Culling.obj
 0001:00000500       ??0Vec3@SpeedTree@@QAE@MM@Z 10001500 f i Culling.obj
 0001:00000530       ??0Vec3@SpeedTree@@QAE@QBM@Z 10001530 f i Culling.obj
 0001:00000570       ??AVec3@SpeedTree@@QAEAAMH@Z 10001570 f i Culling.obj
 0001:00000590       ??BVec3@SpeedTree@@QAEPAMXZ 10001590 f i Culling.obj
 0001:000005a0       ??BVec3@SpeedTree@@QBEPBMXZ 100015a0 f i Culling.obj
 0001:000005b0       ??MVec3@SpeedTree@@QBE_NABV01@@Z 100015b0 f i Culling.obj
 0001:00000670       ??8Vec3@SpeedTree@@QBE_NABV01@@Z 10001670 f i Culling.obj
 0001:000006d0       ??9Vec3@SpeedTree@@QBE_NABV01@@Z 100016d0 f i Culling.obj
 0001:00000730       ??GVec3@SpeedTree@@QBE?AV01@ABV01@@Z 10001730 f i Culling.obj
 0001:00000790       ??HVec3@SpeedTree@@QBE?AV01@ABV01@@Z 10001790 f i Culling.obj
 0001:000007f0       ??YVec3@SpeedTree@@QAE?AV01@ABV01@@Z 100017f0 f i Culling.obj
 0001:00000850       ??DVec3@SpeedTree@@QBE?AV01@ABV01@@Z 10001850 f i Culling.obj
 0001:000008b0       ??XVec3@SpeedTree@@QAE?AV01@ABV01@@Z 100018b0 f i Culling.obj
 0001:00000910       ??KVec3@SpeedTree@@QBE?AV01@ABV01@@Z 10001910 f i Culling.obj
 0001:00000970       ??_0Vec3@SpeedTree@@QAE?AV01@ABV01@@Z 10001970 f i Culling.obj
 0001:000009d0       ??DVec3@SpeedTree@@QBE?AV01@M@Z 100019d0 f i Culling.obj
 0001:00000a20       ??XVec3@SpeedTree@@QAE?AV01@M@Z 10001a20 f i Culling.obj
 0001:00000a80       ??KVec3@SpeedTree@@QBE?AV01@M@Z 10001a80 f i Culling.obj
 0001:00000ad0       ??_0Vec3@SpeedTree@@QAE?AV01@M@Z 10001ad0 f i Culling.obj
 0001:00000b30       ??GVec3@SpeedTree@@QBE?AV01@XZ 10001b30 f i Culling.obj
 0001:00000b80       ?Set@Vec3@SpeedTree@@QAEXMMM@Z 10001b80 f i Culling.obj
 0001:00000bb0       ?Set@Vec3@SpeedTree@@QAEXMM@Z 10001bb0 f i Culling.obj
 0001:00000be0       ?Set@Vec3@SpeedTree@@QAEXQBM@Z 10001be0 f i Culling.obj
 0001:00000c10       ?Cross@Vec3@SpeedTree@@QBE?AV12@ABV12@@Z 10001c10 f i Culling.obj
 0001:00000c90       ?Distance@Vec3@SpeedTree@@QBEMABV12@@Z 10001c90 f i Culling.obj
 0001:00000ce0       ?DistanceSquared@Vec3@SpeedTree@@QBEMABV12@@Z 10001ce0 f i Culling.obj
 0001:00000d10       ?Dot@Vec3@SpeedTree@@QBEMABV12@@Z 10001d10 f i Culling.obj
 0001:00000d50       ?Magnitude@Vec3@SpeedTree@@QBEMXZ 10001d50 f i Culling.obj
 0001:00000d80       ?MagnitudeSquared@Vec3@SpeedTree@@QBEMXZ 10001d80 f i Culling.obj
 0001:00000dc0       ?Normalize@Vec3@SpeedTree@@QAE?AV12@XZ 10001dc0 f i Culling.obj
 0001:00000e40       ?Scale@Vec3@SpeedTree@@QAEXM@Z 10001e40 f i Culling.obj
 0001:00000e80       ??0Vec4@SpeedTree@@QAE@XZ  10001e80 f i Culling.obj
 0001:00000eb0       ??0Vec4@SpeedTree@@QAE@MMMM@Z 10001eb0 f i Culling.obj
 0001:00000ef0       ??0Vec4@SpeedTree@@QAE@MMM@Z 10001ef0 f i Culling.obj
 0001:00000f30       ??0Vec4@SpeedTree@@QAE@MM@Z 10001f30 f i Culling.obj
 0001:00000f70       ??0Vec4@SpeedTree@@QAE@ABVVec3@1@M@Z 10001f70 f i Culling.obj
 0001:00000fb0       ??0Vec4@SpeedTree@@QAE@QBM@Z 10001fb0 f i Culling.obj
 0001:00000ff0       ??AVec4@SpeedTree@@QAEAAMH@Z 10001ff0 f i Culling.obj
 0001:00001010       ??BVec4@SpeedTree@@QAEPAMXZ 10002010 f i Culling.obj
 0001:00001020       ??BVec4@SpeedTree@@QBEPBMXZ 10002020 f i Culling.obj
 0001:00001030       ??8Vec4@SpeedTree@@QBE_NABV01@@Z 10002030 f i Culling.obj
 0001:000010b0       ??9Vec4@SpeedTree@@QBE_NABV01@@Z 100020b0 f i Culling.obj
 0001:00001130       ??DVec4@SpeedTree@@QBE?AV01@ABV01@@Z 10002130 f i Culling.obj
 0001:000011a0       ??DVec4@SpeedTree@@QBE?AV01@M@Z 100021a0 f i Culling.obj
 0001:00001210       ??XVec4@SpeedTree@@QAE?AV01@M@Z 10002210 f i Culling.obj
 0001:00001280       ??KVec4@SpeedTree@@QBE?AV01@M@Z 10002280 f i Culling.obj
 0001:000012f0       ??_0Vec4@SpeedTree@@QAE?AV01@M@Z 100022f0 f i Culling.obj
 0001:00001360       ??HVec4@SpeedTree@@QBE?AV01@ABV01@@Z 10002360 f i Culling.obj
 0001:000013d0       ?Set@Vec4@SpeedTree@@QAEXMMMM@Z 100023d0 f i Culling.obj
 0001:00001400       ?Set@Vec4@SpeedTree@@QAEXMMM@Z 10002400 f i Culling.obj
 0001:00001430       ?Set@Vec4@SpeedTree@@QAEXMM@Z 10002430 f i Culling.obj
 0001:00001450       ?Set@Vec4@SpeedTree@@QAEXQBM@Z 10002450 f i Culling.obj
 0001:00001490       ??4Mat3x3@SpeedTree@@QAEAAV01@ABV01@@Z 10002490 f i Culling.obj
 0001:000014c0       ??_FMat3x3@SpeedTree@@QAEXXZ 100024c0 f i Culling.obj
 0001:00001500       ??_FMat4x4@SpeedTree@@QAEXXZ 10002500 f i Culling.obj
 0001:00001550       ??0Mat3x3@SpeedTree@@QAE@_N@Z 10002550 f i Culling.obj
 0001:00001590       ??0Mat3x3@SpeedTree@@QAE@QBM@Z 10002590 f i Culling.obj
 0001:000015c0       ??0Mat3x3@SpeedTree@@QAE@ABVVec3@1@00@Z 100025c0 f i Culling.obj
 0001:00001640       ??BMat3x3@SpeedTree@@QAEPAMXZ 10002640 f i Culling.obj
 0001:00001650       ??BMat3x3@SpeedTree@@QBEPBMXZ 10002650 f i Culling.obj
 0001:00001660       ??DMat3x3@SpeedTree@@QBE?AV01@ABV01@@Z 10002660 f i Culling.obj
 0001:000017b0       ??DMat3x3@SpeedTree@@QBE?AVVec3@1@ABV21@@Z 100027b0 f i Culling.obj
 0001:00001860       ??8Mat3x3@SpeedTree@@QBE_NABV01@@Z 10002860 f i Culling.obj
 0001:00001890       ??9Mat3x3@SpeedTree@@QBE_NABV01@@Z 10002890 f i Culling.obj
 0001:000018c0       ?SetIdentity@Mat3x3@SpeedTree@@QAEXXZ 100028c0 f i Culling.obj
 0001:00001900       ?Set@Mat3x3@SpeedTree@@QAEXQBM@Z 10002900 f i Culling.obj
 0001:00001920       ?RotateX@Mat3x3@SpeedTree@@QAEXM@Z 10002920 f i Culling.obj
 0001:000019d0       ?RotateY@Mat3x3@SpeedTree@@QAEXM@Z 100029d0 f i Culling.obj
 0001:00001a80       ?RotateZ@Mat3x3@SpeedTree@@QAEXM@Z 10002a80 f i Culling.obj
 0001:00001b30       ?RotateArbitrary@Mat3x3@SpeedTree@@QAEXABVVec3@2@M@Z 10002b30 f i Culling.obj
 0001:00001cf0       ?Scale@Mat3x3@SpeedTree@@QAEXMMM@Z 10002cf0 f i Culling.obj
 0001:00001d90       ?Scale@Mat3x3@SpeedTree@@QAEXABVVec3@2@@Z 10002d90 f i Culling.obj
 0001:00001dd0       ??0Mat4x4@SpeedTree@@QAE@_N@Z 10002dd0 f i Culling.obj
 0001:00001e20       ??0Mat4x4@SpeedTree@@QAE@QBM@Z 10002e20 f i Culling.obj
 0001:00001e50       ??0Mat4x4@SpeedTree@@QAE@MMMMMMMMMMMMMMMM@Z 10002e50 f i Culling.obj
 0001:00001f70       ??BMat4x4@SpeedTree@@QAEPAMXZ 10002f70 f i Culling.obj
 0001:00001f80       ??BMat4x4@SpeedTree@@QBEPBMXZ 10002f80 f i Culling.obj
 0001:00001f90       ??DMat4x4@SpeedTree@@QBE?AV01@ABV01@@Z 10002f90 f i Culling.obj
 0001:00002190       ??XMat4x4@SpeedTree@@QAE?AV01@ABV01@@Z 10003190 f i Culling.obj
 0001:00002350       ??DMat4x4@SpeedTree@@QBE?AVVec3@1@ABV21@@Z 10003350 f i Culling.obj
 0001:00002420       ??DMat4x4@SpeedTree@@QBE?AVVec4@1@ABV21@@Z 10003420 f i Culling.obj
 0001:00002540       ??8Mat4x4@SpeedTree@@QBE_NABV01@@Z 10003540 f i Culling.obj
 0001:00002570       ??9Mat4x4@SpeedTree@@QBE_NABV01@@Z 10003570 f i Culling.obj
 0001:000025a0       ??4Mat4x4@SpeedTree@@QAEAAV01@ABV01@@Z 100035a0 f i Culling.obj
 0001:000025d0       ?SetIdentity@Mat4x4@SpeedTree@@QAEXXZ 100035d0 f i Culling.obj
 0001:00002610       ?Set@Mat4x4@SpeedTree@@QAEXQBM@Z 10003610 f i Culling.obj
 0001:00002630       ?Set@Mat4x4@SpeedTree@@QAEXMMMMMMMMMMMMMMMM@Z 10003630 f i Culling.obj
 0001:00002750       ?GetVectorComponents@Mat4x4@SpeedTree@@QAEXAAVVec3@2@00@Z 10003750 f i Culling.obj
 0001:00002800       ?Invert@Mat4x4@SpeedTree@@QBE_NAAV12@@Z 10003800 f i Culling.obj
 0001:00002d60       ?Multiply4f@Mat4x4@SpeedTree@@QBEXQBMQAM@Z 10003d60 f i Culling.obj
 0001:00002e60       ?RotateX@Mat4x4@SpeedTree@@QAEXM@Z 10003e60 f i Culling.obj
 0001:00002f30       ?RotateY@Mat4x4@SpeedTree@@QAEXM@Z 10003f30 f i Culling.obj
 0001:00003000       ?RotateZ@Mat4x4@SpeedTree@@QAEXM@Z 10004000 f i Culling.obj
 0001:000030d0       ?RotateArbitrary@Mat4x4@SpeedTree@@QAEXABVVec3@2@M@Z 100040d0 f i Culling.obj
 0001:000032a0       ?Scale@Mat4x4@SpeedTree@@QAEXMMM@Z 100042a0 f i Culling.obj
 0001:00003330       ?Scale@Mat4x4@SpeedTree@@QAEXABVVec3@2@@Z 10004330 f i Culling.obj
 0001:00003370       ?Translate@Mat4x4@SpeedTree@@QAEXMMM@Z 10004370 f i Culling.obj
 0001:00003400       ?Translate@Mat4x4@SpeedTree@@QAEXABVVec3@2@@Z 10004400 f i Culling.obj
 0001:00003440       ?Transpose@Mat4x4@SpeedTree@@QBE?AV12@XZ 10004440 f i Culling.obj
 0001:00003570       ?LookAt@Mat4x4@SpeedTree@@QAEXABVVec3@2@00@Z 10004570 f i Culling.obj
 0001:00003730       ?Ortho@Mat4x4@SpeedTree@@QAEXMMMMMM_N@Z 10004730 f i Culling.obj
 0001:00003880       ?Frustum@Mat4x4@SpeedTree@@QAEXMMMMMM@Z 10004880 f i Culling.obj
 0001:000039a0       ?Perspective@Mat4x4@SpeedTree@@QAEXMMMM@Z 100049a0 f i Culling.obj
 0001:00003aa0       ?AdjustPerspectiveNearAndFar@Mat4x4@SpeedTree@@QAEXMM@Z 10004aa0 f i Culling.obj
 0001:00003ae0       ??1CCoordSysBase@SpeedTree@@UAE@XZ 10004ae0 f i Culling.obj
 0001:00003b00       ?ConvertToStd@CCoordSysBase@SpeedTree@@QBE?AVVec3@2@QBM@Z 10004b00 f i Culling.obj
 0001:00003b40       ?ConvertFromStd@CCoordSysBase@SpeedTree@@QBE?AVVec3@2@QBM@Z 10004b40 f i Culling.obj
 0001:00003b80       ??0CCoordSysBase@SpeedTree@@QAE@XZ 10004b80 f i Culling.obj
 0001:00003ba0       ??0CCoordSysBase@SpeedTree@@QAE@ABV01@@Z 10004ba0 f i Culling.obj
 0001:00003bc0       ??4CCoordSysBase@SpeedTree@@QAEAAV01@ABV01@@Z 10004bc0 f i Culling.obj
 0001:00003bd0       ??_GCCoordSysBase@SpeedTree@@UAEPAXI@Z 10004bd0 f i Culling.obj
 0001:00003c00       ??_ECCoordSysBase@SpeedTree@@UAEPAXI@Z 10004c00 f i Culling.obj
 0001:00003c70       ??4CCoordSys@SpeedTree@@QAEAAV01@ABV01@@Z 10004c70 f i Culling.obj
 0001:00003c80       ??4CExtents@SpeedTree@@QAEAAV01@ABV01@@Z 10004c80 f i Culling.obj
 0001:00003cc0       ??0CExtents@SpeedTree@@QAE@XZ 10004cc0 f i Culling.obj
 0001:00003d60       ??0CExtents@SpeedTree@@QAE@QBM@Z 10004d60 f i Culling.obj
 0001:00003dd0       ??0CExtents@SpeedTree@@QAE@ABVVec3@1@0@Z 10004dd0 f i Culling.obj
 0001:00003e10       ??1CExtents@SpeedTree@@QAE@XZ 10004e10 f i Culling.obj
 0001:00003e20       ?Reset@CExtents@SpeedTree@@QAEXXZ 10004e20 f i Culling.obj
 0001:00003e80       ?SetToZeros@CExtents@SpeedTree@@QAEXXZ 10004e80 f i Culling.obj
 0001:00003ed0       ?Order@CExtents@SpeedTree@@QAEXXZ 10004ed0 f i Culling.obj
 0001:00003f80       ?Valid@CExtents@SpeedTree@@QBE_NXZ 10004f80 f i Culling.obj
 0001:00004020       ?ExpandAround@CExtents@SpeedTree@@QAEXQBM@Z 10005020 f i Culling.obj
 0001:00004160       ?ExpandAround@CExtents@SpeedTree@@QAEXABVVec3@2@@Z 10005160 f i Culling.obj
 0001:000042a0       ?ExpandAround@CExtents@SpeedTree@@QAEXABVVec3@2@M@Z 100052a0 f i Culling.obj
 0001:000044b0       ?ExpandAround@CExtents@SpeedTree@@QAEXABV12@@Z 100054b0 f i Culling.obj
 0001:00004670       ?Scale@CExtents@SpeedTree@@QAEXM@Z 10005670 f i Culling.obj
 0001:000046b0       ?Translate@CExtents@SpeedTree@@QAEXABVVec3@2@@Z 100056b0 f i Culling.obj
 0001:000046f0       ?Orient@CExtents@SpeedTree@@QAEXABVVec3@2@0@Z 100056f0 f i Culling.obj
 0001:00004ba0       ?Rotate@CExtents@SpeedTree@@QAEXM@Z 10005ba0 f i Culling.obj
 0001:00004d70       ?ComputeRadiusFromCenter3D@CExtents@SpeedTree@@QBEMXZ 10005d70 f i Culling.obj
 0001:00004dc0       ?ComputeRadiusSquaredFromCenter3D@CExtents@SpeedTree@@QBEMXZ 10005dc0 f i Culling.obj
 0001:00004e10       ?ComputeRadiusFromCenter2D@CExtents@SpeedTree@@QBEMXZ 10005e10 f i Culling.obj
 0001:00004e80       ?Min@CExtents@SpeedTree@@QBEABVVec3@2@XZ 10005e80 f i Culling.obj
 0001:00004e90       ?Max@CExtents@SpeedTree@@QBEABVVec3@2@XZ 10005e90 f i Culling.obj
 0001:00004eb0       ?Midpoint@CExtents@SpeedTree@@QBEMI@Z 10005eb0 f i Culling.obj
 0001:00004ee0       ?GetCenter@CExtents@SpeedTree@@QBE?AVVec3@2@XZ 10005ee0 f i Culling.obj
 0001:00004f20       ?GetDiagonal@CExtents@SpeedTree@@QBE?AVVec3@2@XZ 10005f20 f i Culling.obj
 0001:00004f70       ?GetHeight@CExtents@SpeedTree@@QBEMXZ 10005f70 f i Culling.obj
 0001:00004f90       ??BCExtents@SpeedTree@@QAEPAMXZ 10005f90 f i Culling.obj
 0001:00004fa0       ??BCExtents@SpeedTree@@QBEPBMXZ 10005fa0 f i Culling.obj
 0001:00004fb0       ??1CAllocator@SpeedTree@@UAE@XZ 10005fb0 f i Culling.obj
 0001:00004fd0       ??0CAllocator@SpeedTree@@QAE@XZ 10005fd0 f i Culling.obj
 0001:00004ff0       ??0CAllocator@SpeedTree@@QAE@ABV01@@Z 10005ff0 f i Culling.obj
 0001:00005010       ??4CAllocator@SpeedTree@@QAEAAV01@ABV01@@Z 10006010 f i Culling.obj
 0001:00005020       ??_GCAllocator@SpeedTree@@UAEPAXI@Z 10006020 f i Culling.obj
 0001:00005050       ??_ECAllocator@SpeedTree@@UAEPAXI@Z 10006050 f i Culling.obj
 0001:000050c0       ??4CHeapSystem@SpeedTree@@QAEAAV01@ABV01@@Z 100060c0 f i Culling.obj
 0001:000050d0       ??4SBranchWindLevel@CWind@SpeedTree@@QAEAAU012@ABU012@@Z 100060d0 f i Culling.obj
 0001:00005100       ??4SWindGroup@CWind@SpeedTree@@QAEAAU012@ABU012@@Z 10006100 f i Culling.obj
 0001:00005130       ??0SParams@CWind@SpeedTree@@QAE@ABU012@@Z 10006130 f i Culling.obj
 0001:000053b0       ??4SParams@CWind@SpeedTree@@QAEAAU012@ABU012@@Z 100063b0 f i Culling.obj
 0001:000053e0       ??0CWind@SpeedTree@@QAE@ABV01@@Z 100063e0 f i Culling.obj
 0001:00005670       ??4CWind@SpeedTree@@QAEAAV01@ABV01@@Z 10006670 f i Culling.obj
 0001:000056a0       ?SetParams@CWind@SpeedTree@@QAEXABUSParams@12@@Z 100066a0 f i Culling.obj
 0001:000056c0       ?GetParams@CWind@SpeedTree@@QBEABUSParams@12@XZ 100066c0 f i Culling.obj
 0001:000056d0       ?EnableGusting@CWind@SpeedTree@@QAEX_N@Z 100066d0 f i Culling.obj
 0001:000056f0       ?SetGustFrequency@CWind@SpeedTree@@QAEXM@Z 100066f0 f i Culling.obj
 0001:00005710       ?SetTreeValues@CWind@SpeedTree@@QAEXABVVec3@2@M@Z 10006710 f i Culling.obj
 0001:00005760       ?GetBranchAnchor@CWind@SpeedTree@@QBEPBMXZ 10006760 f i Culling.obj
 0001:00005780       ?GetMaxBranchLength@CWind@SpeedTree@@QBEMXZ 10006780 f i Culling.obj
 0001:000057a0       ?Normalize@CWind@SpeedTree@@IAEXPAM@Z 100067a0 f i Culling.obj
 0001:00005850       ?SetOption@CWind@SpeedTree@@QAEXW4EOptions@12@_N@Z 10006850 f i Culling.obj
 0001:00005870       ?IsOptionEnabled@CWind@SpeedTree@@QBE_NW4EOptions@12@@Z 10006870 f i Culling.obj
 0001:00005890       ?IsGlobalWindEnabled@CWind@SpeedTree@@QBE_NXZ 10006890 f i Culling.obj
 0001:000058e0       ?IsBranchWindEnabled@CWind@SpeedTree@@QBE_NXZ 100068e0 f i Culling.obj
 0001:00005930       ?GetShaderTable@CWind@SpeedTree@@QBEPBMXZ 10006930 f i Culling.obj
 0001:00005950       ??4?$Enumeration@W4EVertexFormatUntyped@SpeedTree@@D@SpeedTree@@QAEAAU01@ABU01@@Z 10006950 f i Culling.obj
 0001:00005970       ??4?$Enumeration@W4EVertexPropertyUntyped@SpeedTree@@D@SpeedTree@@QAEAAU01@ABU01@@Z 10006970 f i Culling.obj
 0001:00005990       ??4?$Enumeration@W4EVertexComponentUntyped@SpeedTree@@D@SpeedTree@@QAEAAU01@ABU01@@Z 10006990 f i Culling.obj
 0001:000059b0       ??4SAttribute@SVertexDecl@SpeedTree@@QAEAAU012@ABU012@@Z 100069b0 f i Culling.obj
 0001:000059e0       ??4?$Enumeration@W4EVertexAttributeUntyped@SpeedTree@@D@SpeedTree@@QAEAAU01@ABU01@@Z 100069e0 f i Culling.obj
 0001:00005a00       ??4SProperty@SVertexDecl@SpeedTree@@QAEAAU012@ABU012@@Z 10006a00 f i Culling.obj
 0001:00005a30       ??0SPropertyComponent@SAttribDesc@SVertexDecl@SpeedTree@@QAE@XZ 10006a30 f i Culling.obj
 0001:00005a60       ??4SPropertyComponent@SAttribDesc@SVertexDecl@SpeedTree@@QAEAAU0123@ABU0123@@Z 10006a60 f i Culling.obj
 0001:00005a80       ??0SAttribDesc@SVertexDecl@SpeedTree@@QAE@XZ 10006a80 f i Culling.obj
 0001:00005af0       ??4SAttribDesc@SVertexDecl@SpeedTree@@QAEAAU012@ABU012@@Z 10006af0 f i Culling.obj
 0001:00005b20       ??4SVertexDecl@SpeedTree@@QAEAAU01@ABU01@@Z 10006b20 f i Culling.obj
 0001:00005b50       ??4?$CPaddedPtr@$$CBD@SpeedTree@@QAEAAV01@ABV01@@Z 10006b50 f i Culling.obj
 0001:00005b70       ??_F?$CPaddedPtr@$$CBD@SpeedTree@@QAEXXZ 10006b70 f i Culling.obj
 0001:00005b90       ??1SRenderState@SpeedTree@@QAE@XZ 10006b90 f i Culling.obj
 0001:00005bb0       ??4SRenderState@SpeedTree@@QAEAAU01@ABU01@@Z 10006bb0 f i Culling.obj
 0001:00005be0       ??4SVerticalBillboards@SpeedTree@@QAEAAU01@ABU01@@Z 10006be0 f i Culling.obj
 0001:00005c10       ??4SHorizontalBillboard@SpeedTree@@QAEAAU01@ABU01@@Z 10006c10 f i Culling.obj
 0001:00005c40       ??4SCollisionObject@SpeedTree@@QAEAAU01@ABU01@@Z 10006c40 f i Culling.obj
 0001:00005c70       ??4?$CPaddedPtr@USRenderState@SpeedTree@@@SpeedTree@@QAEAAV01@ABV01@@Z 10006c70 f i Culling.obj
 0001:00005c90       ??_F?$CPaddedPtr@USRenderState@SpeedTree@@@SpeedTree@@QAEXXZ 10006c90 f i Culling.obj
 0001:00005cb0       ??4?$CPaddedPtr@E@SpeedTree@@QAEAAV01@ABV01@@Z 10006cb0 f i Culling.obj
 0001:00005cd0       ??_F?$CPaddedPtr@E@SpeedTree@@QAEXXZ 10006cd0 f i Culling.obj
 0001:00005cf0       ??4SDrawCall@SpeedTree@@QAEAAU01@ABU01@@Z 10006cf0 f i Culling.obj
 0001:00005d20       ??4SBone@SpeedTree@@QAEAAU01@ABU01@@Z 10006d20 f i Culling.obj
 0001:00005d50       ??4?$CPaddedPtr@USDrawCall@SpeedTree@@@SpeedTree@@QAEAAV01@ABV01@@Z 10006d50 f i Culling.obj
 0001:00005d70       ??_F?$CPaddedPtr@USDrawCall@SpeedTree@@@SpeedTree@@QAEXXZ 10006d70 f i Culling.obj
 0001:00005d90       ??4?$CPaddedPtr@USBone@SpeedTree@@@SpeedTree@@QAEAAV01@ABV01@@Z 10006d90 f i Culling.obj
 0001:00005db0       ??_F?$CPaddedPtr@USBone@SpeedTree@@@SpeedTree@@QAEXXZ 10006db0 f i Culling.obj
 0001:00005dd0       ??4SLod@SpeedTree@@QAEAAU01@ABU01@@Z 10006dd0 f i Culling.obj
 0001:00005e10       ??4?$CPaddedPtr@USLod@SpeedTree@@@SpeedTree@@QAEAAV01@ABV01@@Z 10006e10 f i Culling.obj
 0001:00005e30       ??_F?$CPaddedPtr@USLod@SpeedTree@@@SpeedTree@@QAEXXZ 10006e30 f i Culling.obj
 0001:00005e50       ??4SGeometry@SpeedTree@@QAEAAU01@ABU01@@Z 10006e50 f i Culling.obj
 0001:00005e80       ??4SLodProfile@SpeedTree@@QAEAAU01@ABU01@@Z 10006e80 f i Culling.obj
 0001:00005eb0       ??4CAllocatorInterface@SpeedTree@@QAEAAV01@ABV01@@Z 10006eb0 f i Culling.obj
 0001:00005ec0       ??4CFileSystemInterface@SpeedTree@@QAEAAV01@ABV01@@Z 10006ec0 f i Culling.obj
 0001:00005ed0       ??0SHueVariationParams@CCore@SpeedTree@@QAE@XZ 10006ed0 f i Culling.obj
 0001:00005f10       ??4SHueVariationParams@CCore@SpeedTree@@QAEAAU012@ABU012@@Z 10006f10 f i Culling.obj
 0001:00005f50       ??4SResourceStats@CCore@SpeedTree@@QAEAAU012@ABU012@@Z 10006f50 f i Culling.obj
 0001:00005f80       ??0SResourceSummary@CCore@SpeedTree@@QAE@XZ 10006f80 f i Culling.obj
 0001:00005fd0       ??4SResourceSummary@CCore@SpeedTree@@QAEAAU012@ABU012@@Z 10006fd0 f i Culling.obj
 0001:00006000       ??_G?$CBasicFixedString@$0BAA@@SpeedTree@@UAEPAXI@Z 10007000 f i Culling.obj
 0001:00006030       ??_E?$CBasicFixedString@$0BAA@@SpeedTree@@UAEPAXI@Z 10007030 f i Culling.obj
 0001:000060a0       ??4CCore@SpeedTree@@QAEAAV01@ABV01@@Z 100070a0 f i Culling.obj
 0001:00006290       ??0SLodProfile@SpeedTree@@QAE@XZ 10007290 f i Culling.obj
 0001:000062f0       ?IsValid@SLodProfile@SpeedTree@@QBE_NXZ 100072f0 f i Culling.obj
 0001:00006380       ?ComputeDerived@SLodProfile@SpeedTree@@QAEXXZ 10007380 f i Culling.obj
 0001:000063b0       ?Scale@SLodProfile@SpeedTree@@QAEXM@Z 100073b0 f i Culling.obj
 0001:00006400       ?Square@SLodProfile@SpeedTree@@QBEXAAU12@@Z 10007400 f i Culling.obj
 0001:00006480       ??BSLodProfile@SpeedTree@@QBEPBMXZ 10007480 f i Culling.obj
 0001:00006490       ?GetFilename@CCore@SpeedTree@@QBEPBDXZ 10007490 f i Culling.obj
 0001:000064b0       ?GetGeometry@CCore@SpeedTree@@QBEPBUSGeometry@2@XZ 100074b0 f i Culling.obj
 0001:000064d0       ?GetExtents@CCore@SpeedTree@@QBEABVCExtents@2@XZ 100074d0 f i Culling.obj
 0001:000064f0       ?IsLoadedAsGrassModel@CCore@SpeedTree@@QBE_NXZ 100074f0 f i Culling.obj
 0001:00006510       ?AreTexCoordsFlipped@CCore@SpeedTree@@QBE_NXZ 10007510 f i Culling.obj
 0001:00006530       ?GetLodProfile@CCore@SpeedTree@@QBEABUSLodProfile@2@XZ 10007530 f i Culling.obj
 0001:00006550       ?GetLodProfileSquared@CCore@SpeedTree@@QBEABUSLodProfile@2@XZ 10007550 f i Culling.obj
 0001:00006570       ?SetLodProfile@CCore@SpeedTree@@QAE_NABUSLodProfile@2@@Z 10007570 f i Culling.obj
 0001:000065e0       ?ComputeLodSnapshot@CCore@SpeedTree@@QBEHM@Z 100075e0 f i Culling.obj
 0001:00006680       ?ComputeLodByDistance@CCore@SpeedTree@@QBEMM@Z 10007680 f i Culling.obj
 0001:00006740       ?ComputeLodByDistanceSquared@CCore@SpeedTree@@QBEMM@Z 10007740 f i Culling.obj
 0001:00006800       ?ComputeLodTransition@CCore@SpeedTree@@SAMMH@Z 10007800 f i Culling.obj
 0001:000068b0       ?GetWind@CCore@SpeedTree@@QAEAAVCWind@2@XZ 100078b0 f i Culling.obj
 0001:000068d0       ?GetWind@CCore@SpeedTree@@QBEABVCWind@2@XZ 100078d0 f i Culling.obj
 0001:000068f0       ?GetWindShaderTable@CCore@SpeedTree@@QBEPBMXZ 100078f0 f i Culling.obj
 0001:00006910       ?GetCollisionObjects@CCore@SpeedTree@@QBEPBUSCollisionObject@2@AAH@Z 10007910 f i Culling.obj
 0001:00006940       ?SetHueVariationParams@CCore@SpeedTree@@QAEXABUSHueVariationParams@12@@Z 10007940 f i Culling.obj
 0001:00006980       ?GetHueVariationParams@CCore@SpeedTree@@QBEABUSHueVariationParams@12@XZ 10007980 f i Culling.obj
 0001:000069a0       ?SetAmbientImageScalar@CCore@SpeedTree@@QAEXM@Z 100079a0 f i Culling.obj
 0001:000069c0       ?GetAmbientImageScalar@CCore@SpeedTree@@QBEMXZ 100079c0 f i Culling.obj
 0001:000069e0       ?GetUserString@CCore@SpeedTree@@QBEPBDW4EUserStringOrdinal@12@@Z 100079e0 f i Culling.obj
 0001:00006a00       ?GetUserData@CCore@SpeedTree@@QBEPAXXZ 10007a00 f i Culling.obj
 0001:00006a20       ?SetUserData@CCore@SpeedTree@@QAEXPAX@Z 10007a20 f i Culling.obj
 0001:00006a40       ?UncompressVec3@CCore@SpeedTree@@SA?AVVec3@2@PBE@Z 10007a40 f i Culling.obj
 0001:00006ae0       ?UncompressScalar@CCore@SpeedTree@@SAME@Z 10007ae0 f i Culling.obj
 0001:00006b20       ?CompressScalar@CCore@SpeedTree@@SAEM@Z 10007b20 f i Culling.obj
 0001:00006b60       ?CompressVec3@CCore@SpeedTree@@SAXQAEABVVec3@2@@Z 10007b60 f i Culling.obj
 0001:00006c30       ?GetVertexPropertyDesc@CCore@SpeedTree@@SAABUSVertexPropertyDesc@2@U?$Enumeration@W4EVertexPropertyUntyped@SpeedTree@@D@2@@Z 10007c30 f i Culling.obj
 0001:00006c50       ?GetPixelPropertyDesc@CCore@SpeedTree@@SAABUSPixelPropertyDesc@2@W4EPixelProperty@2@@Z 10007c50 f i Culling.obj
 0001:00006c60       ?ComponentName@CCore@SpeedTree@@SAPBDH@Z 10007c60 f i Culling.obj
 0001:00006c90       ?SrtBuffer@CCore@SpeedTree@@IBEPBEXZ 10007c90 f i Culling.obj
 0001:00006cd0       ??0SRenderState@SpeedTree@@QAE@XZ 10007cd0 f i Culling.obj
 0001:00006fe0       ??8SRenderState@SpeedTree@@QBE_NABU01@@Z 10007fe0 f i Culling.obj
 0001:00007920       ??9SRenderState@SpeedTree@@QBE_NABU01@@Z 10008920 f i Culling.obj
 0001:00007950       ?IsPerPixelModelActive@SRenderState@SpeedTree@@QBE_NXZ 10008950 f i Culling.obj
 0001:00007990       ?IsLightingModelInTransition@SRenderState@SpeedTree@@QBE_NXZ 10008990 f i Culling.obj
 0001:000079b0       ?VertexShaderHashName@SRenderState@SpeedTree@@QBE?AV?$CBasicFixedString@$0BAA@@2@ABVCWind@2@W4EShadowConfig@12@@Z 100089b0 f i Culling.obj
 0001:000081d0       ?Get5xModeHashName@SpeedTree@@YA?AV?$CBasicFixedString@$0BAA@@1@ABUSRenderState@1@@Z 100091d0 f i Culling.obj
 0001:00008350       ?Base36@SpeedTree@@YA?AV?$CBasicFixedString@$0BAA@@1@I@Z 10009350 f i Culling.obj
 0001:00008560       ?WindStateHashName@SRenderState@SpeedTree@@QBE?AV?$CBasicFixedString@$0BAA@@2@ABVCWind@2@@Z 10009560 f i Culling.obj
 0001:00008ad0       ?PixelShaderHashName@SRenderState@SpeedTree@@QBE?AV?$CBasicFixedString@$0BAA@@2@W4EShadowConfig@12@@Z 10009ad0 f i Culling.obj
 0001:000090b0       ?GetPixelProperties@SRenderState@SpeedTree@@QBEXQA_N@Z 1000a0b0 f i Culling.obj
 0001:000093f0       ?GetInstanceType@SRenderState@SpeedTree@@QBE?AW4EInstanceType@SVertexDecl@2@XZ 1000a3f0 f i Culling.obj
 0001:00009490       ?ShaderGenHasFixedDecls@SRenderState@SpeedTree@@QBE_NXZ 1000a490 f i Culling.obj
 0001:000094e0       ?ShaderGenerationMode@SRenderState@SpeedTree@@QBE?AW4EShaderGenerationMode@2@XZ 1000a4e0 f i Culling.obj
 0001:00009500       ?IsTextureLayerPresent@SRenderState@SpeedTree@@QBE_NW4ETextureLayer@2@@Z 1000a500 f i Culling.obj
 0001:00009550       ?VertexDeclHash@SRenderState@SpeedTree@@ABE?AV?$CBasicFixedString@$0BAA@@2@XZ 1000a550 f i Culling.obj
 0001:00009630       ?PixelDeclHash@SRenderState@SpeedTree@@ABE?AV?$CBasicFixedString@$0BAA@@2@XZ 1000a630 f i Culling.obj
 0001:00009750       ?IsBranchWindEnabled@SRenderState@SpeedTree@@QBE_NXZ 1000a750 f i Culling.obj
 0001:000097d0       ?IsGlobalWindEnabled@SRenderState@SpeedTree@@QBE_NXZ 1000a7d0 f i Culling.obj
 0001:000097f0       ?IsFullWindEnabled@SRenderState@SpeedTree@@QBE_NXZ 1000a7f0 f i Culling.obj
 0001:00009840       ?MakeDepthOnly@SRenderState@SpeedTree@@QAEXXZ 1000a840 f i Culling.obj
 0001:00009890       ?MakeShadowCast@SRenderState@SpeedTree@@QAEXXZ 1000a890 f i Culling.obj
 0001:000098f0       ?HasOnlyBranches@SRenderState@SpeedTree@@QBE_NXZ 1000a8f0 f i Culling.obj
 0001:00009960       ?HasOnlyFronds@SRenderState@SpeedTree@@QBE_NXZ 1000a960 f i Culling.obj
 0001:000099d0       ?HasOnlyLeaves@SRenderState@SpeedTree@@QBE_N_N0@Z 1000a9d0 f i Culling.obj
 0001:00009b40       ?HasOnlyRigidMeshes@SRenderState@SpeedTree@@QBE_NXZ 1000ab40 f i Culling.obj
 0001:00009bb0       ??0SVerticalBillboards@SpeedTree@@QAE@XZ 1000abb0 f i Culling.obj
 0001:00009c30       ??1SVerticalBillboards@SpeedTree@@QAE@XZ 1000ac30 f i Culling.obj
 0001:00009c40       ??0SHorizontalBillboard@SpeedTree@@QAE@XZ 1000ac40 f i Culling.obj
 0001:00009cf0       ??1SHorizontalBillboard@SpeedTree@@QAE@XZ 1000acf0 f i Culling.obj
 0001:00009d00       ??0SCollisionObject@SpeedTree@@QAE@XZ 1000ad00 f i Culling.obj
 0001:00009d70       ??1SCollisionObject@SpeedTree@@QAE@XZ 1000ad70 f i Culling.obj
 0001:00009d80       ??0SDrawCall@SpeedTree@@QAE@XZ 1000ad80 f i Culling.obj
 0001:00009e00       ??1SDrawCall@SpeedTree@@QAE@XZ 1000ae00 f i Culling.obj
 0001:00009e10       ??0SBone@SpeedTree@@QAE@XZ 1000ae10 f i Culling.obj
 0001:00009ea0       ??0SLod@SpeedTree@@QAE@XZ  1000aea0 f i Culling.obj
 0001:00009f00       ??1SLod@SpeedTree@@QAE@XZ  1000af00 f i Culling.obj
 0001:00009f10       ??0SGeometry@SpeedTree@@QAE@XZ 1000af10 f i Culling.obj
 0001:0000a010       ??1SGeometry@SpeedTree@@QAE@XZ 1000b010 f i Culling.obj
 0001:0000a070       ?GetProperty@SDrawCall@SpeedTree@@QBE_NU?$Enumeration@W4EVertexPropertyUntyped@SpeedTree@@D@2@HQAM@Z 1000b070 f i Culling.obj
 0001:0000a260       ?GetProperty@SDrawCall@SpeedTree@@QBE_NU?$Enumeration@W4EVertexPropertyUntyped@SpeedTree@@D@2@HQAVst_float16@2@@Z 1000b260 f i Culling.obj
 0001:0000a470       ?GetProperty@SDrawCall@SpeedTree@@QBE_NU?$Enumeration@W4EVertexPropertyUntyped@SpeedTree@@D@2@HQAE@Z 1000b470 f i Culling.obj
 0001:0000a550       ?SetProperty@SDrawCall@SpeedTree@@QAE_NU?$Enumeration@W4EVertexPropertyUntyped@SpeedTree@@D@2@HQBM@Z 1000b550 f i Culling.obj
 0001:0000a630       ?SetProperty@SDrawCall@SpeedTree@@QAE_NU?$Enumeration@W4EVertexPropertyUntyped@SpeedTree@@D@2@HQBVst_float16@2@@Z 1000b630 f i Culling.obj
 0001:0000a710       ?SetProperty@SDrawCall@SpeedTree@@QAE_NU?$Enumeration@W4EVertexPropertyUntyped@SpeedTree@@D@2@HQBE@Z 1000b710 f i Culling.obj
 0001:0000a7f0       ??0SAttribute@SVertexDecl@SpeedTree@@QAE@XZ 1000b7f0 f i Culling.obj
 0001:0000a880       ?IsUsed@SAttribute@SVertexDecl@SpeedTree@@QBE_NXZ 1000b880 f i Culling.obj
 0001:0000a8d0       ?NumEmptyComponents@SAttribute@SVertexDecl@SpeedTree@@QBEHXZ 1000b8d0 f i Culling.obj
 0001:0000a930       ?NumUsedComponents@SAttribute@SVertexDecl@SpeedTree@@QBEHXZ 1000b930 f i Culling.obj
 0001:0000a950       ?Size@SAttribute@SVertexDecl@SpeedTree@@QBEHXZ 1000b950 f i Culling.obj
 0001:0000a9a0       ?Clear@SAttribute@SVertexDecl@SpeedTree@@QAEXXZ 1000b9a0 f i Culling.obj
 0001:0000aa00       ?FirstFreeComponent@SAttribute@SVertexDecl@SpeedTree@@QBE?AU?$Enumeration@W4EVertexComponentUntyped@SpeedTree@@D@3@XZ 1000ba00 f i Culling.obj
 0001:0000aa50       ??0SProperty@SVertexDecl@SpeedTree@@QAE@XZ 1000ba50 f i Culling.obj
 0001:0000ab10       ?IsPresent@SProperty@SVertexDecl@SpeedTree@@QBE_NXZ 1000bb10 f i Culling.obj
 0001:0000ab70       ?IsContiguous@SProperty@SVertexDecl@SpeedTree@@QBE_NXZ 1000bb70 f i Culling.obj
 0001:0000ac60       ?NumComponents@SProperty@SVertexDecl@SpeedTree@@QBEHXZ 1000bc60 f i Culling.obj
 0001:0000acb0       ??0SVertexDecl@SpeedTree@@QAE@XZ 1000bcb0 f i Culling.obj
 0001:0000ad30       ??9SVertexDecl@SpeedTree@@QBE_NABU01@@Z 1000bd30 f i Culling.obj
 0001:0000ad60       ??MSVertexDecl@SpeedTree@@QBE_NABU01@@Z 1000bd60 f i Culling.obj
 0001:0000ad90       ?FormatName@SVertexDecl@SpeedTree@@SAPBDU?$Enumeration@W4EVertexFormatUntyped@SpeedTree@@D@2@@Z 1000bd90 f i Culling.obj
 0001:0000adc0       ?FormatSize@SVertexDecl@SpeedTree@@SAHU?$Enumeration@W4EVertexFormatUntyped@SpeedTree@@D@2@@Z 1000bdc0 f i Culling.obj
 0001:0000adf0       ?AttributeName@SVertexDecl@SpeedTree@@SAPBDU?$Enumeration@W4EVertexAttributeUntyped@SpeedTree@@D@2@@Z 1000bdf0 f i Culling.obj
 0001:0000ae80       ?GetDescription@SVertexDecl@SpeedTree@@QBEXAAV?$CBasicString@$00@2@@Z 1000be80 f i Culling.obj
 0001:0000b120       ??_G?$CArray@D$00@SpeedTree@@UAEPAXI@Z 1000c120 f i Culling.obj
 0001:0000b170       ??_E?$CArray@D$00@SpeedTree@@UAEPAXI@Z 1000c170 f i Culling.obj
 0001:0000b200       ??_G?$CBasicString@$00@SpeedTree@@UAEPAXI@Z 1000c200 f i Culling.obj
 0001:0000b230       ??_E?$CBasicString@$00@SpeedTree@@UAEPAXI@Z 1000c230 f i Culling.obj
 0001:0000b2a0       ?MergeObjectAndInstanceVertexDecls@SVertexDecl@SpeedTree@@SA_NAAU12@ABU12@W4EInstanceType@12@@Z 1000c2a0 f i Culling.obj
 0001:0000b400       ?Set@SVertexDecl@SpeedTree@@QAE_NPBUSAttribDesc@12@@Z 1000c400 f i Culling.obj
 0001:0000b5a0       ??_H@YGXPAXIHP6EPAX0@Z@Z   1000c5a0 f i Culling.obj
 0001:0000b5d0       ??4CTimer@SpeedTree@@QAEAAV01@ABV01@@Z 1000c5d0 f i Culling.obj
 0001:0000b600       ??_FCTimer@SpeedTree@@QAEXXZ 1000c600 f i Culling.obj
 0001:0000b620       ??0CTimer@SpeedTree@@QAE@_N@Z 1000c620 f i Culling.obj
 0001:0000b6a0       ?Start@CTimer@SpeedTree@@QAEXXZ 1000c6a0 f i Culling.obj
 0001:0000b6d0       ?Stop@CTimer@SpeedTree@@QBEMXZ 1000c6d0 f i Culling.obj
 0001:0000b720       ?GetMicroSec@CTimer@SpeedTree@@QBEMXZ 1000c720 f i Culling.obj
 0001:0000b770       ?GetMilliSec@CTimer@SpeedTree@@QBEMXZ 1000c770 f i Culling.obj
 0001:0000b7c0       ?GetSec@CTimer@SpeedTree@@QBEMXZ 1000c7c0 f i Culling.obj
 0001:0000b800       ?Mark@CTimer@SpeedTree@@QAEXH@Z 1000c800 f i Culling.obj
 0001:0000b840       ?Recall@CTimer@SpeedTree@@QAEMH@Z 1000c840 f i Culling.obj
 0001:0000b870       ??_G?$CArray@PAUSNode@CScopeTrace@SpeedTree@@$00@SpeedTree@@UAEPAXI@Z 1000c870 f i Culling.obj
 0001:0000b8c0       ??_E?$CArray@PAUSNode@CScopeTrace@SpeedTree@@$00@SpeedTree@@UAEPAXI@Z 1000c8c0 f i Culling.obj
 0001:0000b950       ??4CScopeTrace@SpeedTree@@QAEAAV01@ABV01@@Z 1000c950 f i Culling.obj
 0001:0000b960       ??0CScopeTrace@SpeedTree@@QAE@PBD@Z 1000c960 f i Culling.obj
 0001:0000b970       ??1CScopeTrace@SpeedTree@@QAE@XZ 1000c970 f i Culling.obj
 0001:0000b980       ?Init@CScopeTrace@SpeedTree@@SAXXZ 1000c980 f i Culling.obj
 0001:0000b990       ?Start@CScopeTrace@SpeedTree@@SAXXZ 1000c990 f i Culling.obj
 0001:0000b9a0       ?IsActive@CScopeTrace@SpeedTree@@SA_NXZ 1000c9a0 f i Culling.obj
 0001:0000b9b0       ?Stop@CScopeTrace@SpeedTree@@SAXXZ 1000c9b0 f i Culling.obj
 0001:0000b9c0       ?Report@CScopeTrace@SpeedTree@@SAXW4EReportFormat@12@AAV?$CBasicString@$00@2@PAUSNode@12@@Z 1000c9c0 f i Culling.obj
 0001:0000b9d0       ??4SHeapReserves@SpeedTree@@QAEAAU01@ABU01@@Z 1000c9d0 f i Culling.obj
 0001:0000ba00       ??4SInstance@SpeedTree@@QAEAAU01@ABU01@@Z 1000ca00 f i Culling.obj
 0001:0000ba30       ??4STreeInstance@SpeedTree@@QAEAAU01@ABU01@@Z 1000ca30 f i Culling.obj
 0001:0000ba60       ??0?$CBlockPool@$00@SpeedTree@@QAE@ABV01@@Z 1000ca60 f i Culling.obj
 0001:0000bac0       ??_G?$CBlockPool@$00@SpeedTree@@UAEPAXI@Z 1000cac0 f i Culling.obj
 0001:0000bb00       ??_E?$CBlockPool@$00@SpeedTree@@UAEPAXI@Z 1000cb00 f i Culling.obj
 0001:0000bb80       ??_F?$CMap@PBVCCore@SpeedTree@@V?$CArray@USInstance@SpeedTree@@$00@2@V?$CLess@PBVCCore@SpeedTree@@@2@$00@SpeedTree@@QAEXXZ 1000cb80 f i Culling.obj
 0001:0000bba0       ??_G?$CMap@PBVCCore@SpeedTree@@V?$CArray@USInstance@SpeedTree@@$00@2@V?$CLess@PBVCCore@SpeedTree@@@2@$00@SpeedTree@@UAEPAXI@Z 1000cba0 f i Culling.obj
 0001:0000bc30       ??_E?$CMap@PBVCCore@SpeedTree@@V?$CArray@USInstance@SpeedTree@@$00@2@V?$CLess@PBVCCore@SpeedTree@@@2@$00@SpeedTree@@UAEPAXI@Z 1000cc30 f i Culling.obj
 0001:0000bd00       ??_G?$CArray@PBUSTreeInstance@SpeedTree@@$00@SpeedTree@@UAEPAXI@Z 1000cd00 f i Culling.obj
 0001:0000bd50       ??_E?$CArray@PBUSTreeInstance@SpeedTree@@$00@SpeedTree@@UAEPAXI@Z 1000cd50 f i Culling.obj
 0001:0000bde0       ??_G?$CArray@USInstance@SpeedTree@@$00@SpeedTree@@UAEPAXI@Z 1000cde0 f i Culling.obj
 0001:0000be30       ??_E?$CArray@USInstance@SpeedTree@@$00@SpeedTree@@UAEPAXI@Z 1000ce30 f i Culling.obj
 0001:0000bec0       ??4S3dTreeInstanceLod@SpeedTree@@QAEAAU01@ABU01@@Z 1000cec0 f i Culling.obj
 0001:0000bf00       ??_G?$CArray@US3dTreeInstanceLod@SpeedTree@@$00@SpeedTree@@UAEPAXI@Z 1000cf00 f i Culling.obj
 0001:0000bf50       ??_E?$CArray@US3dTreeInstanceLod@SpeedTree@@$00@SpeedTree@@UAEPAXI@Z 1000cf50 f i Culling.obj
 0001:0000bfe0       ??_G?$CArray@PAUSInstance@SpeedTree@@$00@SpeedTree@@UAEPAXI@Z 1000cfe0 f i Culling.obj
 0001:0000c030       ??_E?$CArray@PAUSInstance@SpeedTree@@$00@SpeedTree@@UAEPAXI@Z 1000d030 f i Culling.obj
 0001:0000c0c0       ??1SDetailedCullData@SpeedTree@@QAE@XZ 1000d0c0 f i Culling.obj
 0001:0000c170       ??0SDetailedCullData@SpeedTree@@QAE@ABU01@@Z 1000d170 f i Culling.obj
 0001:0000c2a0       ??4SDetailedCullData@SpeedTree@@QAEAAU01@ABU01@@Z 1000d2a0 f i Culling.obj
 0001:0000c310       ??_G?$CArray@VCCell@SpeedTree@@$00@SpeedTree@@UAEPAXI@Z 1000d310 f i Culling.obj
 0001:0000c360       ??_E?$CArray@VCCell@SpeedTree@@$00@SpeedTree@@UAEPAXI@Z 1000d360 f i Culling.obj
 0001:0000c3f0       ??1CView@SpeedTree@@QAE@XZ 1000d3f0 f i Culling.obj
 0001:0000c400       ??4CView@SpeedTree@@QAEAAV01@ABV01@@Z 1000d400 f i Culling.obj
 0001:0000c6a0       ??_G?$CArray@PAUSHeapBlock@?$CCellHeapMgr@VCCell@SpeedTree@@@SpeedTree@@$00@SpeedTree@@UAEPAXI@Z 1000d6a0 f i Culling.obj
 0001:0000c6f0       ??_E?$CArray@PAUSHeapBlock@?$CCellHeapMgr@VCCell@SpeedTree@@@SpeedTree@@$00@SpeedTree@@UAEPAXI@Z 1000d6f0 f i Culling.obj
 0001:0000c780       ??_G?$CArray@PAVCCell@SpeedTree@@$00@SpeedTree@@UAEPAXI@Z 1000d780 f i Culling.obj
 0001:0000c7d0       ??_E?$CArray@PAVCCell@SpeedTree@@$00@SpeedTree@@UAEPAXI@Z 1000d7d0 f i Culling.obj
 0001:0000c860       ??0?$CCellHeapMgr@VCCell@SpeedTree@@@SpeedTree@@QAE@ABV01@@Z 1000d860 f i Culling.obj
 0001:0000c990       ??4?$CCellHeapMgr@VCCell@SpeedTree@@@SpeedTree@@QAEAAV01@ABV01@@Z 1000d990 f i Culling.obj
 0001:0000ca00       ??_F?$CMap@USRowCol@SpeedTree@@PAVCCell@2@V?$CLess@USRowCol@SpeedTree@@@2@$00@SpeedTree@@QAEXXZ 1000da00 f i Culling.obj
 0001:0000ca20       ??_G?$CMap@USRowCol@SpeedTree@@PAVCCell@2@V?$CLess@USRowCol@SpeedTree@@@2@$00@SpeedTree@@UAEPAXI@Z 1000da20 f i Culling.obj
 0001:0000cab0       ??_E?$CMap@USRowCol@SpeedTree@@PAVCCell@2@V?$CLess@USRowCol@SpeedTree@@@2@$00@SpeedTree@@UAEPAXI@Z 1000dab0 f i Culling.obj
 0001:0000cb80       ??_G?$CArray@USDetailedCullData@SpeedTree@@$00@SpeedTree@@UAEPAXI@Z 1000db80 f i Culling.obj
 0001:0000cbf0       ??_E?$CArray@USDetailedCullData@SpeedTree@@$00@SpeedTree@@UAEPAXI@Z 1000dbf0 f i Culling.obj
 0001:0000cca0       ??0CVisibleInstances@SpeedTree@@QAE@ABV01@@Z 1000dca0 f i Culling.obj
 0001:0000ce90       ??4CVisibleInstances@SpeedTree@@QAEAAV01@ABV01@@Z 1000de90 f i Culling.obj
 0001:0000cfe0       ??_FCVisibleInstances@SpeedTree@@QAEXXZ 1000dfe0 f i Culling.obj
 0001:0000d000       ??_GCVisibleInstances@SpeedTree@@UAEPAXI@Z 1000e000 f i Culling.obj
 0001:0000d030       ??_ECVisibleInstances@SpeedTree@@UAEPAXI@Z 1000e030 f i Culling.obj
 0001:0000d0a0       ??0CForest@SpeedTree@@QAE@ABV01@@Z 1000e0a0 f i Culling.obj
 0001:0000d170       ??4CForest@SpeedTree@@QAEAAV01@ABV01@@Z 1000e170 f i Culling.obj
 0001:0000d240       ??_GCForest@SpeedTree@@UAEPAXI@Z 1000e240 f i Culling.obj
 0001:0000d270       ??_ECForest@SpeedTree@@UAEPAXI@Z 1000e270 f i Culling.obj
 0001:0000d2e0       ??0SHeapReserves@SpeedTree@@QAE@XZ 1000e2e0 f i Culling.obj
 0001:0000d340       ??0CView@SpeedTree@@QAE@XZ 1000e340 f i Culling.obj
 0001:0000d670       ?SetLodRefPoint@CView@SpeedTree@@QAEXABVVec3@2@@Z 1000e670 f i Culling.obj
 0001:0000d6a0       ?GetCameraPos@CView@SpeedTree@@QBEABVVec3@2@XZ 1000e6a0 f i Culling.obj
 0001:0000d6b0       ?GetLodRefPoint@CView@SpeedTree@@QBEABVVec3@2@XZ 1000e6b0 f i Culling.obj
 0001:0000d6d0       ?GetProjection@CView@SpeedTree@@QBEABVMat4x4@2@XZ 1000e6d0 f i Culling.obj
 0001:0000d6f0       ?GetModelview@CView@SpeedTree@@QBEABVMat4x4@2@XZ 1000e6f0 f i Culling.obj
 0001:0000d710       ?GetModelviewNoTranslate@CView@SpeedTree@@QBEABVMat4x4@2@XZ 1000e710 f i Culling.obj
 0001:0000d730       ?GetNearClip@CView@SpeedTree@@QBEMXZ 1000e730 f i Culling.obj
 0001:0000d750       ?GetFarClip@CView@SpeedTree@@QBEMXZ 1000e750 f i Culling.obj
 0001:0000d770       ?GetCameraDir@CView@SpeedTree@@QBEABVVec3@2@XZ 1000e770 f i Culling.obj
 0001:0000d790       ?GetComposite@CView@SpeedTree@@QBEABVMat4x4@2@XZ 1000e790 f i Culling.obj
 0001:0000d7b0       ?GetCompositeNoTranslate@CView@SpeedTree@@QBEABVMat4x4@2@XZ 1000e7b0 f i Culling.obj
 0001:0000d7d0       ?GetProjectionInverse@CView@SpeedTree@@QBEABVMat4x4@2@XZ 1000e7d0 f i Culling.obj
 0001:0000d7f0       ?GetCameraAzimuth@CView@SpeedTree@@QBEMXZ 1000e7f0 f i Culling.obj
 0001:0000d810       ?GetCameraPitch@CView@SpeedTree@@QBEMXZ 1000e810 f i Culling.obj
 0001:0000d830       ?GetFrustumPoints@CView@SpeedTree@@QBEPBVVec3@2@XZ 1000e830 f i Culling.obj
 0001:0000d850       ?GetFrustumPlanes@CView@SpeedTree@@QBEPBVVec4@2@XZ 1000e850 f i Culling.obj
 0001:0000d870       ?GetFrustumExtents@CView@SpeedTree@@QBEABVCExtents@2@XZ 1000e870 f i Culling.obj
 0001:0000d890       ?GetCameraFacingMatrix@CView@SpeedTree@@QBEABVMat4x4@2@XZ 1000e890 f i Culling.obj
 0001:0000d8b0       ?SetHorzBillboardFadeAngles@CView@SpeedTree@@QAEXMM@Z 1000e8b0 f i Culling.obj
 0001:0000d8e0       ?GetHorzBillboardFadeAngles@CView@SpeedTree@@QBEXAAM0@Z 1000e8e0 f i Culling.obj
 0001:0000d910       ?GetHorzBillboardFadeValue@CView@SpeedTree@@QBEMXZ 1000e910 f i Culling.obj
 0001:0000d930       ?WindEnable@CForest@SpeedTree@@QAEX_N@Z 1000e930 f i Culling.obj
 0001:0000d950       ?WindIsEnabled@CForest@SpeedTree@@QBE_NXZ 1000e950 f i Culling.obj
 0001:0000d970       ?WindEnableGusting@CForest@SpeedTree@@QAEXABV?$CArray@PAVCCore@SpeedTree@@$00@2@_N@Z 1000e970 f i Culling.obj
 0001:0000d9d0       ??_G?$CArray@PAVCCore@SpeedTree@@$00@SpeedTree@@UAEPAXI@Z 1000e9d0 f i Culling.obj
 0001:0000da20       ??_E?$CArray@PAVCCore@SpeedTree@@$00@SpeedTree@@UAEPAXI@Z 1000ea20 f i Culling.obj
 0001:0000dab0       ?WindIsGustingEnabled@CForest@SpeedTree@@QBE_NXZ 1000eab0 f i Culling.obj
 0001:0000dad0       ?WindAdvance@CForest@SpeedTree@@UAEXABV?$CArray@PAVCCore@SpeedTree@@$00@2@M@Z 1000ead0 f i Culling.obj
 0001:0000db40       ?WindPreroll@CForest@SpeedTree@@QAEXABV?$CArray@PAVCCore@SpeedTree@@$00@2@M@Z 1000eb40 f i Culling.obj
 0001:0000dbf0       ?WindSetStrength@CForest@SpeedTree@@QAEXABV?$CArray@PAVCCore@SpeedTree@@$00@2@M@Z 1000ebf0 f i Culling.obj
 0001:0000dc50       ?WindSetInitDirection@CForest@SpeedTree@@QAEXABV?$CArray@PAVCCore@SpeedTree@@$00@2@ABVVec3@2@@Z 1000ec50 f i Culling.obj
 0001:0000dcb0       ?WindSetDirection@CForest@SpeedTree@@QAEXABV?$CArray@PAVCCore@SpeedTree@@$00@2@ABVVec3@2@@Z 1000ecb0 f i Culling.obj
 0001:0000dd20       ?WindGetGlobalTime@CForest@SpeedTree@@QBEMXZ 1000ed20 f i Culling.obj
 0001:0000dd40       ?FrameEnd@CForest@SpeedTree@@QAEXXZ 1000ed40 f i Culling.obj
 0001:0000dd70       ?GetFrameIndex@CForest@SpeedTree@@QBEHXZ 1000ed70 f i Culling.obj
 0001:0000dd90       ?SetLightDir@CForest@SpeedTree@@QAEXABVVec3@2@@Z 1000ed90 f i Culling.obj
 0001:0000de20       ?GetLightDir@CForest@SpeedTree@@QBEABVVec3@2@XZ 1000ee20 f i Culling.obj
 0001:0000de40       ?LightDirChanged@CForest@SpeedTree@@QBE_NXZ 1000ee40 f i Culling.obj
 0001:0000de60       ?SetCascadedShadowMapDistances@CForest@SpeedTree@@QAEXQBMM@Z 1000ee60 f i Culling.obj
 0001:0000deb0       ?GetCascadedShadowMapDistances@CForest@SpeedTree@@QBEPBMXZ 1000eeb0 f i Culling.obj
 0001:0000ded0       ?SetShadowFadePercentage@CForest@SpeedTree@@QAEXM@Z 1000eed0 f i Culling.obj
 0001:0000def0       ?GetShadowFadePercentage@CForest@SpeedTree@@QBEMXZ 1000eef0 f i Culling.obj
 0001:0000df10       ??4?$CHeapAllocCheck@V?$CArray@PBUSTreeInstance@SpeedTree@@$00@SpeedTree@@@SpeedTree@@QAEAAV01@ABV01@@Z 1000ef10 f i Culling.obj
 0001:0000df20       ??4?$CHeapAllocCheck@V?$CArray@USInstance@SpeedTree@@$00@SpeedTree@@@SpeedTree@@QAEAAV01@ABV01@@Z 1000ef20 f i Culling.obj
 0001:0000df30       ??0SDetailedCullData@SpeedTree@@QAE@XZ 1000ef30 f i Culling.obj
 0001:0000dff0       ??0CVisibleInstances@SpeedTree@@QAE@W4EPopulationType@1@_N@Z 1000eff0 f i Culling.obj
 0001:0000e1e0       ??1CVisibleInstances@SpeedTree@@UAE@XZ 1000f1e0 f i Culling.obj
 0001:0000e320       ?SetHeapReserves@CVisibleInstances@SpeedTree@@UAEXABUSHeapReserves@2@@Z 1000f320 f i Culling.obj
 0001:0000e440       ?SetCellSize@CVisibleInstances@SpeedTree@@QAEXM@Z 1000f440 f i Culling.obj
 0001:0000e460       ?Clear@CVisibleInstances@SpeedTree@@QAEXXZ 1000f460 f i Culling.obj
 0001:0000e480       ?RoughCells@CVisibleInstances@SpeedTree@@QAEAAV?$CArray@VCCell@SpeedTree@@$00@2@XZ 1000f480 f i Culling.obj
 0001:0000e4a0       ?VisibleCells@CVisibleInstances@SpeedTree@@QBEABV?$CMap@USRowCol@SpeedTree@@PAVCCell@2@V?$CLess@USRowCol@SpeedTree@@@2@$00@2@XZ 1000f4a0 f i Culling.obj
 0001:0000e4c0       ?NewlyVisibleCells@CVisibleInstances@SpeedTree@@QAEAAV?$CArray@PAVCCell@SpeedTree@@$00@2@XZ 1000f4c0 f i Culling.obj
 0001:0000e4e0       ?GetExtentsAsRowCols@CVisibleInstances@SpeedTree@@QBEXAAH000@Z 1000f4e0 f i Culling.obj
 0001:0000e530       ?NotifyOfPopulationChange@CVisibleInstances@SpeedTree@@UAEXXZ 1000f530 f i Culling.obj
 0001:0000e6a0       ??4iterator_base@?$CMap@USRowCol@SpeedTree@@PAVCCell@2@V?$CLess@USRowCol@SpeedTree@@@2@$00@SpeedTree@@QAEAAV012@ABV012@@Z 1000f6a0 f i Culling.obj
 0001:0000e6c0       ??_Fiterator_base@?$CMap@USRowCol@SpeedTree@@PAVCCell@2@V?$CLess@USRowCol@SpeedTree@@@2@$00@SpeedTree@@QAEXXZ 1000f6c0 f i Culling.obj
 0001:0000e6e0       ??4const_iterator@?$CMap@USRowCol@SpeedTree@@PAVCCell@2@V?$CLess@USRowCol@SpeedTree@@@2@$00@SpeedTree@@QAEAAV012@ABV012@@Z 1000f6e0 f i Culling.obj
 0001:0000e700       ??_Fconst_iterator@?$CMap@USRowCol@SpeedTree@@PAVCCell@2@V?$CLess@USRowCol@SpeedTree@@@2@$00@SpeedTree@@QAEXXZ 1000f700 f i Culling.obj
 0001:0000e720       ??4iterator@?$CMap@USRowCol@SpeedTree@@PAVCCell@2@V?$CLess@USRowCol@SpeedTree@@@2@$00@SpeedTree@@QAEAAV012@ABV012@@Z 1000f720 f i Culling.obj
 0001:0000e740       ??_Fiterator@?$CMap@USRowCol@SpeedTree@@PAVCCell@2@V?$CLess@USRowCol@SpeedTree@@@2@$00@SpeedTree@@QAEXXZ 1000f740 f i Culling.obj
 0001:0000e760       ?Get3dInstanceLods@CVisibleInstances@SpeedTree@@QBEABV?$CArray@USDetailedCullData@SpeedTree@@$00@2@XZ 1000f760 f i Culling.obj
 0001:0000e780       ?GetInstaceLodArrayByBase@CVisibleInstances@SpeedTree@@IAEPAUSDetailedCullData@2@PBVCCore@2@@Z 1000f780 f i Culling.obj
 0001:0000e890       ??4?$CHeapAllocCheck@V?$CArray@USDetailedCullData@SpeedTree@@$00@SpeedTree@@@SpeedTree@@QAEAAV01@ABV01@@Z 1000f890 f i Culling.obj
 0001:0000e8a0       ??0SInstance@SpeedTree@@QAE@XZ 1000f8a0 f i Culling.obj
 0001:0000e920       ??0STreeInstance@SpeedTree@@QAE@XZ 1000f920 f i Culling.obj
 0001:0000e980       ?ComputeCullParameters@STreeInstance@SpeedTree@@QAEXXZ 1000f980 f i Culling.obj
 0001:0000eae0       ??_G?$CBasicFixedString@$0IAA@@SpeedTree@@UAEPAXI@Z 1000fae0 f i Culling.obj
 0001:0000eb10       ??_E?$CBasicFixedString@$0IAA@@SpeedTree@@UAEPAXI@Z 1000fb10 f i Culling.obj
 0001:0000eb80       ??_G?$CArray@V?$CBasicFixedString@$0BAA@@SpeedTree@@$00@SpeedTree@@UAEPAXI@Z 1000fb80 f i Culling.obj
 0001:0000ebd0       ??_E?$CArray@V?$CBasicFixedString@$0BAA@@SpeedTree@@$00@SpeedTree@@UAEPAXI@Z 1000fbd0 f i Culling.obj
 0001:0000ec60       ?ComputeFrustumExtents@@YAXAAVCExtents@SpeedTree@@ABVCView@2@M@Z 1000fc60 f   Culling.obj
 0001:0000ed30       ?RoughCullCells@CVisibleInstances@SpeedTree@@QAE_NABVCView@2@HM@Z 1000fd30 f   Culling.obj
 0001:0000ef90       ?ComputeCellCoords@SpeedTree@@YAXABVVec3@1@MAAH1@Z 1000ff90 f i Culling.obj
 0001:0000f020       ?CellInFrustum@@YA?AW4ECullStatus@SpeedTree@@PBVVec4@2@ABVVec3@2@M@Z 10010020 f   Culling.obj
 0001:0000f050       ?FrustumCullsObject_DetailedSphere@SpeedTree@@YA?AW4ECullStatus@1@QBVVec4@1@ABVVec3@1@M@Z 10010050 f i Culling.obj
 0001:0000f100       ?FineCullTreeCells@CVisibleInstances@SpeedTree@@QAE_NABVCView@2@H@Z 10010100 f   Culling.obj
 0001:0000f4c0       ?FindCellByRowCol@@YAPAVCCell@SpeedTree@@AAV?$CMap@USRowCol@SpeedTree@@PAVCCell@2@V?$CLess@USRowCol@SpeedTree@@@2@$00@2@ABUSRowCol@2@@Z 100104c0 f i Culling.obj
 0001:0000f560       ??4?$CHeapAllocCheck@V?$CArray@PAVCCell@SpeedTree@@$00@SpeedTree@@@SpeedTree@@QAEAAV01@ABV01@@Z 10010560 f i Culling.obj
 0001:0000f570       ?FineCullGrassCells@CVisibleInstances@SpeedTree@@QAE_NABVCView@2@HM@Z 10010570 f   Culling.obj
 0001:0000fa90       ?Cull3dTreesAndComputeLod@CVisibleInstances@SpeedTree@@UAEXABVCView@2@@Z 10010a90 f   Culling.obj
 0001:00010080       ?FrustumCullsObject_SimpleSphere@SpeedTree@@YA_NQBVVec4@1@ABVVec3@1@M@Z 10011080 f i Culling.obj
 0001:00010110       ??4?$CHeapAllocCheck@V?$CArray@US3dTreeInstanceLod@SpeedTree@@$00@SpeedTree@@@SpeedTree@@QAEAAV01@ABV01@@Z 10011110 f i Culling.obj
 0001:00010120       ??4iterator_base@?$CMap@PBVCCore@SpeedTree@@V?$CArray@USInstance@SpeedTree@@$00@2@V?$CLess@PBVCCore@SpeedTree@@@2@$00@SpeedTree@@QAEAAV012@ABV012@@Z 10011120 f i Culling.obj
 0001:00010140       ??_Fiterator_base@?$CMap@PBVCCore@SpeedTree@@V?$CArray@USInstance@SpeedTree@@$00@2@V?$CLess@PBVCCore@SpeedTree@@@2@$00@SpeedTree@@QAEXXZ 10011140 f i Culling.obj
 0001:00010160       ??4const_iterator@?$CMap@PBVCCore@SpeedTree@@V?$CArray@USInstance@SpeedTree@@$00@2@V?$CLess@PBVCCore@SpeedTree@@@2@$00@SpeedTree@@QAEAAV012@ABV012@@Z 10011160 f i Culling.obj
 0001:00010180       ??_Fconst_iterator@?$CMap@PBVCCore@SpeedTree@@V?$CArray@USInstance@SpeedTree@@$00@2@V?$CLess@PBVCCore@SpeedTree@@@2@$00@SpeedTree@@QAEXXZ 10011180 f i Culling.obj
 0001:000101a0       ??4iterator@?$CMap@PBVCCore@SpeedTree@@V?$CArray@USInstance@SpeedTree@@$00@2@V?$CLess@PBVCCore@SpeedTree@@@2@$00@SpeedTree@@QAEAAV012@ABV012@@Z 100111a0 f i Culling.obj
 0001:000101c0       ??_Fiterator@?$CMap@PBVCCore@SpeedTree@@V?$CArray@USInstance@SpeedTree@@$00@2@V?$CLess@PBVCCore@SpeedTree@@@2@$00@SpeedTree@@QAEXXZ 100111c0 f i Culling.obj
 0001:000101e0       ??0?$CPaddedPtr@$$CBD@SpeedTree@@QAE@PBD@Z 100111e0 f i Culling.obj
 0001:00010210       ??1?$CPaddedPtr@$$CBD@SpeedTree@@QAE@XZ 10011210 f i Culling.obj
 0001:00010220       ??B?$CPaddedPtr@$$CBD@SpeedTree@@QBEPBDXZ 10011220 f i Culling.obj
 0001:00010230       ??4?$CPaddedPtr@$$CBD@SpeedTree@@QAEPBDPBD@Z 10011230 f i Culling.obj
 0001:00010250       ??0?$CPaddedPtr@USRenderState@SpeedTree@@@SpeedTree@@QAE@PAUSRenderState@1@@Z 10011250 f i Culling.obj
 0001:00010280       ??1?$CPaddedPtr@USRenderState@SpeedTree@@@SpeedTree@@QAE@XZ 10011280 f i Culling.obj
 0001:00010290       ??C?$CPaddedPtr@USRenderState@SpeedTree@@@SpeedTree@@QAEPAUSRenderState@1@XZ 10011290 f i Culling.obj
 0001:000102a0       ??C?$CPaddedPtr@USRenderState@SpeedTree@@@SpeedTree@@QBEPBUSRenderState@1@XZ 100112a0 f i Culling.obj
 0001:000102b0       ??0?$CPaddedPtr@E@SpeedTree@@QAE@PAE@Z 100112b0 f i Culling.obj
 0001:000102e0       ??1?$CPaddedPtr@E@SpeedTree@@QAE@XZ 100112e0 f i Culling.obj
 0001:000102f0       ??B?$CPaddedPtr@E@SpeedTree@@QAEPAEXZ 100112f0 f i Culling.obj
 0001:00010300       ??B?$CPaddedPtr@E@SpeedTree@@QBEPBEXZ 10011300 f i Culling.obj
 0001:00010310       ??0?$CPaddedPtr@USDrawCall@SpeedTree@@@SpeedTree@@QAE@PAUSDrawCall@1@@Z 10011310 f i Culling.obj
 0001:00010340       ??1?$CPaddedPtr@USDrawCall@SpeedTree@@@SpeedTree@@QAE@XZ 10011340 f i Culling.obj
 0001:00010350       ??0?$CPaddedPtr@USBone@SpeedTree@@@SpeedTree@@QAE@PAUSBone@1@@Z 10011350 f i Culling.obj
 0001:00010380       ??1?$CPaddedPtr@USBone@SpeedTree@@@SpeedTree@@QAE@XZ 10011380 f i Culling.obj
 0001:00010390       ??0?$CPaddedPtr@USLod@SpeedTree@@@SpeedTree@@QAE@PAUSLod@1@@Z 10011390 f i Culling.obj
 0001:000103c0       ??1?$CPaddedPtr@USLod@SpeedTree@@@SpeedTree@@QAE@XZ 100113c0 f i Culling.obj
 0001:000103d0       ??0?$CHeapAllocCheck@V?$CArray@PBUSTreeInstance@SpeedTree@@$00@SpeedTree@@@SpeedTree@@QAE@ABV?$CArray@PBUSTreeInstance@SpeedTree@@$00@1@W4ESdkLimit@1@PBDH@Z 100113d0 f i Culling.obj
 0001:000103e0       ??0?$CHeapAllocCheck@V?$CArray@USInstance@SpeedTree@@$00@SpeedTree@@@SpeedTree@@QAE@ABV?$CArray@USInstance@SpeedTree@@$00@1@W4ESdkLimit@1@PBDH@Z 100113e0 f i Culling.obj
 0001:000103f0       ??0?$CHeapAllocCheck@V?$CArray@USDetailedCullData@SpeedTree@@$00@SpeedTree@@@SpeedTree@@QAE@ABV?$CArray@USDetailedCullData@SpeedTree@@$00@1@W4ESdkLimit@1@PBDH@Z 100113f0 f i Culling.obj
 0001:00010400       ??0?$CHeapAllocCheck@V?$CArray@PAVCCell@SpeedTree@@$00@SpeedTree@@@SpeedTree@@QAE@ABV?$CArray@PAVCCell@SpeedTree@@$00@1@W4ESdkLimit@1@PBDH@Z 10011400 f i Culling.obj
 0001:00010410       ??0?$CHeapAllocCheck@V?$CArray@US3dTreeInstanceLod@SpeedTree@@$00@SpeedTree@@@SpeedTree@@QAE@ABV?$CArray@US3dTreeInstanceLod@SpeedTree@@$00@1@W4ESdkLimit@1@PBDH@Z 10011410 f i Culling.obj
 0001:00010420       ??0?$Enumeration@W4EVertexFormatUntyped@SpeedTree@@D@SpeedTree@@QAE@W4EVertexFormatUntyped@1@@Z 10011420 f i Culling.obj
 0001:00010440       ??0?$Enumeration@W4EVertexFormatUntyped@SpeedTree@@D@SpeedTree@@QAE@XZ 10011440 f i Culling.obj
 0001:00010460       ??B?$Enumeration@W4EVertexFormatUntyped@SpeedTree@@D@SpeedTree@@QBE?AW4EVertexFormatUntyped@1@XZ 10011460 f i Culling.obj
 0001:00010480       ??0?$Enumeration@W4EVertexPropertyUntyped@SpeedTree@@D@SpeedTree@@QAE@W4EVertexPropertyUntyped@1@@Z 10011480 f i Culling.obj
 0001:000104a0       ??0?$Enumeration@W4EVertexPropertyUntyped@SpeedTree@@D@SpeedTree@@QAE@XZ 100114a0 f i Culling.obj
 0001:000104c0       ??B?$Enumeration@W4EVertexPropertyUntyped@SpeedTree@@D@SpeedTree@@QBE?AW4EVertexPropertyUntyped@1@XZ 100114c0 f i Culling.obj
 0001:000104e0       ??0?$Enumeration@W4EVertexComponentUntyped@SpeedTree@@D@SpeedTree@@QAE@H@Z 100114e0 f i Culling.obj
 0001:00010500       ??0?$Enumeration@W4EVertexComponentUntyped@SpeedTree@@D@SpeedTree@@QAE@W4EVertexComponentUntyped@1@@Z 10011500 f i Culling.obj
 0001:00010520       ??0?$Enumeration@W4EVertexComponentUntyped@SpeedTree@@D@SpeedTree@@QAE@XZ 10011520 f i Culling.obj
 0001:00010540       ??B?$Enumeration@W4EVertexComponentUntyped@SpeedTree@@D@SpeedTree@@QBE?AW4EVertexComponentUntyped@1@XZ 10011540 f i Culling.obj
 0001:00010560       ??0?$Enumeration@W4EVertexAttributeUntyped@SpeedTree@@D@SpeedTree@@QAE@H@Z 10011560 f i Culling.obj
 0001:00010580       ??0?$Enumeration@W4EVertexAttributeUntyped@SpeedTree@@D@SpeedTree@@QAE@W4EVertexAttributeUntyped@1@@Z 10011580 f i Culling.obj
 0001:000105a0       ??0?$Enumeration@W4EVertexAttributeUntyped@SpeedTree@@D@SpeedTree@@QAE@XZ 100115a0 f i Culling.obj
 0001:000105c0       ??B?$Enumeration@W4EVertexAttributeUntyped@SpeedTree@@D@SpeedTree@@QBE?AW4EVertexAttributeUntyped@1@XZ 100115c0 f i Culling.obj
 0001:000105e0       ??0?$CBasicFixedString@$0BAA@@SpeedTree@@QAE@PBD@Z 100115e0 f i Culling.obj
 0001:00010610       ??0?$CBasicFixedString@$0BAA@@SpeedTree@@QAE@ABV01@@Z 10011610 f i Culling.obj
 0001:00010640       ??0?$CBasicFixedString@$0BAA@@SpeedTree@@QAE@XZ 10011640 f i Culling.obj
 0001:00010670       ??1?$CBasicFixedString@$0BAA@@SpeedTree@@UAE@XZ 10011670 f i Culling.obj
 0001:00010690       ?empty@?$CBasicFixedString@$0BAA@@SpeedTree@@QBE_NXZ 10011690 f i Culling.obj
 0001:000106b0       ?c_str@?$CBasicFixedString@$0BAA@@SpeedTree@@QBEPBDXZ 100116b0 f i Culling.obj
 0001:000106d0       ?find@?$CBasicFixedString@$0BAA@@SpeedTree@@QBEIDI@Z 100116d0 f i Culling.obj
 0001:00010730       ??Y?$CBasicFixedString@$0BAA@@SpeedTree@@QAEXABV01@@Z 10011730 f i Culling.obj
 0001:00010790       ??Y?$CBasicFixedString@$0BAA@@SpeedTree@@QAEXPBD@Z 10011790 f i Culling.obj
 0001:00010800       ??H?$CBasicFixedString@$0BAA@@SpeedTree@@QBE?AV01@ABV01@@Z 10011800 f i Culling.obj
 0001:000108d0       ??H?$CBasicFixedString@$0BAA@@SpeedTree@@QBE?AV01@PBD@Z 100118d0 f i Culling.obj
 0001:000109a0       ??4?$CBasicFixedString@$0BAA@@SpeedTree@@QAEAAV01@PBD@Z 100119a0 f i Culling.obj
 0001:00010a10       ??4?$CBasicFixedString@$0BAA@@SpeedTree@@QAEAAV01@ABV01@@Z 10011a10 f i Culling.obj
 0001:00010a70       ??A?$CBasicFixedString@$0BAA@@SpeedTree@@QBEABDI@Z 10011a70 f i Culling.obj
 0001:00010a90       ?Format@?$CBasicFixedString@$0BAA@@SpeedTree@@SA?AV12@PBDZZ 10011a90 f i Culling.obj
 0001:00010b90       ?Extension@?$CBasicFixedString@$0BAA@@SpeedTree@@QBE?AV12@D@Z 10011b90 f i Culling.obj
 0001:00010d30       ??1?$CArray@D$00@SpeedTree@@UAE@XZ 10011d30 f i Culling.obj
 0001:00010d70       ??1?$CBasicString@$00@SpeedTree@@UAE@XZ 10011d70 f i Culling.obj
 0001:00010df0       ??Y?$CBasicString@$00@SpeedTree@@QAEXABV01@@Z 10011df0 f i Culling.obj
 0001:00010e70       ?Format@?$CBasicString@$00@SpeedTree@@SA?AV12@PBDZZ 10011e70 f i Culling.obj
 0001:00010f00       ??0?$CArray@PAUSNode@CScopeTrace@SpeedTree@@$00@SpeedTree@@QAE@XZ 10011f00 f i Culling.obj
 0001:00010f50       ??1?$CArray@PAUSNode@CScopeTrace@SpeedTree@@$00@SpeedTree@@UAE@XZ 10011f50 f i Culling.obj
 0001:00010f90       ?size@?$CArray@PAUSNode@CScopeTrace@SpeedTree@@$00@SpeedTree@@QBEIXZ 10011f90 f i Culling.obj
 0001:00010fb0       ??A?$CArray@PAUSNode@CScopeTrace@SpeedTree@@$00@SpeedTree@@QAEAAPAUSNode@CScopeTrace@1@I@Z 10011fb0 f i Culling.obj
 0001:00010fd0       ??1?$CBlockPool@$00@SpeedTree@@UAE@XZ 10011fd0 f i Culling.obj
 0001:00011000       ??0?$CMap@PBVCCore@SpeedTree@@V?$CArray@USInstance@SpeedTree@@$00@2@V?$CLess@PBVCCore@SpeedTree@@@2@$00@SpeedTree@@QAE@I@Z 10012000 f i Culling.obj
 0001:00011080       ??1?$CMap@PBVCCore@SpeedTree@@V?$CArray@USInstance@SpeedTree@@$00@2@V?$CLess@PBVCCore@SpeedTree@@@2@$00@SpeedTree@@UAE@XZ 10012080 f i Culling.obj
 0001:00011100       ?clear@?$CMap@PBVCCore@SpeedTree@@V?$CArray@USInstance@SpeedTree@@$00@2@V?$CLess@PBVCCore@SpeedTree@@@2@$00@SpeedTree@@QAEXXZ 10012100 f i Culling.obj
 0001:00011170       ??A?$CMap@PBVCCore@SpeedTree@@V?$CArray@USInstance@SpeedTree@@$00@2@V?$CLess@PBVCCore@SpeedTree@@@2@$00@SpeedTree@@QAEAAV?$CArray@USInstance@SpeedTree@@$00@1@ABQBVCCore@1@@Z 10012170 f i Culling.obj
 0001:000113d0       ?end@?$CMap@PBVCCore@SpeedTree@@V?$CArray@USInstance@SpeedTree@@$00@2@V?$CLess@PBVCCore@SpeedTree@@@2@$00@SpeedTree@@QAE?AViterator@12@XZ 100123d0 f i Culling.obj
 0001:00011400       ?find@?$CMap@PBVCCore@SpeedTree@@V?$CArray@USInstance@SpeedTree@@$00@2@V?$CLess@PBVCCore@SpeedTree@@@2@$00@SpeedTree@@QBE?AViterator@12@ABQBVCCore@2@@Z 10012400 f i Culling.obj
 0001:00011500       ??0?$CArray@PBUSTreeInstance@SpeedTree@@$00@SpeedTree@@QAE@XZ 10012500 f i Culling.obj
 0001:00011550       ??1?$CArray@PBUSTreeInstance@SpeedTree@@$00@SpeedTree@@UAE@XZ 10012550 f i Culling.obj
 0001:00011590       ?size@?$CArray@PBUSTreeInstance@SpeedTree@@$00@SpeedTree@@QBEIXZ 10012590 f i Culling.obj
 0001:000115b0       ?resize@?$CArray@PBUSTreeInstance@SpeedTree@@$00@SpeedTree@@QAE_NI@Z 100125b0 f i Culling.obj
 0001:000115f0       ??A?$CArray@PBUSTreeInstance@SpeedTree@@$00@SpeedTree@@QBEABQBUSTreeInstance@1@I@Z 100125f0 f i Culling.obj
 0001:00011610       ??A?$CArray@PBUSTreeInstance@SpeedTree@@$00@SpeedTree@@QAEAAPBUSTreeInstance@1@I@Z 10012610 f i Culling.obj
 0001:00011630       ?SetHeapDescription@?$CArray@PBUSTreeInstance@SpeedTree@@$00@SpeedTree@@QAEXPBD@Z 10012630 f i Culling.obj
 0001:00011650       ??0?$CArray@USInstance@SpeedTree@@$00@SpeedTree@@QAE@XZ 10012650 f i Culling.obj
 0001:000116a0       ??1?$CArray@USInstance@SpeedTree@@$00@SpeedTree@@UAE@XZ 100126a0 f i Culling.obj
 0001:000116e0       ?clear@?$CArray@USInstance@SpeedTree@@$00@SpeedTree@@QAEXXZ 100126e0 f i Culling.obj
 0001:00011770       ?size@?$CArray@USInstance@SpeedTree@@$00@SpeedTree@@QBEIXZ 10012770 f i Culling.obj
 0001:00011790       ?resize@?$CArray@USInstance@SpeedTree@@$00@SpeedTree@@QAE_NI@Z 10012790 f i Culling.obj
 0001:000117d0       ??A?$CArray@USInstance@SpeedTree@@$00@SpeedTree@@QAEAAUSInstance@1@I@Z 100127d0 f i Culling.obj
 0001:000117f0       ?SetHeapDescription@?$CArray@USInstance@SpeedTree@@$00@SpeedTree@@QAEXPBD@Z 100127f0 f i Culling.obj
 0001:00011810       ??0?$CArray@US3dTreeInstanceLod@SpeedTree@@$00@SpeedTree@@QAE@ABV01@@Z 10012810 f i Culling.obj
 0001:00011860       ??0?$CArray@US3dTreeInstanceLod@SpeedTree@@$00@SpeedTree@@QAE@XZ 10012860 f i Culling.obj
 0001:000118b0       ??1?$CArray@US3dTreeInstanceLod@SpeedTree@@$00@SpeedTree@@UAE@XZ 100128b0 f i Culling.obj
 0001:000118f0       ?resize@?$CArray@US3dTreeInstanceLod@SpeedTree@@$00@SpeedTree@@QAE_NI@Z 100128f0 f i Culling.obj
 0001:00011930       ?push_back@?$CArray@US3dTreeInstanceLod@SpeedTree@@$00@SpeedTree@@QAE_NABUS3dTreeInstanceLod@2@@Z 10012930 f i Culling.obj
 0001:00011a20       ??4?$CArray@US3dTreeInstanceLod@SpeedTree@@$00@SpeedTree@@QAEAAV01@ABV01@@Z 10012a20 f i Culling.obj
 0001:00011b70       ??0?$CArray@PAUSInstance@SpeedTree@@$00@SpeedTree@@QAE@ABV01@@Z 10012b70 f i Culling.obj
 0001:00011bc0       ??0?$CArray@PAUSInstance@SpeedTree@@$00@SpeedTree@@QAE@XZ 10012bc0 f i Culling.obj
 0001:00011c10       ??1?$CArray@PAUSInstance@SpeedTree@@$00@SpeedTree@@UAE@XZ 10012c10 f i Culling.obj
 0001:00011c50       ??4?$CArray@PAUSInstance@SpeedTree@@$00@SpeedTree@@QAEAAV01@ABV01@@Z 10012c50 f i Culling.obj
 0001:00011d90       ??0?$CArray@VCCell@SpeedTree@@$00@SpeedTree@@QAE@ABV01@@Z 10012d90 f i Culling.obj
 0001:00011de0       ??0?$CArray@VCCell@SpeedTree@@$00@SpeedTree@@QAE@XZ 10012de0 f i Culling.obj
 0001:00011e30       ??1?$CArray@VCCell@SpeedTree@@$00@SpeedTree@@UAE@XZ 10012e30 f i Culling.obj
 0001:00011e70       ?empty@?$CArray@VCCell@SpeedTree@@$00@SpeedTree@@QBE_NXZ 10012e70 f i Culling.obj
 0001:00011e90       ?size@?$CArray@VCCell@SpeedTree@@$00@SpeedTree@@QBEIXZ 10012e90 f i Culling.obj
 0001:00011eb0       ?resize@?$CArray@VCCell@SpeedTree@@$00@SpeedTree@@QAE_NI@Z 10012eb0 f i Culling.obj
 0001:00011f00       ?reserve@?$CArray@VCCell@SpeedTree@@$00@SpeedTree@@QAE_NI@Z 10012f00 f i Culling.obj
 0001:00012040       ??A?$CArray@VCCell@SpeedTree@@$00@SpeedTree@@QAEAAVCCell@1@I@Z 10013040 f i Culling.obj
 0001:00012060       ??4?$CArray@VCCell@SpeedTree@@$00@SpeedTree@@QAEAAV01@ABV01@@Z 10013060 f i Culling.obj
 0001:000121f0       ?SetHeapDescription@?$CArray@VCCell@SpeedTree@@$00@SpeedTree@@QAEXPBD@Z 100131f0 f i Culling.obj
 0001:00012210       ??0?$CArray@PAUSHeapBlock@?$CCellHeapMgr@VCCell@SpeedTree@@@SpeedTree@@$00@SpeedTree@@QAE@ABV01@@Z 10013210 f i Culling.obj
 0001:00012260       ??1?$CArray@PAUSHeapBlock@?$CCellHeapMgr@VCCell@SpeedTree@@@SpeedTree@@$00@SpeedTree@@UAE@XZ 10013260 f i Culling.obj
 0001:000122a0       ??4?$CArray@PAUSHeapBlock@?$CCellHeapMgr@VCCell@SpeedTree@@@SpeedTree@@$00@SpeedTree@@QAEAAV01@ABV01@@Z 100132a0 f i Culling.obj
 0001:000123e0       ??0?$CArray@PAVCCell@SpeedTree@@$00@SpeedTree@@QAE@ABV01@@Z 100133e0 f i Culling.obj
 0001:00012430       ??0?$CArray@PAVCCell@SpeedTree@@$00@SpeedTree@@QAE@XZ 10013430 f i Culling.obj
 0001:00012480       ??1?$CArray@PAVCCell@SpeedTree@@$00@SpeedTree@@UAE@XZ 10013480 f i Culling.obj
 0001:000124c0       ?resize@?$CArray@PAVCCell@SpeedTree@@$00@SpeedTree@@QAE_NI@Z 100134c0 f i Culling.obj
 0001:00012500       ?reserve@?$CArray@PAVCCell@SpeedTree@@$00@SpeedTree@@QAE_NI@Z 10013500 f i Culling.obj
 0001:00012600       ?push_back@?$CArray@PAVCCell@SpeedTree@@$00@SpeedTree@@QAE_NABQAVCCell@2@@Z 10013600 f i Culling.obj
 0001:000126c0       ??4?$CArray@PAVCCell@SpeedTree@@$00@SpeedTree@@QAEAAV01@ABV01@@Z 100136c0 f i Culling.obj
 0001:00012800       ?SetHeapDescription@?$CArray@PAVCCell@SpeedTree@@$00@SpeedTree@@QAEXPBD@Z 10013800 f i Culling.obj
 0001:00012820       ??0?$CCellHeapMgr@VCCell@SpeedTree@@@SpeedTree@@QAE@W4EPopulationType@1@@Z 10013820 f i Culling.obj
 0001:000128f0       ??1?$CCellHeapMgr@VCCell@SpeedTree@@@SpeedTree@@QAE@XZ 100138f0 f i Culling.obj
 0001:00012a00       ?Init@?$CCellHeapMgr@VCCell@SpeedTree@@@SpeedTree@@QAEXHH@Z 10013a00 f i Culling.obj
 0001:00012a30       ?CheckOut@?$CCellHeapMgr@VCCell@SpeedTree@@@SpeedTree@@QAEPAVCCell@2@XZ 10013a30 f i Culling.obj
 0001:00012ba0       ?CheckIn@?$CCellHeapMgr@VCCell@SpeedTree@@@SpeedTree@@QAEXPAVCCell@2@@Z 10013ba0 f i Culling.obj
 0001:00012bc0       ??0?$CMap@USRowCol@SpeedTree@@PAVCCell@2@V?$CLess@USRowCol@SpeedTree@@@2@$00@SpeedTree@@QAE@ABV01@@Z 10013bc0 f i Culling.obj
 0001:00012cb0       ??0?$CMap@USRowCol@SpeedTree@@PAVCCell@2@V?$CLess@USRowCol@SpeedTree@@@2@$00@SpeedTree@@QAE@I@Z 10013cb0 f i Culling.obj
 0001:00012d30       ??1?$CMap@USRowCol@SpeedTree@@PAVCCell@2@V?$CLess@USRowCol@SpeedTree@@@2@$00@SpeedTree@@UAE@XZ 10013d30 f i Culling.obj
 0001:00012db0       ?clear@?$CMap@USRowCol@SpeedTree@@PAVCCell@2@V?$CLess@USRowCol@SpeedTree@@@2@$00@SpeedTree@@QAEXXZ 10013db0 f i Culling.obj
 0001:00012e20       ??A?$CMap@USRowCol@SpeedTree@@PAVCCell@2@V?$CLess@USRowCol@SpeedTree@@@2@$00@SpeedTree@@QAEAAPAVCCell@1@ABUSRowCol@1@@Z 10013e20 f i Culling.obj
 0001:00013110       ??4?$CMap@USRowCol@SpeedTree@@PAVCCell@2@V?$CLess@USRowCol@SpeedTree@@@2@$00@SpeedTree@@QAEAAV01@ABV01@@Z 10014110 f i Culling.obj
 0001:00013a70       ?begin@?$CMap@USRowCol@SpeedTree@@PAVCCell@2@V?$CLess@USRowCol@SpeedTree@@@2@$00@SpeedTree@@QAE?AViterator@12@XZ 10014a70 f i Culling.obj
 0001:00013b20       ?end@?$CMap@USRowCol@SpeedTree@@PAVCCell@2@V?$CLess@USRowCol@SpeedTree@@@2@$00@SpeedTree@@QAE?AViterator@12@XZ 10014b20 f i Culling.obj
 0001:00013b50       ?find@?$CMap@USRowCol@SpeedTree@@PAVCCell@2@V?$CLess@USRowCol@SpeedTree@@@2@$00@SpeedTree@@QBE?AViterator@12@ABUSRowCol@2@@Z 10014b50 f i Culling.obj
 0001:00013ca0       ?erase@?$CMap@USRowCol@SpeedTree@@PAVCCell@2@V?$CLess@USRowCol@SpeedTree@@@2@$00@SpeedTree@@QAE?AViterator@12@V312@@Z 10014ca0 f i Culling.obj
 0001:00014d80       ?SetHeapDescription@?$CMap@USRowCol@SpeedTree@@PAVCCell@2@V?$CLess@USRowCol@SpeedTree@@@2@$00@SpeedTree@@QAEXPBD@Z 10015d80 f i Culling.obj
 0001:00014da0       ??0?$CArray@USDetailedCullData@SpeedTree@@$00@SpeedTree@@QAE@ABV01@@Z 10015da0 f i Culling.obj
 0001:00014df0       ??0?$CArray@USDetailedCullData@SpeedTree@@$00@SpeedTree@@QAE@XZ 10015df0 f i Culling.obj
 0001:00014e40       ??1?$CArray@USDetailedCullData@SpeedTree@@$00@SpeedTree@@UAE@XZ 10015e40 f i Culling.obj
 0001:00014e90       ?clear@?$CArray@USDetailedCullData@SpeedTree@@$00@SpeedTree@@QAEXXZ 10015e90 f i Culling.obj
 0001:00014f50       ?size@?$CArray@USDetailedCullData@SpeedTree@@$00@SpeedTree@@QBEIXZ 10015f50 f i Culling.obj
 0001:00014f70       ?resize@?$CArray@USDetailedCullData@SpeedTree@@$00@SpeedTree@@QAE_NI@Z 10015f70 f i Culling.obj
 0001:00014fc0       ?back@?$CArray@USDetailedCullData@SpeedTree@@$00@SpeedTree@@QAEAAUSDetailedCullData@2@XZ 10015fc0 f i Culling.obj
 0001:00014fe0       ??A?$CArray@USDetailedCullData@SpeedTree@@$00@SpeedTree@@QAEAAUSDetailedCullData@1@I@Z 10015fe0 f i Culling.obj
 0001:00015000       ??4?$CArray@USDetailedCullData@SpeedTree@@$00@SpeedTree@@QAEAAV01@ABV01@@Z 10016000 f i Culling.obj
 0001:00015190       ?SetHeapDescription@?$CArray@USDetailedCullData@SpeedTree@@$00@SpeedTree@@QAEXPBD@Z 10016190 f i Culling.obj
 0001:000151b0       ??1?$CArray@PAVCCore@SpeedTree@@$00@SpeedTree@@UAE@XZ 100161b0 f i Culling.obj
 0001:000151f0       ?size@?$CArray@PAVCCore@SpeedTree@@$00@SpeedTree@@QBEIXZ 100161f0 f i Culling.obj
 0001:00015210       ??A?$CArray@PAVCCore@SpeedTree@@$00@SpeedTree@@QBEABQAVCCore@1@I@Z 10016210 f i Culling.obj
 0001:00015230       ??9iterator_base@?$CMap@USRowCol@SpeedTree@@PAVCCell@2@V?$CLess@USRowCol@SpeedTree@@@2@$00@SpeedTree@@QBE_NABV012@@Z 10016230 f i Culling.obj
 0001:00015250       ??Eiterator_base@?$CMap@USRowCol@SpeedTree@@PAVCCell@2@V?$CLess@USRowCol@SpeedTree@@@2@$00@SpeedTree@@QAEAAV012@XZ 10016250 f i Culling.obj
 0001:00015430       ??0iterator_base@?$CMap@USRowCol@SpeedTree@@PAVCCell@2@V?$CLess@USRowCol@SpeedTree@@@2@$00@SpeedTree@@IAE@PAXPBV?$CBlockPool@$00@2@@Z 10016430 f i Culling.obj
 0001:00015460       ??0const_iterator@?$CMap@USRowCol@SpeedTree@@PAVCCell@2@V?$CLess@USRowCol@SpeedTree@@@2@$00@SpeedTree@@QAE@ABViterator@12@@Z 10016460 f i Culling.obj
 0001:000154a0       ??0const_iterator@?$CMap@USRowCol@SpeedTree@@PAVCCell@2@V?$CLess@USRowCol@SpeedTree@@@2@$00@SpeedTree@@QAE@PAXPBV?$CBlockPool@$00@2@@Z 100164a0 f i Culling.obj
 0001:000154d0       ??Cconst_iterator@?$CMap@USRowCol@SpeedTree@@PAVCCell@2@V?$CLess@USRowCol@SpeedTree@@@2@$00@SpeedTree@@QBEPBVCNode@12@XZ 100164d0 f i Culling.obj
 0001:00015520       ??0iterator@?$CMap@USRowCol@SpeedTree@@PAVCCell@2@V?$CLess@USRowCol@SpeedTree@@@2@$00@SpeedTree@@QAE@ABV012@@Z 10016520 f i Culling.obj
 0001:00015560       ??0iterator@?$CMap@USRowCol@SpeedTree@@PAVCCell@2@V?$CLess@USRowCol@SpeedTree@@@2@$00@SpeedTree@@QAE@PAXPBV?$CBlockPool@$00@2@@Z 10016560 f i Culling.obj
 0001:00015590       ??Citerator@?$CMap@USRowCol@SpeedTree@@PAVCCell@2@V?$CLess@USRowCol@SpeedTree@@@2@$00@SpeedTree@@QBEPAVCNode@12@XZ 10016590 f i Culling.obj
 0001:000155e0       ??0?$CBasicFixedString@$0IAA@@SpeedTree@@QAE@PBD@Z 100165e0 f i Culling.obj
 0001:00015610       ??1?$CBasicFixedString@$0IAA@@SpeedTree@@UAE@XZ 10016610 f i Culling.obj
 0001:00015630       ?c_str@?$CBasicFixedString@$0IAA@@SpeedTree@@QBEPBDXZ 10016630 f i Culling.obj
 0001:00015650       ??1?$CArray@V?$CBasicFixedString@$0BAA@@SpeedTree@@$00@SpeedTree@@UAE@XZ 10016650 f i Culling.obj
 0001:00015690       ?push_back@?$CArray@V?$CBasicFixedString@$0BAA@@SpeedTree@@$00@SpeedTree@@QAE_NABV?$CBasicFixedString@$0BAA@@2@@Z 10016690 f i Culling.obj
 0001:00015760       ??9iterator_base@?$CMap@PBVCCore@SpeedTree@@V?$CArray@USInstance@SpeedTree@@$00@2@V?$CLess@PBVCCore@SpeedTree@@@2@$00@SpeedTree@@QBE_NABV012@@Z 10016760 f i Culling.obj
 0001:00015780       ??0iterator_base@?$CMap@PBVCCore@SpeedTree@@V?$CArray@USInstance@SpeedTree@@$00@2@V?$CLess@PBVCCore@SpeedTree@@@2@$00@SpeedTree@@IAE@PAXPBV?$CBlockPool@$00@2@@Z 10016780 f i Culling.obj
 0001:000157b0       ??0const_iterator@?$CMap@PBVCCore@SpeedTree@@V?$CArray@USInstance@SpeedTree@@$00@2@V?$CLess@PBVCCore@SpeedTree@@@2@$00@SpeedTree@@QAE@ABViterator@12@@Z 100167b0 f i Culling.obj
 0001:000157f0       ??0const_iterator@?$CMap@PBVCCore@SpeedTree@@V?$CArray@USInstance@SpeedTree@@$00@2@V?$CLess@PBVCCore@SpeedTree@@@2@$00@SpeedTree@@QAE@PAXPBV?$CBlockPool@$00@2@@Z 100167f0 f i Culling.obj
 0001:00015820       ??0iterator@?$CMap@PBVCCore@SpeedTree@@V?$CArray@USInstance@SpeedTree@@$00@2@V?$CLess@PBVCCore@SpeedTree@@@2@$00@SpeedTree@@QAE@PAXPBV?$CBlockPool@$00@2@@Z 10016820 f i Culling.obj
 0001:00015850       ??4CCell@SpeedTree@@QAEAAV01@ABV01@@Z 10016850 f i Culling.obj
 0001:00015930       ??1SHeapBlock@?$CCellHeapMgr@VCCell@SpeedTree@@@SpeedTree@@QAE@XZ 10016930 f i Culling.obj
 0001:000159d0       ??0SHeapBlock@?$CCellHeapMgr@VCCell@SpeedTree@@@SpeedTree@@QAE@ABU012@@Z 100169d0 f i Culling.obj
 0001:00015aa0       ??4SHeapBlock@?$CCellHeapMgr@VCCell@SpeedTree@@@SpeedTree@@QAEAAU012@ABU012@@Z 10016aa0 f i Culling.obj
 0001:00015ad0       ??4?$CHeapAllocCheck@V?$CArray@PAUSHeapBlock@?$CCellHeapMgr@VCCell@SpeedTree@@@SpeedTree@@$00@SpeedTree@@@SpeedTree@@QAEAAV01@ABV01@@Z 10016ad0 f i Culling.obj
 0001:00015ae0       ??_G?$CArray@PAX$00@SpeedTree@@UAEPAXI@Z 10016ae0 f i Culling.obj
 0001:00015b30       ??_E?$CArray@PAX$00@SpeedTree@@UAEPAXI@Z 10016b30 f i Culling.obj
 0001:00015bc0       ??0?$CHeapAllocCheck@V?$CArray@PAUSHeapBlock@?$CCellHeapMgr@VCCell@SpeedTree@@@SpeedTree@@$00@SpeedTree@@@SpeedTree@@QAE@ABV?$CArray@PAUSHeapBlock@?$CCellHeapMgr@VCCell@SpeedTree@@@SpeedTree@@$00@1@W4ESdkLimit@1@PBDH@Z 10016bc0 f i Culling.obj
 0001:00015bd0       ?resize@?$CBasicFixedString@$0BAA@@SpeedTree@@QAE_NI@Z 10016bd0 f i Culling.obj
 0001:00015c20       ?clear@?$CArray@D$00@SpeedTree@@QAEXXZ 10016c20 f i Culling.obj
 0001:00015cb0       ?reserve@?$CArray@D$00@SpeedTree@@QAE_NI@Z 10016cb0 f i Culling.obj
 0001:00015db0       ?SetExternalMemory@?$CArray@D$00@SpeedTree@@QAEXPAEI@Z 10016db0 f i Culling.obj
 0001:00015e60       ??0?$CBasicString@$00@SpeedTree@@QAE@PBD@Z 10016e60 f i Culling.obj
 0001:00015f10       ?clear@?$CArray@PAUSNode@CScopeTrace@SpeedTree@@$00@SpeedTree@@QAEXXZ 10016f10 f i Culling.obj
 0001:00015fa0       ?SetExternalMemory@?$CArray@PAUSNode@CScopeTrace@SpeedTree@@$00@SpeedTree@@QAEXPAEI@Z 10016fa0 f i Culling.obj
 0001:00016050       ??0?$CBlockPool@$00@SpeedTree@@QAE@II@Z 10017050 f i Culling.obj
 0001:000160b0       ?size@?$CBlockPool@$00@SpeedTree@@QBEIXZ 100170b0 f i Culling.obj
 0001:000160d0       ?clear@?$CBlockPool@$00@SpeedTree@@QAEX_N@Z 100170d0 f i Culling.obj
 0001:00016190       ?DeleteChildren@CNode@?$CMap@PBVCCore@SpeedTree@@V?$CArray@USInstance@SpeedTree@@$00@2@V?$CLess@PBVCCore@SpeedTree@@@2@$00@SpeedTree@@AAEXPAV23@@Z 10017190 f i Culling.obj
 0001:00016240       ??4?$CMap@PBVCCore@SpeedTree@@V?$CArray@USInstance@SpeedTree@@$00@2@V?$CLess@PBVCCore@SpeedTree@@@2@$00@SpeedTree@@QAEAAV01@ABV01@@Z 10017240 f i Culling.obj
 0001:00016b90       ?Rebalance@?$CMap@PBVCCore@SpeedTree@@V?$CArray@USInstance@SpeedTree@@$00@2@V?$CLess@PBVCCore@SpeedTree@@@2@$00@SpeedTree@@IAEXPAX@Z 10017b90 f i Culling.obj
 0001:000177b0       ?Allocate@?$CMap@PBVCCore@SpeedTree@@V?$CArray@USInstance@SpeedTree@@$00@2@V?$CLess@PBVCCore@SpeedTree@@@2@$00@SpeedTree@@IAEPAXABQBVCCore@2@PAX@Z 100187b0 f i Culling.obj
 0001:00017890       ?Deallocate@?$CMap@PBVCCore@SpeedTree@@V?$CArray@USInstance@SpeedTree@@$00@2@V?$CLess@PBVCCore@SpeedTree@@@2@$00@SpeedTree@@IAEXAAPAX@Z 10018890 f i Culling.obj
 0001:00017920       ?Ptr@?$CMap@PBVCCore@SpeedTree@@V?$CArray@USInstance@SpeedTree@@$00@2@V?$CLess@PBVCCore@SpeedTree@@@2@$00@SpeedTree@@IBEPAVCNode@12@PAX@Z 10018920 f i Culling.obj
 0001:00017950       ?clear@?$CArray@PBUSTreeInstance@SpeedTree@@$00@SpeedTree@@QAEXXZ 10018950 f i Culling.obj
 0001:000179e0       ?reserve@?$CArray@PBUSTreeInstance@SpeedTree@@$00@SpeedTree@@QAE_NI@Z 100189e0 f i Culling.obj
 0001:00017ae0       ??4?$CArray@PBUSTreeInstance@SpeedTree@@$00@SpeedTree@@QAEAAV01@ABV01@@Z 10018ae0 f i Culling.obj
 0001:00017c20       ?SetExternalMemory@?$CArray@PBUSTreeInstance@SpeedTree@@$00@SpeedTree@@QAEXPAEI@Z 10018c20 f i Culling.obj
 0001:00017cd0       ??0?$CArray@USInstance@SpeedTree@@$00@SpeedTree@@QAE@ABV01@@Z 10018cd0 f i Culling.obj
 0001:00017d20       ?reserve@?$CArray@USInstance@SpeedTree@@$00@SpeedTree@@QAE_NI@Z 10018d20 f i Culling.obj
 0001:00017e20       ??4?$CArray@USInstance@SpeedTree@@$00@SpeedTree@@QAEAAV01@ABV01@@Z 10018e20 f i Culling.obj
 0001:00017f60       ?SetExternalMemory@?$CArray@USInstance@SpeedTree@@$00@SpeedTree@@QAEXPAEI@Z 10018f60 f i Culling.obj
 0001:00018070       ??3@YAXPAX0@Z              10019070 f i Culling.obj
 0001:00018080       ?Deallocate@?$CArray@USInstance@SpeedTree@@$00@SpeedTree@@IAEXPAUSInstance@2@@Z 10019080 f i Culling.obj
 0001:000180d0       ?clear@?$CArray@US3dTreeInstanceLod@SpeedTree@@$00@SpeedTree@@QAEXXZ 100190d0 f i Culling.obj
 0001:00018160       ?reserve@?$CArray@US3dTreeInstanceLod@SpeedTree@@$00@SpeedTree@@QAE_NI@Z 10019160 f i Culling.obj
 0001:00018270       ?SetExternalMemory@?$CArray@US3dTreeInstanceLod@SpeedTree@@$00@SpeedTree@@QAEXPAEI@Z 10019270 f i Culling.obj
 0001:00018330       ?Allocate@?$CArray@US3dTreeInstanceLod@SpeedTree@@$00@SpeedTree@@IAEPAUS3dTreeInstanceLod@2@I@Z 10019330 f i Culling.obj
 0001:000183b0       ?Deallocate@?$CArray@US3dTreeInstanceLod@SpeedTree@@$00@SpeedTree@@IAEXPAUS3dTreeInstanceLod@2@@Z 100193b0 f i Culling.obj
 0001:00018400       ?clear@?$CArray@PAUSInstance@SpeedTree@@$00@SpeedTree@@QAEXXZ 10019400 f i Culling.obj
 0001:00018490       ?SetExternalMemory@?$CArray@PAUSInstance@SpeedTree@@$00@SpeedTree@@QAEXPAEI@Z 10019490 f i Culling.obj
 0001:00018540       ?Allocate@?$CArray@PAUSInstance@SpeedTree@@$00@SpeedTree@@IAEPAPAUSInstance@2@I@Z 10019540 f i Culling.obj
 0001:000185c0       ?Deallocate@?$CArray@PAUSInstance@SpeedTree@@$00@SpeedTree@@IAEXPAPAUSInstance@2@@Z 100195c0 f i Culling.obj
 0001:00018610       ?clear@?$CArray@VCCell@SpeedTree@@$00@SpeedTree@@QAEXXZ 10019610 f i Culling.obj
 0001:000186a0       ?SetExternalMemory@?$CArray@VCCell@SpeedTree@@$00@SpeedTree@@QAEXPAEI@Z 100196a0 f i Culling.obj
 0001:000187e0       ??0CCell@SpeedTree@@QAE@XZ 100197e0 f i Culling.obj
 0001:00018910       ??1CCell@SpeedTree@@QAE@XZ 10019910 f i Culling.obj
 0001:00018a00       ?Allocate@?$CArray@VCCell@SpeedTree@@$00@SpeedTree@@IAEPAVCCell@2@I@Z 10019a00 f i Culling.obj
 0001:00018b10       ?Deallocate@?$CArray@VCCell@SpeedTree@@$00@SpeedTree@@IAEXPAVCCell@2@@Z 10019b10 f i Culling.obj
 0001:00018b70       ??0?$CArray@PAUSHeapBlock@?$CCellHeapMgr@VCCell@SpeedTree@@@SpeedTree@@$00@SpeedTree@@QAE@XZ 10019b70 f i Culling.obj
 0001:00018bc0       ?clear@?$CArray@PAUSHeapBlock@?$CCellHeapMgr@VCCell@SpeedTree@@@SpeedTree@@$00@SpeedTree@@QAEXXZ 10019bc0 f i Culling.obj
 0001:00018c50       ?size@?$CArray@PAUSHeapBlock@?$CCellHeapMgr@VCCell@SpeedTree@@@SpeedTree@@$00@SpeedTree@@QBEIXZ 10019c50 f i Culling.obj
 0001:00018c70       ??A?$CArray@PAUSHeapBlock@?$CCellHeapMgr@VCCell@SpeedTree@@@SpeedTree@@$00@SpeedTree@@QAEAAPAUSHeapBlock@?$CCellHeapMgr@VCCell@SpeedTree@@@1@I@Z 10019c70 f i Culling.obj
 0001:00018c90       ?SetExternalMemory@?$CArray@PAUSHeapBlock@?$CCellHeapMgr@VCCell@SpeedTree@@@SpeedTree@@$00@SpeedTree@@QAEXPAEI@Z 10019c90 f i Culling.obj
 0001:00018d40       ?SetHeapDescription@?$CArray@PAUSHeapBlock@?$CCellHeapMgr@VCCell@SpeedTree@@@SpeedTree@@$00@SpeedTree@@QAEXPBD@Z 10019d40 f i Culling.obj
 0001:00018d60       ?Allocate@?$CArray@PAUSHeapBlock@?$CCellHeapMgr@VCCell@SpeedTree@@@SpeedTree@@$00@SpeedTree@@IAEPAPAUSHeapBlock@?$CCellHeapMgr@VCCell@SpeedTree@@@2@I@Z 10019d60 f i Culling.obj
 0001:00018de0       ?Deallocate@?$CArray@PAUSHeapBlock@?$CCellHeapMgr@VCCell@SpeedTree@@@SpeedTree@@$00@SpeedTree@@IAEXPAPAUSHeapBlock@?$CCellHeapMgr@VCCell@SpeedTree@@@2@@Z 10019de0 f i Culling.obj
 0001:00018e30       ?clear@?$CArray@PAVCCell@SpeedTree@@$00@SpeedTree@@QAEXXZ 10019e30 f i Culling.obj
 0001:00018ec0       ?empty@?$CArray@PAVCCell@SpeedTree@@$00@SpeedTree@@QBE_NXZ 10019ec0 f i Culling.obj
 0001:00018ee0       ?pop_back@?$CArray@PAVCCell@SpeedTree@@$00@SpeedTree@@QAEXXZ 10019ee0 f i Culling.obj
 0001:00018f10       ?back@?$CArray@PAVCCell@SpeedTree@@$00@SpeedTree@@QAEAAPAVCCell@2@XZ 10019f10 f i Culling.obj
 0001:00018f30       ?SetExternalMemory@?$CArray@PAVCCell@SpeedTree@@$00@SpeedTree@@QAEXPAEI@Z 10019f30 f i Culling.obj
 0001:00018fe0       ?Allocate@?$CArray@PAVCCell@SpeedTree@@$00@SpeedTree@@IAEPAPAVCCell@2@I@Z 10019fe0 f i Culling.obj
 0001:00019060       ?Deallocate@?$CArray@PAVCCell@SpeedTree@@$00@SpeedTree@@IAEXPAPAVCCell@2@@Z 1001a060 f i Culling.obj
 0001:000190b0       ?Grow@?$CCellHeapMgr@VCCell@SpeedTree@@@SpeedTree@@AAEXXZ 1001a0b0 f i Culling.obj
 0001:000193b0       ?IsInitialized@?$CCellHeapMgr@VCCell@SpeedTree@@@SpeedTree@@ABE_NXZ 1001a3b0 f i Culling.obj
 0001:000193f0       ??$st_delete@USHeapBlock@?$CCellHeapMgr@VCCell@SpeedTree@@@SpeedTree@@@SpeedTree@@YAXAAPAUSHeapBlock@?$CCellHeapMgr@VCCell@SpeedTree@@@0@@Z 1001a3f0 f i Culling.obj
 0001:00019480       ?Rebalance@?$CMap@USRowCol@SpeedTree@@PAVCCell@2@V?$CLess@USRowCol@SpeedTree@@@2@$00@SpeedTree@@IAEXPAX@Z 1001a480 f i Culling.obj
 0001:0001a0a0       ?Allocate@?$CMap@USRowCol@SpeedTree@@PAVCCell@2@V?$CLess@USRowCol@SpeedTree@@@2@$00@SpeedTree@@IAEPAXABUSRowCol@2@PAX@Z 1001b0a0 f i Culling.obj
 0001:0001a140       ?Deallocate@?$CMap@USRowCol@SpeedTree@@PAVCCell@2@V?$CLess@USRowCol@SpeedTree@@@2@$00@SpeedTree@@IAEXAAPAX@Z 1001b140 f i Culling.obj
 0001:0001a1b0       ?Ptr@?$CMap@USRowCol@SpeedTree@@PAVCCell@2@V?$CLess@USRowCol@SpeedTree@@@2@$00@SpeedTree@@IBEPAVCNode@12@PAX@Z 1001b1b0 f i Culling.obj
 0001:0001a1e0       ??0?$CArray@PAX$00@SpeedTree@@QAE@XZ 1001b1e0 f i Culling.obj
 0001:0001a230       ??1?$CArray@PAX$00@SpeedTree@@UAE@XZ 1001b230 f i Culling.obj
 0001:0001a270       ?empty@?$CArray@PAX$00@SpeedTree@@QBE_NXZ 1001b270 f i Culling.obj
 0001:0001a290       ?push_back@?$CArray@PAX$00@SpeedTree@@QAE_NABQAX@Z 1001b290 f i Culling.obj
 0001:0001a350       ?pop_back@?$CArray@PAX$00@SpeedTree@@QAEXXZ 1001b350 f i Culling.obj
[...]
 0001:0002b69b       __ehhandler$??_G?$CMap@USRowCol@SpeedTree@@PAVCCell@2@V?$CLess@USRowCol@SpeedTree@@@2@$00@SpeedTree@@UAEPAXI@Z 1002c69b f   Culling.obj
 0001:0002b6c0       __unwindfunclet$??_E?$CMap@USRowCol@SpeedTree@@PAVCCell@2@V?$CLess@USRowCol@SpeedTree@@@2@$00@SpeedTree@@UAEPAXI@Z$0 1002c6c0 f   Culling.obj
 0001:0002b6cb       __ehhandler$??_E?$CMap@USRowCol@SpeedTree@@PAVCCell@2@V?$CLess@USRowCol@SpeedTree@@@2@$00@SpeedTree@@UAEPAXI@Z 1002c6cb f   Culling.obj
 0001:0002b6f0       __unwindfunclet$??0CVisibleInstances@SpeedTree@@QAE@ABV01@@Z$0 1002c6f0 f   Culling.obj
 0001:0002b6fb       __unwindfunclet$??0CVisibleInstances@SpeedTree@@QAE@ABV01@@Z$1 1002c6fb f   Culling.obj
 0001:0002b706       __unwindfunclet$??0CVisibleInstances@SpeedTree@@QAE@ABV01@@Z$2 1002c706 f   Culling.obj
 0001:0002b711       __unwindfunclet$??0CVisibleInstances@SpeedTree@@QAE@ABV01@@Z$3 1002c711 f   Culling.obj
 0001:0002b71f       __ehhandler$??0CVisibleInstances@SpeedTree@@QAE@ABV01@@Z 1002c71f f   Culling.obj
 0001:0002b740       __unwindfunclet$??0CVisibleInstances@SpeedTree@@QAE@W4EPopulationType@1@_N@Z$0 1002c740 f   Culling.obj
 0001:0002b74b       __unwindfunclet$??0CVisibleInstances@SpeedTree@@QAE@W4EPopulationType@1@_N@Z$1 1002c74b f   Culling.obj
 0001:0002b756       __ehhandler$??0CVisibleInstances@SpeedTree@@QAE@W4EPopulationType@1@_N@Z 1002c756 f   Culling.obj
 0001:0002b780       __unwindfunclet$??1CVisibleInstances@SpeedTree@@UAE@XZ$0 1002c780 f   Culling.obj
 0001:0002b78b       __unwindfunclet$??1CVisibleInstances@SpeedTree@@UAE@XZ$1 1002c78b f   Culling.obj
 0001:0002b796       __unwindfunclet$??1CVisibleInstances@SpeedTree@@UAE@XZ$2 1002c796 f   Culling.obj
 0001:0002b7a1       __unwindfunclet$??1CVisibleInstances@SpeedTree@@UAE@XZ$3 1002c7a1 f   Culling.obj
 0001:0002b7af       __unwindfunclet$??1CVisibleInstances@SpeedTree@@UAE@XZ$5 1002c7af f   Culling.obj
 0001:0002b7ba       __ehhandler$??1CVisibleInstances@SpeedTree@@UAE@XZ 1002c7ba f   Culling.obj
 0001:0002b7e0       __unwindfunclet$?ComputeCullParameters@STreeInstance@SpeedTree@@QAEXXZ$0 1002c7e0 f   Culling.obj
 0001:0002b7e8       __ehhandler$?ComputeCullParameters@STreeInstance@SpeedTree@@QAEXXZ 1002c7e8 f   Culling.obj
 0001:0002b810       __unwindfunclet$?RoughCullCells@CVisibleInstances@SpeedTree@@QAE_NABVCView@2@HM@Z$0 1002c810 f   Culling.obj
 0001:0002b818       __ehhandler$?RoughCullCells@CVisibleInstances@SpeedTree@@QAE_NABVCView@2@HM@Z 1002c818 f   Culling.obj
 0001:0002b840       __unwindfunclet$??H?$CBasicFixedString@$0BAA@@SpeedTree@@QBE?AV01@ABV01@@Z$0 1002c840 f   Culling.obj
 0001:0002b84b       __ehhandler$??H?$CBasicFixedString@$0BAA@@SpeedTree@@QBE?AV01@ABV01@@Z 1002c84b f   Culling.obj
 0001:0002b880       __unwindfunclet$??H?$CBasicFixedString@$0BAA@@SpeedTree@@QBE?AV01@PBD@Z$0 1002c880 f   Culling.obj
 0001:0002b88b       __ehhandler$??H?$CBasicFixedString@$0BAA@@SpeedTree@@QBE?AV01@PBD@Z 1002c88b f   Culling.obj
 0001:0002b8c0       __unwindfunclet$?Format@?$CBasicFixedString@$0BAA@@SpeedTree@@SA?AV12@PBDZZ$0 1002c8c0 f   Culling.obj
 0001:0002b8cb       __ehhandler$?Format@?$CBasicFixedString@$0BAA@@SpeedTree@@SA?AV12@PBDZZ 1002c8cb f   Culling.obj
 0001:0002b900       __unwindfunclet$?Extension@?$CBasicFixedString@$0BAA@@SpeedTree@@QBE?AV12@D@Z$0 1002c900 f   Culling.obj
 0001:0002b90b       __ehhandler$?Extension@?$CBasicFixedString@$0BAA@@SpeedTree@@QBE?AV12@D@Z 1002c90b f   Culling.obj
 0001:0002b940       __unwindfunclet$??1?$CBasicString@$00@SpeedTree@@UAE@XZ$0 1002c940 f   Culling.obj
 0001:0002b948       __ehhandler$??1?$CBasicString@$00@SpeedTree@@UAE@XZ 1002c948 f   Culling.obj
 0001:0002b970       __unwindfunclet$??1?$CMap@PBVCCore@SpeedTree@@V?$CArray@USInstance@SpeedTree@@$00@2@V?$CLess@PBVCCore@SpeedTree@@@2@$00@SpeedTree@@UAE@XZ$0 1002c970 f   Culling.obj
 0001:0002b97b       __ehhandler$??1?$CMap@PBVCCore@SpeedTree@@V?$CArray@USInstance@SpeedTree@@$00@2@V?$CLess@PBVCCore@SpeedTree@@@2@$00@SpeedTree@@UAE@XZ 1002c97b f   Culling.obj
 0001:0002b9a0       __unwindfunclet$??1?$CCellHeapMgr@VCCell@SpeedTree@@@SpeedTree@@QAE@XZ$0 1002c9a0 f   Culling.obj
 0001:0002b9ae       __unwindfunclet$??1?$CCellHeapMgr@VCCell@SpeedTree@@@SpeedTree@@QAE@XZ$1 1002c9ae f   Culling.obj
 0001:0002b9bc       __ehhandler$??1?$CCellHeapMgr@VCCell@SpeedTree@@@SpeedTree@@QAE@XZ 1002c9bc f   Culling.obj
 0001:0002b9e0       __unwindfunclet$??0?$CMap@USRowCol@SpeedTree@@PAVCCell@2@V?$CLess@USRowCol@SpeedTree@@@2@$00@SpeedTree@@QAE@ABV01@@Z$0 1002c9e0 f   Culling.obj
 0001:0002b9ee       __ehhandler$??0?$CMap@USRowCol@SpeedTree@@PAVCCell@2@V?$CLess@USRowCol@SpeedTree@@@2@$00@SpeedTree@@QAE@ABV01@@Z 1002c9ee f   Culling.obj
 0001:0002ba10       __unwindfunclet$??1?$CMap@USRowCol@SpeedTree@@PAVCCell@2@V?$CLess@USRowCol@SpeedTree@@@2@$00@SpeedTree@@UAE@XZ$0 1002ca10 f   Culling.obj
 0001:0002ba1b       __ehhandler$??1?$CMap@USRowCol@SpeedTree@@PAVCCell@2@V?$CLess@USRowCol@SpeedTree@@@2@$00@SpeedTree@@UAE@XZ 1002ca1b f   Culling.obj
 0001:0002ba40       __unwindfunclet$??4?$CMap@USRowCol@SpeedTree@@PAVCCell@2@V?$CLess@USRowCol@SpeedTree@@@2@$00@SpeedTree@@QAEAAV01@ABV01@@Z$0 1002ca40 f   Culling.obj
 0001:0002ba48       __unwindfunclet$??4?$CMap@USRowCol@SpeedTree@@PAVCCell@2@V?$CLess@USRowCol@SpeedTree@@@2@$00@SpeedTree@@QAEAAV01@ABV01@@Z$1 1002ca48 f   Culling.obj
 0001:0002ba50       __ehhandler$??4?$CMap@USRowCol@SpeedTree@@PAVCCell@2@V?$CLess@USRowCol@SpeedTree@@@2@$00@SpeedTree@@QAEAAV01@ABV01@@Z 1002ca50 f   Culling.obj
 0001:0002ba70       __unwindfunclet$??1SHeapBlock@?$CCellHeapMgr@VCCell@SpeedTree@@@SpeedTree@@QAE@XZ$0 1002ca70 f   Culling.obj
 0001:0002ba78       __ehhandler$??1SHeapBlock@?$CCellHeapMgr@VCCell@SpeedTree@@@SpeedTree@@QAE@XZ 1002ca78 f   Culling.obj
 0001:0002baa0       __unwindfunclet$??0SHeapBlock@?$CCellHeapMgr@VCCell@SpeedTree@@@SpeedTree@@QAE@ABU012@@Z$0 1002caa0 f   Culling.obj
 0001:0002baa8       __ehhandler$??0SHeapBlock@?$CCellHeapMgr@VCCell@SpeedTree@@@SpeedTree@@QAE@ABU012@@Z 1002caa8 f   Culling.obj
 0001:0002bad0       __unwindfunclet$??0?$CBasicString@$00@SpeedTree@@QAE@PBD@Z$0 1002cad0 f   Culling.obj
 0001:0002bad8       __ehhandler$??0?$CBasicString@$00@SpeedTree@@QAE@PBD@Z 1002cad8 f   Culling.obj
 0001:0002bb00       __unwindfunclet$??4?$CMap@PBVCCore@SpeedTree@@V?$CArray@USInstance@SpeedTree@@$00@2@V?$CLess@PBVCCore@SpeedTree@@@2@$00@SpeedTree@@QAEAAV01@ABV01@@Z$0 1002cb00 f   Culling.obj
 0001:0002bb08       __unwindfunclet$??4?$CMap@PBVCCore@SpeedTree@@V?$CArray@USInstance@SpeedTree@@$00@2@V?$CLess@PBVCCore@SpeedTree@@@2@$00@SpeedTree@@QAEAAV01@ABV01@@Z$1 1002cb08 f   Culling.obj
 0001:0002bb10       __ehhandler$??4?$CMap@PBVCCore@SpeedTree@@V?$CArray@USInstance@SpeedTree@@$00@2@V?$CLess@PBVCCore@SpeedTree@@@2@$00@SpeedTree@@QAEAAV01@ABV01@@Z 1002cb10 f   Culling.obj
 0001:0002bb30       __unwindfunclet$?SetExternalMemory@?$CArray@USInstance@SpeedTree@@$00@SpeedTree@@QAEXPAEI@Z$0 1002cb30 f   Culling.obj
 0001:0002bb4a       __ehhandler$?SetExternalMemory@?$CArray@USInstance@SpeedTree@@$00@SpeedTree@@QAEXPAEI@Z 1002cb4a f   Culling.obj
 0001:0002bb70       __unwindfunclet$?SetExternalMemory@?$CArray@VCCell@SpeedTree@@$00@SpeedTree@@QAEXPAEI@Z$0 1002cb70 f   Culling.obj
 0001:0002bb8d       __ehhandler$?SetExternalMemory@?$CArray@VCCell@SpeedTree@@$00@SpeedTree@@QAEXPAEI@Z 1002cb8d f   Culling.obj
 0001:0002bbb0       __unwindfunclet$??0CCell@SpeedTree@@QAE@XZ$0 1002cbb0 f   Culling.obj
 0001:0002bbb8       __ehhandler$??0CCell@SpeedTree@@QAE@XZ 1002cbb8 f   Culling.obj
 0001:0002bbe0       __unwindfunclet$??1CCell@SpeedTree@@QAE@XZ$0 1002cbe0 f   Culling.obj
 0001:0002bbe8       __unwindfunclet$??1CCell@SpeedTree@@QAE@XZ$1 1002cbe8 f   Culling.obj
 0001:0002bbf3       __unwindfunclet$??1CCell@SpeedTree@@QAE@XZ$2 1002cbf3 f   Culling.obj
 0001:0002bbfe       __unwindfunclet$??1CCell@SpeedTree@@QAE@XZ$5 1002cbfe f   Culling.obj
 0001:0002bc09       __ehhandler$??1CCell@SpeedTree@@QAE@XZ 1002cc09 f   Culling.obj
 0001:0002bc30       __unwindfunclet$?Allocate@?$CArray@VCCell@SpeedTree@@$00@SpeedTree@@IAEPAVCCell@2@I@Z$0 1002cc30 f   Culling.obj
 0001:0002bc3b       __ehhandler$?Allocate@?$CArray@VCCell@SpeedTree@@$00@SpeedTree@@IAEPAVCCell@2@I@Z 1002cc3b f   Culling.obj
 0001:0002bc60       __unwindfunclet$?Grow@?$CCellHeapMgr@VCCell@SpeedTree@@@SpeedTree@@AAEXXZ$0 1002cc60 f   Culling.obj
 0001:0002bc71       __ehhandler$?Grow@?$CCellHeapMgr@VCCell@SpeedTree@@@SpeedTree@@AAEXXZ 1002cc71 f   Culling.obj
 0001:0002bc90       __unwindfunclet$?SetExternalMemory@?$CArray@USDetailedCullData@SpeedTree@@$00@SpeedTree@@QAEXPAEI@Z$0 1002cc90 f   Culling.obj
 0001:0002bcaa       __ehhandler$?SetExternalMemory@?$CArray@USDetailedCullData@SpeedTree@@$00@SpeedTree@@QAEXPAEI@Z 1002ccaa f   Culling.obj
 0001:0002bcd0       __unwindfunclet$?Allocate@?$CArray@USDetailedCullData@SpeedTree@@$00@SpeedTree@@IAEPAUSDetailedCullData@2@I@Z$0 1002ccd0 f   Culling.obj
 0001:0002bcdb       __ehhandler$?Allocate@?$CArray@USDetailedCullData@SpeedTree@@$00@SpeedTree@@IAEPAUSDetailedCullData@2@I@Z 1002ccdb f   Culling.obj
 0001:0002bd00       __unwindfunclet$?SetExternalMemory@?$CArray@V?$CBasicFixedString@$0BAA@@SpeedTree@@$00@SpeedTree@@QAEXPAEI@Z$0 1002cd00 f   Culling.obj
 0001:0002bd1d       __ehhandler$?SetExternalMemory@?$CArray@V?$CBasicFixedString@$0BAA@@SpeedTree@@$00@SpeedTree@@QAEXPAEI@Z 1002cd1d f   Culling.obj
 0001:0002bd40       __unwindfunclet$?Allocate@?$CArray@USInstance@SpeedTree@@$00@SpeedTree@@IAEPAUSInstance@2@I@Z$0 1002cd40 f   Culling.obj
 0001:0002bd4b       __ehhandler$?Allocate@?$CArray@USInstance@SpeedTree@@$00@SpeedTree@@IAEPAUSInstance@2@I@Z 1002cd4b f   Culling.obj
 0001:0002bd70       __unwindfunclet$??$st_new_array@VCCell@SpeedTree@@@SpeedTree@@YAPAVCCell@0@IPBDW4EAllocationType@0@@Z$0 1002cd70 f   Culling.obj
 0001:0002bd8a       __ehhandler$??$st_new_array@VCCell@SpeedTree@@@SpeedTree@@YAPAVCCell@0@IPBDW4EAllocationType@0@@Z 1002cd8a f   Culling.obj
 0001:0002bdb0       __unwindfunclet$??$st_new_array@USDetailedCullData@SpeedTree@@@SpeedTree@@YAPAUSDetailedCullData@0@IPBDW4EAllocationType@0@@Z$0 1002cdb0 f   Culling.obj
 0001:0002bdc7       __ehhandler$??$st_new_array@USDetailedCullData@SpeedTree@@@SpeedTree@@YAPAUSDetailedCullData@0@IPBDW4EAllocationType@0@@Z 1002cdc7 f   Culling.obj
 0001:0002bdf0       __unwindfunclet$?Allocate@?$CArray@V?$CBasicFixedString@$0BAA@@SpeedTree@@$00@SpeedTree@@IAEPAV?$CBasicFixedString@$0BAA@@2@I@Z$0 1002cdf0 f   Culling.obj
 0001:0002bdfb       __ehhandler$?Allocate@?$CArray@V?$CBasicFixedString@$0BAA@@SpeedTree@@$00@SpeedTree@@IAEPAV?$CBasicFixedString@$0BAA@@2@I@Z 1002cdfb f   Culling.obj
 0001:0002be20       __unwindfunclet$??$st_new_array@USInstance@SpeedTree@@@SpeedTree@@YAPAUSInstance@0@IPBDW4EAllocationType@0@@Z$0 1002ce20 f   Culling.obj
 0001:0002be37       __ehhandler$??$st_new_array@USInstance@SpeedTree@@@SpeedTree@@YAPAUSInstance@0@IPBDW4EAllocationType@0@@Z 1002ce37 f   Culling.obj
 0001:0002be60       __unwindfunclet$??$st_new_array@V?$CBasicFixedString@$0BAA@@SpeedTree@@@SpeedTree@@YAPAV?$CBasicFixedString@$0BAA@@0@IPBDW4EAllocationType@0@@Z$0 1002ce60 f   Culling.obj
 0001:0002be7a       __ehhandler$??$st_new_array@V?$CBasicFixedString@$0BAA@@SpeedTree@@@SpeedTree@@YAPAV?$CBasicFixedString@$0BAA@@0@IPBDW4EAllocationType@0@@Z 1002ce7a f   Culling.obj
 0001:0002bea0       __unwindfunclet$?CollisionAdjust@CForest@SpeedTree@@QBE_NAAVVec3@2@ABVCVisibleInstances@2@H@Z$0 1002cea0 f   Forest.obj
 0001:0002bea8       __ehhandler$?CollisionAdjust@CForest@SpeedTree@@QBE_NAAVVec3@2@ABVCVisibleInstances@2@H@Z 1002cea8 f   Forest.obj
 0001:0002bed0       __unwindfunclet$?ComputeLightView@CForest@SpeedTree@@SA_NABVVec3@2@QBV32@MMAAVCView@2@M@Z$0 1002ced0 f   Forest.obj
 0001:0002bedb       __ehhandler$?ComputeLightView@CForest@SpeedTree@@SA_NABVVec3@2@QBV32@MMAAVCView@2@M@Z 1002cedb f   Forest.obj
 0001:0002bf00       __unwindfunclet$??0?$CStaticArray@USCollisionSort@@@SpeedTree@@QAE@IPBD_N@Z$0 1002cf00 f   Forest.obj
 0001:0002bf08       __ehhandler$??0?$CStaticArray@USCollisionSort@@@SpeedTree@@QAE@IPBD_N@Z 1002cf08 f   Forest.obj
 0001:0002bf30       __unwindfunclet$??1?$CStaticArray@USCollisionSort@@@SpeedTree@@UAE@XZ$0 1002cf30 f   Forest.obj
 0001:0002bf38       __ehhandler$??1?$CStaticArray@USCollisionSort@@@SpeedTree@@UAE@XZ 1002cf38 f   Forest.obj
 0001:0002bf60       __unwindfunclet$??1STerrainCullResults@SpeedTree@@QAE@XZ$0 1002cf60 f   Terrain.obj
 0001:0002bf68       __unwindfunclet$??1STerrainCullResults@SpeedTree@@QAE@XZ$1 1002cf68 f   Terrain.obj
 0001:0002bf73       __ehhandler$??1STerrainCullResults@SpeedTree@@QAE@XZ 1002cf73 f   Terrain.obj
 0001:0002bf90       __unwindfunclet$??0STerrainCullResults@SpeedTree@@QAE@ABU01@@Z$0 1002cf90 f   Terrain.obj
 0001:0002bf98       __unwindfunclet$??0STerrainCullResults@SpeedTree@@QAE@ABU01@@Z$1 1002cf98 f   Terrain.obj
 0001:0002bfa3       __ehhandler$??0STerrainCullResults@SpeedTree@@QAE@ABU01@@Z 1002cfa3 f   Terrain.obj
 0001:0002bfc0       __unwindfunclet$??_G?$CMap@USRowCol@SpeedTree@@VCTerrainCell@2@V?$CLess@USRowCol@SpeedTree@@@2@$00@SpeedTree@@UAEPAXI@Z$0 1002cfc0 f   Terrain.obj
 0001:0002bfcb       __ehhandler$??_G?$CMap@USRowCol@SpeedTree@@VCTerrainCell@2@V?$CLess@USRowCol@SpeedTree@@@2@$00@SpeedTree@@UAEPAXI@Z 1002cfcb f   Terrain.obj
 0001:0002bff0       __unwindfunclet$??_E?$CMap@USRowCol@SpeedTree@@VCTerrainCell@2@V?$CLess@USRowCol@SpeedTree@@@2@$00@SpeedTree@@UAEPAXI@Z$0 1002cff0 f   Terrain.obj
 0001:0002bffb       __ehhandler$??_E?$CMap@USRowCol@SpeedTree@@VCTerrainCell@2@V?$CLess@USRowCol@SpeedTree@@@2@$00@SpeedTree@@UAEPAXI@Z 1002cffb f   Terrain.obj
 0001:0002c020       __unwindfunclet$??_G?$CCellContainer@VCTerrainCell@SpeedTree@@@SpeedTree@@UAEPAXI@Z$1 1002d020 f   Terrain.obj
 0001:0002c02b       __ehhandler$??_G?$CCellContainer@VCTerrainCell@SpeedTree@@@SpeedTree@@UAEPAXI@Z 1002d02b f   Terrain.obj
 0001:0002c050       __unwindfunclet$??_E?$CCellContainer@VCTerrainCell@SpeedTree@@@SpeedTree@@UAEPAXI@Z$1 1002d050 f   Terrain.obj
 0001:0002c05b       __ehhandler$??_E?$CCellContainer@VCTerrainCell@SpeedTree@@@SpeedTree@@UAEPAXI@Z 1002d05b f   Terrain.obj
 0001:0002c080       __unwindfunclet$??0CTerrain@SpeedTree@@QAE@ABV01@@Z$0 1002d080 f   Terrain.obj
 0001:0002c08b       __unwindfunclet$??0CTerrain@SpeedTree@@QAE@ABV01@@Z$1 1002d08b f   Terrain.obj
 0001:0002c096       __ehhandler$??0CTerrain@SpeedTree@@QAE@ABV01@@Z 1002d096 f   Terrain.obj
 0001:0002c0c0       __unwindfunclet$??1CTerrain@SpeedTree@@UAE@XZ$0 1002d0c0 f   Terrain.obj
 0001:0002c0cb       __unwindfunclet$??1CTerrain@SpeedTree@@UAE@XZ$1 1002d0cb f   Terrain.obj
 0001:0002c0d6       __unwindfunclet$??1CTerrain@SpeedTree@@UAE@XZ$4 1002d0d6 f   Terrain.obj
 0001:0002c0e1       __ehhandler$??1CTerrain@SpeedTree@@UAE@XZ 1002d0e1 f   Terrain.obj
 0001:0002c100       __unwindfunclet$?CullAndComputeLOD@CTerrain@SpeedTree@@UAEXABVCView@2@HAAUSTerrainCullResults@2@@Z$0 1002d100 f   Terrain.obj
 0001:0002c108       __unwindfunclet$?CullAndComputeLOD@CTerrain@SpeedTree@@UAEXABVCView@2@HAAUSTerrainCullResults@2@@Z$1 1002d108 f   Terrain.obj
 0001:0002c113       __ehhandler$?CullAndComputeLOD@CTerrain@SpeedTree@@UAEXABVCView@2@HAAUSTerrainCullResults@2@@Z 1002d113 f   Terrain.obj
 0001:0002c140       __unwindfunclet$??0?$CMap@USRowCol@SpeedTree@@VCTerrainCell@2@V?$CLess@USRowCol@SpeedTree@@@2@$00@SpeedTree@@QAE@ABV01@@Z$0 1002d140 f   Terrain.obj
 0001:0002c14e       __ehhandler$??0?$CMap@USRowCol@SpeedTree@@VCTerrainCell@2@V?$CLess@USRowCol@SpeedTree@@@2@$00@SpeedTree@@QAE@ABV01@@Z 1002d14e f   Terrain.obj
 0001:0002c170       __unwindfunclet$??1?$CMap@USRowCol@SpeedTree@@VCTerrainCell@2@V?$CLess@USRowCol@SpeedTree@@@2@$00@SpeedTree@@UAE@XZ$0 1002d170 f   Terrain.obj
 0001:0002c17b       __ehhandler$??1?$CMap@USRowCol@SpeedTree@@VCTerrainCell@2@V?$CLess@USRowCol@SpeedTree@@@2@$00@SpeedTree@@UAE@XZ 1002d17b f   Terrain.obj
 0001:0002c1a0       __unwindfunclet$??4?$CMap@USRowCol@SpeedTree@@VCTerrainCell@2@V?$CLess@USRowCol@SpeedTree@@@2@$00@SpeedTree@@QAEAAV01@ABV01@@Z$0 1002d1a0 f   Terrain.obj
 0001:0002c1a8       __unwindfunclet$??4?$CMap@USRowCol@SpeedTree@@VCTerrainCell@2@V?$CLess@USRowCol@SpeedTree@@@2@$00@SpeedTree@@QAEAAV01@ABV01@@Z$1 1002d1a8 f   Terrain.obj
 0001:0002c1b0       __ehhandler$??4?$CMap@USRowCol@SpeedTree@@VCTerrainCell@2@V?$CLess@USRowCol@SpeedTree@@@2@$00@SpeedTree@@QAEAAV01@ABV01@@Z 1002d1b0 f   Terrain.obj
 0001:0002c1d0       __unwindfunclet$??1?$CCellContainer@VCTerrainCell@SpeedTree@@@SpeedTree@@UAE@XZ$1 1002d1d0 f   Terrain.obj
 0001:0002c1db       __ehhandler$??1?$CCellContainer@VCTerrainCell@SpeedTree@@@SpeedTree@@UAE@XZ 1002d1db f   Terrain.obj
 0001:0002c200       __unwindfunclet$?Allocate@?$CMap@USRowCol@SpeedTree@@VCTerrainCell@2@V?$CLess@USRowCol@SpeedTree@@@2@$00@SpeedTree@@IAEPAXABUSRowCol@2@PAX@Z$0 1002d200 f   Terrain.obj
 0001:0002c211       __ehhandler$?Allocate@?$CMap@USRowCol@SpeedTree@@VCTerrainCell@2@V?$CLess@USRowCol@SpeedTree@@@2@$00@SpeedTree@@IAEPAXABUSRowCol@2@PAX@Z 1002d211 f   Terrain.obj
 0001:0002c230       ??__Ec_chFolderSeparator@SpeedTree@@YAXXZ 1002d230 f   Culling.obj
 0001:0002c250       ??__Ec_vRHCS_Yup_Out@SpeedTree@@YAXXZ 1002d250 f   Culling.obj
 0001:0002c280       ??__Ec_vRHCS_Yup_Right@SpeedTree@@YAXXZ 1002d280 f   Culling.obj
 0001:0002c2a0       ??__Ec_vRHCS_Yup_Up@SpeedTree@@YAXXZ 1002d2a0 f   Culling.obj
 0001:0002c2c0       ??__Ec_vLHCS_Yup_Out@SpeedTree@@YAXXZ 1002d2c0 f   Culling.obj
 0001:0002c2e0       ??__Ec_vLHCS_Yup_Right@SpeedTree@@YAXXZ 1002d2e0 f   Culling.obj
 0001:0002c300       ??__Ec_vLHCS_Yup_Up@SpeedTree@@YAXXZ 1002d300 f   Culling.obj
 0001:0002c320       ??__Ec_vLHCS_Zup_Out@SpeedTree@@YAXXZ 1002d320 f   Culling.obj
 0001:0002c350       ??__Ec_vLHCS_Zup_Right@SpeedTree@@YAXXZ 1002d350 f   Culling.obj
 0001:0002c370       ??__Ec_vLHCS_Zup_Up@SpeedTree@@YAXXZ 1002d370 f   Culling.obj
 0001:0002c390       ??__Ec_asInstanceStreamDesc@SpeedTree@@YAXXZ 1002d390 f   Culling.obj
 0001:0002c4f0       ??__Ec_chFolderSeparator@SpeedTree@@YAXXZ 1002d4f0 f   Forest.obj
 0001:0002c510       ??__Ec_vRHCS_Yup_Out@SpeedTree@@YAXXZ 1002d510 f   Forest.obj
 0001:0002c540       ??__Ec_vRHCS_Yup_Right@SpeedTree@@YAXXZ 1002d540 f   Forest.obj
 0001:0002c560       ??__Ec_vRHCS_Yup_Up@SpeedTree@@YAXXZ 1002d560 f   Forest.obj
 0001:0002c580       ??__Ec_vLHCS_Yup_Out@SpeedTree@@YAXXZ 1002d580 f   Forest.obj
 0001:0002c5a0       ??__Ec_vLHCS_Yup_Right@SpeedTree@@YAXXZ 1002d5a0 f   Forest.obj
 0001:0002c5c0       ??__Ec_vLHCS_Yup_Up@SpeedTree@@YAXXZ 1002d5c0 f   Forest.obj
 0001:0002c5e0       ??__Ec_vLHCS_Zup_Out@SpeedTree@@YAXXZ 1002d5e0 f   Forest.obj
 0001:0002c610       ??__Ec_vLHCS_Zup_Right@SpeedTree@@YAXXZ 1002d610 f   Forest.obj
 0001:0002c630       ??__Ec_vLHCS_Zup_Up@SpeedTree@@YAXXZ 1002d630 f   Forest.obj
 0001:0002c650       ??__Ec_asInstanceStreamDesc@SpeedTree@@YAXXZ 1002d650 f   Forest.obj
 0001:0002c7b0       ??__Ec_chFolderSeparator@SpeedTree@@YAXXZ 1002d7b0 f   Terrain.obj
 0001:0002c7d0       ??__Ec_vRHCS_Yup_Out@SpeedTree@@YAXXZ 1002d7d0 f   Terrain.obj
 0001:0002c800       ??__Ec_vRHCS_Yup_Right@SpeedTree@@YAXXZ 1002d800 f   Terrain.obj
 0001:0002c820       ??__Ec_vRHCS_Yup_Up@SpeedTree@@YAXXZ 1002d820 f   Terrain.obj
 0001:0002c840       ??__Ec_vLHCS_Yup_Out@SpeedTree@@YAXXZ 1002d840 f   Terrain.obj
 0001:0002c860       ??__Ec_vLHCS_Yup_Right@SpeedTree@@YAXXZ 1002d860 f   Terrain.obj
 0001:0002c880       ??__Ec_vLHCS_Yup_Up@SpeedTree@@YAXXZ 1002d880 f   Terrain.obj
 0001:0002c8a0       ??__Ec_vLHCS_Zup_Out@SpeedTree@@YAXXZ 1002d8a0 f   Terrain.obj
 0001:0002c8d0       ??__Ec_vLHCS_Zup_Right@SpeedTree@@YAXXZ 1002d8d0 f   Terrain.obj
 0001:0002c8f0       ??__Ec_vLHCS_Zup_Up@SpeedTree@@YAXXZ 1002d8f0 f   Terrain.obj
 0001:0002c910       ??__Ec_asInstanceStreamDesc@SpeedTree@@YAXXZ 1002d910 f   Terrain.obj
