 SpeedTreeRenderInterface_v7.1

 Timestamp is 594c314b (Thu Jun 22 23:06:19 2017)

 Preferred load address is 10000000

 Start         Length     Name                   Class
 0001:00000000 0001ca32H .text                   CODE
 0001:0001ca40 00000d15H .text$x                 CODE
 0001:0001d760 000002b5H .text$yc                CODE
 0002:00000000 00000138H .idata$5                DATA
 0002:00000138 00000004H .CRT$XCA                DATA
 0002:0000013c 0000002cH .CRT$XCU                DATA
 0002:00000168 00000004H .CRT$XCZ                DATA
 0002:0000016c 00000004H .CRT$XIA                DATA
 0002:00000170 00000004H .CRT$XIAA               DATA
 0002:00000174 00000004H .CRT$XIC                DATA
 0002:00000178 00000004H .CRT$XIZ                DATA
 0002:00000180 00000bf8H .rdata                  DATA
 0002:00000d78 00000092H .rdata$debug            DATA
 0002:00000e10 000000e0H .rdata$sxdata           DATA
 0002:00000ef0 00000004H .rtc$IAA                DATA
 0002:00000ef4 00000004H .rtc$IZZ                DATA
 0002:00000ef8 00000004H .rtc$TAA                DATA
 0002:00000efc 00000004H .rtc$TZZ                DATA
 0002:00000f00 00000b8cH .xdata$x                DATA
 0002:00001a8c 00000050H .idata$2                DATA
 0002:00001adc 00000014H .idata$3                DATA
 0002:00001af0 00000138H .idata$4                DATA
 0002:00001c28 00000838H .idata$6                DATA
 0002:00002460 0000cb59H .edata                  DATA
 0003:00000000 00000030H .data                   DATA
 0003:00000030 000003f4H .bss                    DATA

  Address         Publics by Value              Rva+Base       Lib:Object

 0000:00000000       __except_list              00000000     <absolute>
 0000:00000038       ___safe_se_handler_count   00000038     <absolute>
 0000:00009876       __ldused                   00009876     <absolute>
 0000:00009876       __fltused                  00009876     <absolute>
 0000:00000000       ___ImageBase               10000000     <linker-defined>
 0001:00000000       ??4st_float16@SpeedTree@@QAEAAV01@ABV01@@Z 10001000 f i RenderInterface.obj
 0001:00000020       ??0st_float16@SpeedTree@@QAE@XZ 10001020 f i RenderInterface.obj
 0001:00000050       ??0st_float16@SpeedTree@@QAE@M@Z 10001050 f i RenderInterface.obj
 0001:00000140       ??0st_float16@SpeedTree@@QAE@ABV01@@Z 10001140 f i RenderInterface.obj
 0001:00000160       ??Bst_float16@SpeedTree@@QBEMXZ 10001160 f i RenderInterface.obj
 0001:00000240       ??1CFileSystem@SpeedTree@@UAE@XZ 10001240 f i RenderInterface.obj
 0001:00000260       ?CleanPlatformFilename@CFileSystem@SpeedTree@@SA?AV?$CBasicFixedString@$0BAA@@2@ABV32@@Z 10001260 f i RenderInterface.obj
 0001:00000290       ??0CFileSystem@SpeedTree@@QAE@XZ 10001290 f i RenderInterface.obj
 0001:000002b0       ??0CFileSystem@SpeedTree@@QAE@ABV01@@Z 100012b0 f i RenderInterface.obj
 0001:000002d0       ??4CFileSystem@SpeedTree@@QAEAAV01@ABV01@@Z 100012d0 f i RenderInterface.obj
 0001:000002e0       ??_GCFileSystem@SpeedTree@@UAEPAXI@Z 100012e0 f i RenderInterface.obj
 0001:00000310       ??_ECFileSystem@SpeedTree@@UAEPAXI@Z 10001310 f i RenderInterface.obj
 0001:00000380       ??_G?$CBasicFixedString@$0BAA@@SpeedTree@@UAEPAXI@Z 10001380 f i RenderInterface.obj
 0001:000003b0       ??_E?$CBasicFixedString@$0BAA@@SpeedTree@@UAEPAXI@Z 100013b0 f i RenderInterface.obj
 0001:00000420       ??4Vec2@SpeedTree@@QAEAAV01@ABV01@@Z 10001420 f i RenderInterface.obj
 0001:00000440       ??4Vec3@SpeedTree@@QAEAAV01@ABV01@@Z 10001440 f i RenderInterface.obj
 0001:00000470       ??4Vec4@SpeedTree@@QAEAAV01@ABV01@@Z 10001470 f i RenderInterface.obj
 0001:000004a0       ??0Vec2@SpeedTree@@QAE@XZ  100014a0 f i RenderInterface.obj
 0001:000004c0       ??0Vec2@SpeedTree@@QAE@MM@Z 100014c0 f i RenderInterface.obj
 0001:000004f0       ??0Vec2@SpeedTree@@QAE@QBM@Z 100014f0 f i RenderInterface.obj
 0001:00000520       ??HVec2@SpeedTree@@QBE?AV01@ABV01@@Z 10001520 f i RenderInterface.obj
 0001:00000560       ??YVec2@SpeedTree@@QAE?AV01@ABV01@@Z 10001560 f i RenderInterface.obj
 0001:000005b0       ??8Vec2@SpeedTree@@QBE_NABV01@@Z 100015b0 f i RenderInterface.obj
 0001:00000600       ?Set@Vec2@SpeedTree@@QAEXMM@Z 10001600 f i RenderInterface.obj
 0001:00000620       ?Distance@Vec2@SpeedTree@@QBEMABV12@@Z 10001620 f i RenderInterface.obj
 0001:00000680       ??0Vec3@SpeedTree@@QAE@XZ  10001680 f i RenderInterface.obj
 0001:000006b0       ??0Vec3@SpeedTree@@QAE@MMM@Z 100016b0 f i RenderInterface.obj
 0001:000006e0       ??0Vec3@SpeedTree@@QAE@MM@Z 100016e0 f i RenderInterface.obj
 0001:00000710       ??0Vec3@SpeedTree@@QAE@QBM@Z 10001710 f i RenderInterface.obj
 0001:00000750       ??AVec3@SpeedTree@@QAEAAMH@Z 10001750 f i RenderInterface.obj
 0001:00000770       ??BVec3@SpeedTree@@QAEPAMXZ 10001770 f i RenderInterface.obj
 0001:00000780       ??BVec3@SpeedTree@@QBEPBMXZ 10001780 f i RenderInterface.obj
 0001:00000790       ??MVec3@SpeedTree@@QBE_NABV01@@Z 10001790 f i RenderInterface.obj
 0001:00000850       ??8Vec3@SpeedTree@@QBE_NABV01@@Z 10001850 f i RenderInterface.obj
 0001:000008b0       ??9Vec3@SpeedTree@@QBE_NABV01@@Z 100018b0 f i RenderInterface.obj
 0001:00000910       ??GVec3@SpeedTree@@QBE?AV01@ABV01@@Z 10001910 f i RenderInterface.obj
 0001:00000970       ??HVec3@SpeedTree@@QBE?AV01@ABV01@@Z 10001970 f i RenderInterface.obj
 0001:000009d0       ??YVec3@SpeedTree@@QAE?AV01@ABV01@@Z 100019d0 f i RenderInterface.obj
 0001:00000a30       ??DVec3@SpeedTree@@QBE?AV01@ABV01@@Z 10001a30 f i RenderInterface.obj
 0001:00000a90       ??XVec3@SpeedTree@@QAE?AV01@ABV01@@Z 10001a90 f i RenderInterface.obj
 0001:00000af0       ??KVec3@SpeedTree@@QBE?AV01@ABV01@@Z 10001af0 f i RenderInterface.obj
 0001:00000b50       ??_0Vec3@SpeedTree@@QAE?AV01@ABV01@@Z 10001b50 f i RenderInterface.obj
 0001:00000bb0       ??DVec3@SpeedTree@@QBE?AV01@M@Z 10001bb0 f i RenderInterface.obj
 0001:00000c00       ??XVec3@SpeedTree@@QAE?AV01@M@Z 10001c00 f i RenderInterface.obj
 0001:00000c60       ??KVec3@SpeedTree@@QBE?AV01@M@Z 10001c60 f i RenderInterface.obj
 0001:00000cb0       ??_0Vec3@SpeedTree@@QAE?AV01@M@Z 10001cb0 f i RenderInterface.obj
 0001:00000d10       ??GVec3@SpeedTree@@QBE?AV01@XZ 10001d10 f i RenderInterface.obj
 0001:00000d60       ?Set@Vec3@SpeedTree@@QAEXMMM@Z 10001d60 f i RenderInterface.obj
 0001:00000d90       ?Set@Vec3@SpeedTree@@QAEXMM@Z 10001d90 f i RenderInterface.obj
 0001:00000dc0       ?Set@Vec3@SpeedTree@@QAEXQBM@Z 10001dc0 f i RenderInterface.obj
 0001:00000df0       ?Cross@Vec3@SpeedTree@@QBE?AV12@ABV12@@Z 10001df0 f i RenderInterface.obj
 0001:00000e70       ?Distance@Vec3@SpeedTree@@QBEMABV12@@Z 10001e70 f i RenderInterface.obj
 0001:00000ec0       ?DistanceSquared@Vec3@SpeedTree@@QBEMABV12@@Z 10001ec0 f i RenderInterface.obj
 0001:00000ef0       ?Dot@Vec3@SpeedTree@@QBEMABV12@@Z 10001ef0 f i RenderInterface.obj
 0001:00000f30       ?Magnitude@Vec3@SpeedTree@@QBEMXZ 10001f30 f i RenderInterface.obj
 0001:00000f60       ?MagnitudeSquared@Vec3@SpeedTree@@QBEMXZ 10001f60 f i RenderInterface.obj
 0001:00000fa0       ?Normalize@Vec3@SpeedTree@@QAE?AV12@XZ 10001fa0 f i RenderInterface.obj
 0001:00001020       ?Scale@Vec3@SpeedTree@@QAEXM@Z 10002020 f i RenderInterface.obj
 0001:00001060       ??0Vec4@SpeedTree@@QAE@XZ  10002060 f i RenderInterface.obj
 0001:00001090       ??0Vec4@SpeedTree@@QAE@MMMM@Z 10002090 f i RenderInterface.obj
 0001:000010d0       ??0Vec4@SpeedTree@@QAE@MMM@Z 100020d0 f i RenderInterface.obj
 0001:00001110       ??0Vec4@SpeedTree@@QAE@MM@Z 10002110 f i RenderInterface.obj
 0001:00001150       ??0Vec4@SpeedTree@@QAE@ABVVec3@1@M@Z 10002150 f i RenderInterface.obj
 0001:00001190       ??0Vec4@SpeedTree@@QAE@QBM@Z 10002190 f i RenderInterface.obj
 0001:000011d0       ??AVec4@SpeedTree@@QAEAAMH@Z 100021d0 f i RenderInterface.obj
 0001:000011f0       ??BVec4@SpeedTree@@QAEPAMXZ 100021f0 f i RenderInterface.obj
 0001:00001200       ??BVec4@SpeedTree@@QBEPBMXZ 10002200 f i RenderInterface.obj
 0001:00001210       ??8Vec4@SpeedTree@@QBE_NABV01@@Z 10002210 f i RenderInterface.obj
 0001:00001290       ??9Vec4@SpeedTree@@QBE_NABV01@@Z 10002290 f i RenderInterface.obj
 0001:00001310       ??DVec4@SpeedTree@@QBE?AV01@ABV01@@Z 10002310 f i RenderInterface.obj
 0001:00001380       ??DVec4@SpeedTree@@QBE?AV01@M@Z 10002380 f i RenderInterface.obj
 0001:000013f0       ??XVec4@SpeedTree@@QAE?AV01@M@Z 100023f0 f i RenderInterface.obj
 0001:00001460       ??KVec4@SpeedTree@@QBE?AV01@M@Z 10002460 f i RenderInterface.obj
 0001:000014d0       ??_0Vec4@SpeedTree@@QAE?AV01@M@Z 100024d0 f i RenderInterface.obj
 0001:00001540       ??HVec4@SpeedTree@@QBE?AV01@ABV01@@Z 10002540 f i RenderInterface.obj
 0001:000015b0       ?Set@Vec4@SpeedTree@@QAEXMMMM@Z 100025b0 f i RenderInterface.obj
 0001:000015e0       ?Set@Vec4@SpeedTree@@QAEXMMM@Z 100025e0 f i RenderInterface.obj
 0001:00001610       ?Set@Vec4@SpeedTree@@QAEXMM@Z 10002610 f i RenderInterface.obj
 0001:00001630       ?Set@Vec4@SpeedTree@@QAEXQBM@Z 10002630 f i RenderInterface.obj
 0001:00001670       ??4Mat3x3@SpeedTree@@QAEAAV01@ABV01@@Z 10002670 f i RenderInterface.obj
 0001:000016a0       ??_FMat3x3@SpeedTree@@QAEXXZ 100026a0 f i RenderInterface.obj
 0001:000016e0       ??_FMat4x4@SpeedTree@@QAEXXZ 100026e0 f i RenderInterface.obj
 0001:00001730       ??0Mat3x3@SpeedTree@@QAE@_N@Z 10002730 f i RenderInterface.obj
 0001:00001770       ??0Mat3x3@SpeedTree@@QAE@QBM@Z 10002770 f i RenderInterface.obj
 0001:000017a0       ??0Mat3x3@SpeedTree@@QAE@ABVVec3@1@00@Z 100027a0 f i RenderInterface.obj
 0001:00001820       ??BMat3x3@SpeedTree@@QAEPAMXZ 10002820 f i RenderInterface.obj
 0001:00001830       ??BMat3x3@SpeedTree@@QBEPBMXZ 10002830 f i RenderInterface.obj
 0001:00001840       ??DMat3x3@SpeedTree@@QBE?AV01@ABV01@@Z 10002840 f i RenderInterface.obj
 0001:00001990       ??DMat3x3@SpeedTree@@QBE?AVVec3@1@ABV21@@Z 10002990 f i RenderInterface.obj
 0001:00001a40       ??8Mat3x3@SpeedTree@@QBE_NABV01@@Z 10002a40 f i RenderInterface.obj
 0001:00001a70       ??9Mat3x3@SpeedTree@@QBE_NABV01@@Z 10002a70 f i RenderInterface.obj
 0001:00001aa0       ?SetIdentity@Mat3x3@SpeedTree@@QAEXXZ 10002aa0 f i RenderInterface.obj
 0001:00001ae0       ?Set@Mat3x3@SpeedTree@@QAEXQBM@Z 10002ae0 f i RenderInterface.obj
 0001:00001b00       ?RotateX@Mat3x3@SpeedTree@@QAEXM@Z 10002b00 f i RenderInterface.obj
 0001:00001bb0       ?RotateY@Mat3x3@SpeedTree@@QAEXM@Z 10002bb0 f i RenderInterface.obj
 0001:00001c60       ?RotateZ@Mat3x3@SpeedTree@@QAEXM@Z 10002c60 f i RenderInterface.obj
 0001:00001d10       ?RotateArbitrary@Mat3x3@SpeedTree@@QAEXABVVec3@2@M@Z 10002d10 f i RenderInterface.obj
 0001:00001ed0       ?Scale@Mat3x3@SpeedTree@@QAEXMMM@Z 10002ed0 f i RenderInterface.obj
 0001:00001f70       ?Scale@Mat3x3@SpeedTree@@QAEXABVVec3@2@@Z 10002f70 f i RenderInterface.obj
 0001:00001fb0       ??0Mat4x4@SpeedTree@@QAE@_N@Z 10002fb0 f i RenderInterface.obj
 0001:00002000       ??0Mat4x4@SpeedTree@@QAE@QBM@Z 10003000 f i RenderInterface.obj
 0001:00002030       ??0Mat4x4@SpeedTree@@QAE@MMMMMMMMMMMMMMMM@Z 10003030 f i RenderInterface.obj
 0001:00002150       ??BMat4x4@SpeedTree@@QAEPAMXZ 10003150 f i RenderInterface.obj
 0001:00002160       ??BMat4x4@SpeedTree@@QBEPBMXZ 10003160 f i RenderInterface.obj
 0001:00002170       ??DMat4x4@SpeedTree@@QBE?AV01@ABV01@@Z 10003170 f i RenderInterface.obj
 0001:00002370       ??XMat4x4@SpeedTree@@QAE?AV01@ABV01@@Z 10003370 f i RenderInterface.obj
 0001:00002530       ??DMat4x4@SpeedTree@@QBE?AVVec3@1@ABV21@@Z 10003530 f i RenderInterface.obj
 0001:00002600       ??DMat4x4@SpeedTree@@QBE?AVVec4@1@ABV21@@Z 10003600 f i RenderInterface.obj
 0001:00002720       ??8Mat4x4@SpeedTree@@QBE_NABV01@@Z 10003720 f i RenderInterface.obj
 0001:00002750       ??9Mat4x4@SpeedTree@@QBE_NABV01@@Z 10003750 f i RenderInterface.obj
 0001:00002780       ??4Mat4x4@SpeedTree@@QAEAAV01@ABV01@@Z 10003780 f i RenderInterface.obj
 0001:000027b0       ?SetIdentity@Mat4x4@SpeedTree@@QAEXXZ 100037b0 f i RenderInterface.obj
 0001:000027f0       ?Set@Mat4x4@SpeedTree@@QAEXQBM@Z 100037f0 f i RenderInterface.obj
 0001:00002810       ?Set@Mat4x4@SpeedTree@@QAEXMMMMMMMMMMMMMMMM@Z 10003810 f i RenderInterface.obj
 0001:00002930       ?GetVectorComponents@Mat4x4@SpeedTree@@QAEXAAVVec3@2@00@Z 10003930 f i RenderInterface.obj
 0001:000029e0       ?Invert@Mat4x4@SpeedTree@@QBE_NAAV12@@Z 100039e0 f i RenderInterface.obj
 0001:00002f40       ?Multiply4f@Mat4x4@SpeedTree@@QBEXQBMQAM@Z 10003f40 f i RenderInterface.obj
 0001:00003040       ?RotateX@Mat4x4@SpeedTree@@QAEXM@Z 10004040 f i RenderInterface.obj
 0001:00003110       ?RotateY@Mat4x4@SpeedTree@@QAEXM@Z 10004110 f i RenderInterface.obj
 0001:000031e0       ?RotateZ@Mat4x4@SpeedTree@@QAEXM@Z 100041e0 f i RenderInterface.obj
 0001:000032b0       ?RotateArbitrary@Mat4x4@SpeedTree@@QAEXABVVec3@2@M@Z 100042b0 f i RenderInterface.obj
 0001:00003480       ?Scale@Mat4x4@SpeedTree@@QAEXMMM@Z 10004480 f i RenderInterface.obj
 0001:00003510       ?Scale@Mat4x4@SpeedTree@@QAEXABVVec3@2@@Z 10004510 f i RenderInterface.obj
 0001:00003550       ?Translate@Mat4x4@SpeedTree@@QAEXMMM@Z 10004550 f i RenderInterface.obj
 0001:000035e0       ?Translate@Mat4x4@SpeedTree@@QAEXABVVec3@2@@Z 100045e0 f i RenderInterface.obj
 0001:00003620       ?Transpose@Mat4x4@SpeedTree@@QBE?AV12@XZ 10004620 f i RenderInterface.obj
 0001:00003750       ?LookAt@Mat4x4@SpeedTree@@QAEXABVVec3@2@00@Z 10004750 f i RenderInterface.obj
 0001:00003910       ?Ortho@Mat4x4@SpeedTree@@QAEXMMMMMM_N@Z 10004910 f i RenderInterface.obj
 0001:00003a60       ?Frustum@Mat4x4@SpeedTree@@QAEXMMMMMM@Z 10004a60 f i RenderInterface.obj
 0001:00003b80       ?Perspective@Mat4x4@SpeedTree@@QAEXMMMM@Z 10004b80 f i RenderInterface.obj
 0001:00003c80       ?AdjustPerspectiveNearAndFar@Mat4x4@SpeedTree@@QAEXMM@Z 10004c80 f i RenderInterface.obj
 0001:00003cc0       ??1CCoordSysBase@SpeedTree@@UAE@XZ 10004cc0 f i RenderInterface.obj
 0001:00003ce0       ?ConvertToStd@CCoordSysBase@SpeedTree@@QBE?AVVec3@2@QBM@Z 10004ce0 f i RenderInterface.obj
 0001:00003d20       ?ConvertFromStd@CCoordSysBase@SpeedTree@@QBE?AVVec3@2@QBM@Z 10004d20 f i RenderInterface.obj
 0001:00003d60       ??0CCoordSysBase@SpeedTree@@QAE@XZ 10004d60 f i RenderInterface.obj
 0001:00003d80       ??0CCoordSysBase@SpeedTree@@QAE@ABV01@@Z 10004d80 f i RenderInterface.obj
 0001:00003da0       ??4CCoordSysBase@SpeedTree@@QAEAAV01@ABV01@@Z 10004da0 f i RenderInterface.obj
 0001:00003db0       ??_GCCoordSysBase@SpeedTree@@UAEPAXI@Z 10004db0 f i RenderInterface.obj
 0001:00003de0       ??_ECCoordSysBase@SpeedTree@@UAEPAXI@Z 10004de0 f i RenderInterface.obj
 0001:00003e50       ??4CCoordSys@SpeedTree@@QAEAAV01@ABV01@@Z 10004e50 f i RenderInterface.obj
 0001:00003e60       ??4CExtents@SpeedTree@@QAEAAV01@ABV01@@Z 10004e60 f i RenderInterface.obj
 0001:00003ea0       ??0CExtents@SpeedTree@@QAE@XZ 10004ea0 f i RenderInterface.obj
 0001:00003f40       ??0CExtents@SpeedTree@@QAE@QBM@Z 10004f40 f i RenderInterface.obj
 0001:00003fb0       ??0CExtents@SpeedTree@@QAE@ABVVec3@1@0@Z 10004fb0 f i RenderInterface.obj
 0001:00003ff0       ??1CExtents@SpeedTree@@QAE@XZ 10004ff0 f i RenderInterface.obj
 0001:00004000       ?Reset@CExtents@SpeedTree@@QAEXXZ 10005000 f i RenderInterface.obj
 0001:00004060       ?SetToZeros@CExtents@SpeedTree@@QAEXXZ 10005060 f i RenderInterface.obj
 0001:000040b0       ?Order@CExtents@SpeedTree@@QAEXXZ 100050b0 f i RenderInterface.obj
 0001:00004160       ?Valid@CExtents@SpeedTree@@QBE_NXZ 10005160 f i RenderInterface.obj
 0001:00004200       ?ExpandAround@CExtents@SpeedTree@@QAEXQBM@Z 10005200 f i RenderInterface.obj
 0001:00004340       ?ExpandAround@CExtents@SpeedTree@@QAEXABVVec3@2@@Z 10005340 f i RenderInterface.obj
 0001:00004480       ?ExpandAround@CExtents@SpeedTree@@QAEXABVVec3@2@M@Z 10005480 f i RenderInterface.obj
 0001:00004690       ?ExpandAround@CExtents@SpeedTree@@QAEXABV12@@Z 10005690 f i RenderInterface.obj
 0001:00004850       ?Scale@CExtents@SpeedTree@@QAEXM@Z 10005850 f i RenderInterface.obj
 0001:00004890       ?Translate@CExtents@SpeedTree@@QAEXABVVec3@2@@Z 10005890 f i RenderInterface.obj
 0001:000048d0       ?Orient@CExtents@SpeedTree@@QAEXABVVec3@2@0@Z 100058d0 f i RenderInterface.obj
 0001:00004d80       ?Rotate@CExtents@SpeedTree@@QAEXM@Z 10005d80 f i RenderInterface.obj
 0001:00004f50       ?ComputeRadiusFromCenter3D@CExtents@SpeedTree@@QBEMXZ 10005f50 f i RenderInterface.obj
 0001:00004fa0       ?ComputeRadiusSquaredFromCenter3D@CExtents@SpeedTree@@QBEMXZ 10005fa0 f i RenderInterface.obj
 0001:00004ff0       ?ComputeRadiusFromCenter2D@CExtents@SpeedTree@@QBEMXZ 10005ff0 f i RenderInterface.obj
 0001:00005060       ?Min@CExtents@SpeedTree@@QBEABVVec3@2@XZ 10006060 f i RenderInterface.obj
 0001:00005070       ?Max@CExtents@SpeedTree@@QBEABVVec3@2@XZ 10006070 f i RenderInterface.obj
 0001:00005090       ?Midpoint@CExtents@SpeedTree@@QBEMI@Z 10006090 f i RenderInterface.obj
 0001:000050c0       ?GetCenter@CExtents@SpeedTree@@QBE?AVVec3@2@XZ 100060c0 f i RenderInterface.obj
 0001:00005100       ?GetDiagonal@CExtents@SpeedTree@@QBE?AVVec3@2@XZ 10006100 f i RenderInterface.obj
 0001:00005150       ?GetHeight@CExtents@SpeedTree@@QBEMXZ 10006150 f i RenderInterface.obj
 0001:00005170       ??BCExtents@SpeedTree@@QAEPAMXZ 10006170 f i RenderInterface.obj
 0001:00005180       ??BCExtents@SpeedTree@@QBEPBMXZ 10006180 f i RenderInterface.obj
 0001:00005190       ??1CAllocator@SpeedTree@@UAE@XZ 10006190 f i RenderInterface.obj
 0001:000051b0       ??0CAllocator@SpeedTree@@QAE@XZ 100061b0 f i RenderInterface.obj
 0001:000051d0       ??0CAllocator@SpeedTree@@QAE@ABV01@@Z 100061d0 f i RenderInterface.obj
 0001:000051f0       ??4CAllocator@SpeedTree@@QAEAAV01@ABV01@@Z 100061f0 f i RenderInterface.obj
 0001:00005200       ??_GCAllocator@SpeedTree@@UAEPAXI@Z 10006200 f i RenderInterface.obj
 0001:00005230       ??_ECAllocator@SpeedTree@@UAEPAXI@Z 10006230 f i RenderInterface.obj
 0001:000052a0       ??4CHeapSystem@SpeedTree@@QAEAAV01@ABV01@@Z 100062a0 f i RenderInterface.obj
 0001:000052b0       ??4SBranchWindLevel@CWind@SpeedTree@@QAEAAU012@ABU012@@Z 100062b0 f i RenderInterface.obj
 0001:000052e0       ??4SWindGroup@CWind@SpeedTree@@QAEAAU012@ABU012@@Z 100062e0 f i RenderInterface.obj
 0001:00005310       ??0SParams@CWind@SpeedTree@@QAE@ABU012@@Z 10006310 f i RenderInterface.obj
 0001:00005590       ??4SParams@CWind@SpeedTree@@QAEAAU012@ABU012@@Z 10006590 f i RenderInterface.obj
 0001:000055c0       ??0CWind@SpeedTree@@QAE@ABV01@@Z 100065c0 f i RenderInterface.obj
 0001:00005850       ??4CWind@SpeedTree@@QAEAAV01@ABV01@@Z 10006850 f i RenderInterface.obj
 0001:00005880       ?SetParams@CWind@SpeedTree@@QAEXABUSParams@12@@Z 10006880 f i RenderInterface.obj
 0001:000058a0       ?GetParams@CWind@SpeedTree@@QBEABUSParams@12@XZ 100068a0 f i RenderInterface.obj
 0001:000058b0       ?EnableGusting@CWind@SpeedTree@@QAEX_N@Z 100068b0 f i RenderInterface.obj
 0001:000058d0       ?SetGustFrequency@CWind@SpeedTree@@QAEXM@Z 100068d0 f i RenderInterface.obj
 0001:000058f0       ?SetTreeValues@CWind@SpeedTree@@QAEXABVVec3@2@M@Z 100068f0 f i RenderInterface.obj
 0001:00005940       ?GetBranchAnchor@CWind@SpeedTree@@QBEPBMXZ 10006940 f i RenderInterface.obj
 0001:00005960       ?GetMaxBranchLength@CWind@SpeedTree@@QBEMXZ 10006960 f i RenderInterface.obj
 0001:00005980       ?Normalize@CWind@SpeedTree@@IAEXPAM@Z 10006980 f i RenderInterface.obj
 0001:00005a30       ?SetOption@CWind@SpeedTree@@QAEXW4EOptions@12@_N@Z 10006a30 f i RenderInterface.obj
 0001:00005a50       ?IsOptionEnabled@CWind@SpeedTree@@QBE_NW4EOptions@12@@Z 10006a50 f i RenderInterface.obj
 0001:00005a70       ?IsGlobalWindEnabled@CWind@SpeedTree@@QBE_NXZ 10006a70 f i RenderInterface.obj
 0001:00005ac0       ?IsBranchWindEnabled@CWind@SpeedTree@@QBE_NXZ 10006ac0 f i RenderInterface.obj
 0001:00005b10       ?GetShaderTable@CWind@SpeedTree@@QBEPBMXZ 10006b10 f i RenderInterface.obj
 0001:00005b30       ??4?$Enumeration@W4EVertexFormatUntyped@SpeedTree@@D@SpeedTree@@QAEAAU01@ABU01@@Z 10006b30 f i RenderInterface.obj
 0001:00005b50       ??4?$Enumeration@W4EVertexPropertyUntyped@SpeedTree@@D@SpeedTree@@QAEAAU01@ABU01@@Z 10006b50 f i RenderInterface.obj
 0001:00005b70       ??4?$Enumeration@W4EVertexComponentUntyped@SpeedTree@@D@SpeedTree@@QAEAAU01@ABU01@@Z 10006b70 f i RenderInterface.obj
 0001:00005b90       ??4SAttribute@SVertexDecl@SpeedTree@@QAEAAU012@ABU012@@Z 10006b90 f i RenderInterface.obj
 0001:00005bc0       ??4?$Enumeration@W4EVertexAttributeUntyped@SpeedTree@@D@SpeedTree@@QAEAAU01@ABU01@@Z 10006bc0 f i RenderInterface.obj
 0001:00005be0       ??4SProperty@SVertexDecl@SpeedTree@@QAEAAU012@ABU012@@Z 10006be0 f i RenderInterface.obj
 0001:00005c10       ??0SPropertyComponent@SAttribDesc@SVertexDecl@SpeedTree@@QAE@XZ 10006c10 f i RenderInterface.obj
 0001:00005c40       ??4SPropertyComponent@SAttribDesc@SVertexDecl@SpeedTree@@QAEAAU0123@ABU0123@@Z 10006c40 f i RenderInterface.obj
 0001:00005c60       ??0SAttribDesc@SVertexDecl@SpeedTree@@QAE@XZ 10006c60 f i RenderInterface.obj
 0001:00005cd0       ??4SAttribDesc@SVertexDecl@SpeedTree@@QAEAAU012@ABU012@@Z 10006cd0 f i RenderInterface.obj
 0001:00005d00       ??4SVertexDecl@SpeedTree@@QAEAAU01@ABU01@@Z 10006d00 f i RenderInterface.obj
 0001:00005d30       ??4?$CPaddedPtr@$$CBD@SpeedTree@@QAEAAV01@ABV01@@Z 10006d30 f i RenderInterface.obj
 0001:00005d50       ??_F?$CPaddedPtr@$$CBD@SpeedTree@@QAEXXZ 10006d50 f i RenderInterface.obj
 0001:00005d70       ??1SRenderState@SpeedTree@@QAE@XZ 10006d70 f i RenderInterface.obj
 0001:00005d90       ??4SRenderState@SpeedTree@@QAEAAU01@ABU01@@Z 10006d90 f i RenderInterface.obj
 0001:00005dc0       ??4SVerticalBillboards@SpeedTree@@QAEAAU01@ABU01@@Z 10006dc0 f i RenderInterface.obj
 0001:00005df0       ??4SHorizontalBillboard@SpeedTree@@QAEAAU01@ABU01@@Z 10006df0 f i RenderInterface.obj
 0001:00005e20       ??4SCollisionObject@SpeedTree@@QAEAAU01@ABU01@@Z 10006e20 f i RenderInterface.obj
 0001:00005e50       ??4?$CPaddedPtr@USRenderState@SpeedTree@@@SpeedTree@@QAEAAV01@ABV01@@Z 10006e50 f i RenderInterface.obj
 0001:00005e70       ??_F?$CPaddedPtr@USRenderState@SpeedTree@@@SpeedTree@@QAEXXZ 10006e70 f i RenderInterface.obj
 0001:00005e90       ??4?$CPaddedPtr@E@SpeedTree@@QAEAAV01@ABV01@@Z 10006e90 f i RenderInterface.obj
 0001:00005eb0       ??_F?$CPaddedPtr@E@SpeedTree@@QAEXXZ 10006eb0 f i RenderInterface.obj
 0001:00005ed0       ??4SDrawCall@SpeedTree@@QAEAAU01@ABU01@@Z 10006ed0 f i RenderInterface.obj
 0001:00005f00       ??4SBone@SpeedTree@@QAEAAU01@ABU01@@Z 10006f00 f i RenderInterface.obj
 0001:00005f30       ??4?$CPaddedPtr@USDrawCall@SpeedTree@@@SpeedTree@@QAEAAV01@ABV01@@Z 10006f30 f i RenderInterface.obj
 0001:00005f50       ??_F?$CPaddedPtr@USDrawCall@SpeedTree@@@SpeedTree@@QAEXXZ 10006f50 f i RenderInterface.obj
 0001:00005f70       ??4?$CPaddedPtr@USBone@SpeedTree@@@SpeedTree@@QAEAAV01@ABV01@@Z 10006f70 f i RenderInterface.obj
 0001:00005f90       ??_F?$CPaddedPtr@USBone@SpeedTree@@@SpeedTree@@QAEXXZ 10006f90 f i RenderInterface.obj
 0001:00005fb0       ??4SLod@SpeedTree@@QAEAAU01@ABU01@@Z 10006fb0 f i RenderInterface.obj
 0001:00005ff0       ??4?$CPaddedPtr@USLod@SpeedTree@@@SpeedTree@@QAEAAV01@ABV01@@Z 10006ff0 f i RenderInterface.obj
 0001:00006010       ??_F?$CPaddedPtr@USLod@SpeedTree@@@SpeedTree@@QAEXXZ 10007010 f i RenderInterface.obj
 0001:00006030       ??4SGeometry@SpeedTree@@QAEAAU01@ABU01@@Z 10007030 f i RenderInterface.obj
 0001:00006060       ??4SLodProfile@SpeedTree@@QAEAAU01@ABU01@@Z 10007060 f i RenderInterface.obj
 0001:00006090       ??4CAllocatorInterface@SpeedTree@@QAEAAV01@ABV01@@Z 10007090 f i RenderInterface.obj
 0001:000060a0       ??4CFileSystemInterface@SpeedTree@@QAEAAV01@ABV01@@Z 100070a0 f i RenderInterface.obj
 0001:000060b0       ??0SHueVariationParams@CCore@SpeedTree@@QAE@XZ 100070b0 f i RenderInterface.obj
 0001:000060f0       ??4SHueVariationParams@CCore@SpeedTree@@QAEAAU012@ABU012@@Z 100070f0 f i RenderInterface.obj
 0001:00006130       ??4SResourceStats@CCore@SpeedTree@@QAEAAU012@ABU012@@Z 10007130 f i RenderInterface.obj
 0001:00006160       ??0SResourceSummary@CCore@SpeedTree@@QAE@XZ 10007160 f i RenderInterface.obj
 0001:000061b0       ??4SResourceSummary@CCore@SpeedTree@@QAEAAU012@ABU012@@Z 100071b0 f i RenderInterface.obj
 0001:000061e0       ??4CCore@SpeedTree@@QAEAAV01@ABV01@@Z 100071e0 f i RenderInterface.obj
 0001:000063d0       ??0SLodProfile@SpeedTree@@QAE@XZ 100073d0 f i RenderInterface.obj
 0001:00006430       ?IsValid@SLodProfile@SpeedTree@@QBE_NXZ 10007430 f i RenderInterface.obj
 0001:000064c0       ?ComputeDerived@SLodProfile@SpeedTree@@QAEXXZ 100074c0 f i RenderInterface.obj
 0001:000064f0       ?Scale@SLodProfile@SpeedTree@@QAEXM@Z 100074f0 f i RenderInterface.obj
 0001:00006540       ?Square@SLodProfile@SpeedTree@@QBEXAAU12@@Z 10007540 f i RenderInterface.obj
 0001:000065c0       ??BSLodProfile@SpeedTree@@QBEPBMXZ 100075c0 f i RenderInterface.obj
 0001:000065d0       ?GetFilename@CCore@SpeedTree@@QBEPBDXZ 100075d0 f i RenderInterface.obj
 0001:000065f0       ?GetGeometry@CCore@SpeedTree@@QBEPBUSGeometry@2@XZ 100075f0 f i RenderInterface.obj
 0001:00006610       ?GetExtents@CCore@SpeedTree@@QBEABVCExtents@2@XZ 10007610 f i RenderInterface.obj
 0001:00006630       ?IsLoadedAsGrassModel@CCore@SpeedTree@@QBE_NXZ 10007630 f i RenderInterface.obj
 0001:00006650       ?AreTexCoordsFlipped@CCore@SpeedTree@@QBE_NXZ 10007650 f i RenderInterface.obj
 0001:00006670       ?GetLodProfile@CCore@SpeedTree@@QBEABUSLodProfile@2@XZ 10007670 f i RenderInterface.obj
 0001:00006690       ?GetLodProfileSquared@CCore@SpeedTree@@QBEABUSLodProfile@2@XZ 10007690 f i RenderInterface.obj
 0001:000066b0       ?SetLodProfile@CCore@SpeedTree@@QAE_NABUSLodProfile@2@@Z 100076b0 f i RenderInterface.obj
 0001:00006720       ?ComputeLodSnapshot@CCore@SpeedTree@@QBEHM@Z 10007720 f i RenderInterface.obj
 0001:000067c0       ?ComputeLodByDistance@CCore@SpeedTree@@QBEMM@Z 100077c0 f i RenderInterface.obj
 0001:00006880       ?ComputeLodByDistanceSquared@CCore@SpeedTree@@QBEMM@Z 10007880 f i RenderInterface.obj
 0001:00006940       ?ComputeLodTransition@CCore@SpeedTree@@SAMMH@Z 10007940 f i RenderInterface.obj
 0001:000069f0       ?GetWind@CCore@SpeedTree@@QAEAAVCWind@2@XZ 100079f0 f i RenderInterface.obj
 0001:00006a10       ?GetWind@CCore@SpeedTree@@QBEABVCWind@2@XZ 10007a10 f i RenderInterface.obj
 0001:00006a30       ?GetWindShaderTable@CCore@SpeedTree@@QBEPBMXZ 10007a30 f i RenderInterface.obj
 0001:00006a50       ?GetCollisionObjects@CCore@SpeedTree@@QBEPBUSCollisionObject@2@AAH@Z 10007a50 f i RenderInterface.obj
 0001:00006a80       ?SetHueVariationParams@CCore@SpeedTree@@QAEXABUSHueVariationParams@12@@Z 10007a80 f i RenderInterface.obj
 0001:00006ac0       ?GetHueVariationParams@CCore@SpeedTree@@QBEABUSHueVariationParams@12@XZ 10007ac0 f i RenderInterface.obj
 0001:00006ae0       ?SetAmbientImageScalar@CCore@SpeedTree@@QAEXM@Z 10007ae0 f i RenderInterface.obj
 0001:00006b00       ?GetAmbientImageScalar@CCore@SpeedTree@@QBEMXZ 10007b00 f i RenderInterface.obj
 0001:00006b20       ?GetUserString@CCore@SpeedTree@@QBEPBDW4EUserStringOrdinal@12@@Z 10007b20 f i RenderInterface.obj
 0001:00006b40       ?GetUserData@CCore@SpeedTree@@QBEPAXXZ 10007b40 f i RenderInterface.obj
 0001:00006b60       ?SetUserData@CCore@SpeedTree@@QAEXPAX@Z 10007b60 f i RenderInterface.obj
 0001:00006b80       ?UncompressVec3@CCore@SpeedTree@@SA?AVVec3@2@PBE@Z 10007b80 f i RenderInterface.obj
 0001:00006c20       ?UncompressScalar@CCore@SpeedTree@@SAME@Z 10007c20 f i RenderInterface.obj
 0001:00006c60       ?CompressScalar@CCore@SpeedTree@@SAEM@Z 10007c60 f i RenderInterface.obj
 0001:00006ca0       ?CompressVec3@CCore@SpeedTree@@SAXQAEABVVec3@2@@Z 10007ca0 f i RenderInterface.obj
 0001:00006d70       ?GetVertexPropertyDesc@CCore@SpeedTree@@SAABUSVertexPropertyDesc@2@U?$Enumeration@W4EVertexPropertyUntyped@SpeedTree@@D@2@@Z 10007d70 f i RenderInterface.obj
 0001:00006d90       ?GetPixelPropertyDesc@CCore@SpeedTree@@SAABUSPixelPropertyDesc@2@W4EPixelProperty@2@@Z 10007d90 f i RenderInterface.obj
 0001:00006da0       ?ComponentName@CCore@SpeedTree@@SAPBDH@Z 10007da0 f i RenderInterface.obj
 0001:00006dd0       ?SrtBuffer@CCore@SpeedTree@@IBEPBEXZ 10007dd0 f i RenderInterface.obj
 0001:00006e10       ??0SRenderState@SpeedTree@@QAE@XZ 10007e10 f i RenderInterface.obj
 0001:00007120       ??8SRenderState@SpeedTree@@QBE_NABU01@@Z 10008120 f i RenderInterface.obj
 0001:00007a60       ??9SRenderState@SpeedTree@@QBE_NABU01@@Z 10008a60 f i RenderInterface.obj
 0001:00007a90       ?IsPerPixelModelActive@SRenderState@SpeedTree@@QBE_NXZ 10008a90 f i RenderInterface.obj
 0001:00007ad0       ?IsLightingModelInTransition@SRenderState@SpeedTree@@QBE_NXZ 10008ad0 f i RenderInterface.obj
 0001:00007af0       ?VertexShaderHashName@SRenderState@SpeedTree@@QBE?AV?$CBasicFixedString@$0BAA@@2@ABVCWind@2@W4EShadowConfig@12@@Z 10008af0 f i RenderInterface.obj
 0001:00008310       ?Get5xModeHashName@SpeedTree@@YA?AV?$CBasicFixedString@$0BAA@@1@ABUSRenderState@1@@Z 10009310 f i RenderInterface.obj
 0001:00008490       ?Base36@SpeedTree@@YA?AV?$CBasicFixedString@$0BAA@@1@I@Z 10009490 f i RenderInterface.obj
 0001:000086a0       ?WindStateHashName@SRenderState@SpeedTree@@QBE?AV?$CBasicFixedString@$0BAA@@2@ABVCWind@2@@Z 100096a0 f i RenderInterface.obj
 0001:00008c10       ?PixelShaderHashName@SRenderState@SpeedTree@@QBE?AV?$CBasicFixedString@$0BAA@@2@W4EShadowConfig@12@@Z 10009c10 f i RenderInterface.obj
 0001:000091f0       ?GetPixelProperties@SRenderState@SpeedTree@@QBEXQA_N@Z 1000a1f0 f i RenderInterface.obj
 0001:00009530       ?GetInstanceType@SRenderState@SpeedTree@@QBE?AW4EInstanceType@SVertexDecl@2@XZ 1000a530 f i RenderInterface.obj
 0001:000095d0       ?ShaderGenHasFixedDecls@SRenderState@SpeedTree@@QBE_NXZ 1000a5d0 f i RenderInterface.obj
 0001:00009620       ?ShaderGenerationMode@SRenderState@SpeedTree@@QBE?AW4EShaderGenerationMode@2@XZ 1000a620 f i RenderInterface.obj
 0001:00009640       ?IsTextureLayerPresent@SRenderState@SpeedTree@@QBE_NW4ETextureLayer@2@@Z 1000a640 f i RenderInterface.obj
 0001:00009690       ?VertexDeclHash@SRenderState@SpeedTree@@ABE?AV?$CBasicFixedString@$0BAA@@2@XZ 1000a690 f i RenderInterface.obj
 0001:00009770       ?PixelDeclHash@SRenderState@SpeedTree@@ABE?AV?$CBasicFixedString@$0BAA@@2@XZ 1000a770 f i RenderInterface.obj
 0001:00009890       ?IsBranchWindEnabled@SRenderState@SpeedTree@@QBE_NXZ 1000a890 f i RenderInterface.obj
 0001:00009910       ?IsGlobalWindEnabled@SRenderState@SpeedTree@@QBE_NXZ 1000a910 f i RenderInterface.obj
 0001:00009930       ?IsFullWindEnabled@SRenderState@SpeedTree@@QBE_NXZ 1000a930 f i RenderInterface.obj
 0001:00009980       ?MakeDepthOnly@SRenderState@SpeedTree@@QAEXXZ 1000a980 f i RenderInterface.obj
 0001:000099d0       ?MakeShadowCast@SRenderState@SpeedTree@@QAEXXZ 1000a9d0 f i RenderInterface.obj
 0001:00009a30       ?HasOnlyBranches@SRenderState@SpeedTree@@QBE_NXZ 1000aa30 f i RenderInterface.obj
 0001:00009aa0       ?HasOnlyFronds@SRenderState@SpeedTree@@QBE_NXZ 1000aaa0 f i RenderInterface.obj
 0001:00009b10       ?HasOnlyLeaves@SRenderState@SpeedTree@@QBE_N_N0@Z 1000ab10 f i RenderInterface.obj
 0001:00009c80       ?HasOnlyRigidMeshes@SRenderState@SpeedTree@@QBE_NXZ 1000ac80 f i RenderInterface.obj
 0001:00009cf0       ??0SVerticalBillboards@SpeedTree@@QAE@XZ 1000acf0 f i RenderInterface.obj
 0001:00009d70       ??1SVerticalBillboards@SpeedTree@@QAE@XZ 1000ad70 f i RenderInterface.obj
 0001:00009d80       ??0SHorizontalBillboard@SpeedTree@@QAE@XZ 1000ad80 f i RenderInterface.obj
 0001:00009e30       ??1SHorizontalBillboard@SpeedTree@@QAE@XZ 1000ae30 f i RenderInterface.obj
 0001:00009e40       ??0SCollisionObject@SpeedTree@@QAE@XZ 1000ae40 f i RenderInterface.obj
 0001:00009eb0       ??1SCollisionObject@SpeedTree@@QAE@XZ 1000aeb0 f i RenderInterface.obj
 0001:00009ec0       ??0SDrawCall@SpeedTree@@QAE@XZ 1000aec0 f i RenderInterface.obj
 0001:00009f40       ??1SDrawCall@SpeedTree@@QAE@XZ 1000af40 f i RenderInterface.obj
 0001:00009f50       ??0SBone@SpeedTree@@QAE@XZ 1000af50 f i RenderInterface.obj
 0001:00009fe0       ??0SLod@SpeedTree@@QAE@XZ  1000afe0 f i RenderInterface.obj
 0001:0000a040       ??1SLod@SpeedTree@@QAE@XZ  1000b040 f i RenderInterface.obj
 0001:0000a050       ??0SGeometry@SpeedTree@@QAE@XZ 1000b050 f i RenderInterface.obj
 0001:0000a150       ??1SGeometry@SpeedTree@@QAE@XZ 1000b150 f i RenderInterface.obj
 0001:0000a1b0       ?GetProperty@SDrawCall@SpeedTree@@QBE_NU?$Enumeration@W4EVertexPropertyUntyped@SpeedTree@@D@2@HQAM@Z 1000b1b0 f i RenderInterface.obj
 0001:0000a3a0       ?GetProperty@SDrawCall@SpeedTree@@QBE_NU?$Enumeration@W4EVertexPropertyUntyped@SpeedTree@@D@2@HQAVst_float16@2@@Z 1000b3a0 f i RenderInterface.obj
 0001:0000a5b0       ?GetProperty@SDrawCall@SpeedTree@@QBE_NU?$Enumeration@W4EVertexPropertyUntyped@SpeedTree@@D@2@HQAE@Z 1000b5b0 f i RenderInterface.obj
 0001:0000a690       ?SetProperty@SDrawCall@SpeedTree@@QAE_NU?$Enumeration@W4EVertexPropertyUntyped@SpeedTree@@D@2@HQBM@Z 1000b690 f i RenderInterface.obj
 0001:0000a770       ?SetProperty@SDrawCall@SpeedTree@@QAE_NU?$Enumeration@W4EVertexPropertyUntyped@SpeedTree@@D@2@HQBVst_float16@2@@Z 1000b770 f i RenderInterface.obj
 0001:0000a850       ?SetProperty@SDrawCall@SpeedTree@@QAE_NU?$Enumeration@W4EVertexPropertyUntyped@SpeedTree@@D@2@HQBE@Z 1000b850 f i RenderInterface.obj
 0001:0000a930       ??0SAttribute@SVertexDecl@SpeedTree@@QAE@XZ 1000b930 f i RenderInterface.obj
 0001:0000a9c0       ?IsUsed@SAttribute@SVertexDecl@SpeedTree@@QBE_NXZ 1000b9c0 f i RenderInterface.obj
 0001:0000aa10       ?NumEmptyComponents@SAttribute@SVertexDecl@SpeedTree@@QBEHXZ 1000ba10 f i RenderInterface.obj
 0001:0000aa70       ?NumUsedComponents@SAttribute@SVertexDecl@SpeedTree@@QBEHXZ 1000ba70 f i RenderInterface.obj
 0001:0000aa90       ?Size@SAttribute@SVertexDecl@SpeedTree@@QBEHXZ 1000ba90 f i RenderInterface.obj
 0001:0000aae0       ?Clear@SAttribute@SVertexDecl@SpeedTree@@QAEXXZ 1000bae0 f i RenderInterface.obj
 0001:0000ab40       ?FirstFreeComponent@SAttribute@SVertexDecl@SpeedTree@@QBE?AU?$Enumeration@W4EVertexComponentUntyped@SpeedTree@@D@3@XZ 1000bb40 f i RenderInterface.obj
 0001:0000ab90       ??0SProperty@SVertexDecl@SpeedTree@@QAE@XZ 1000bb90 f i RenderInterface.obj
 0001:0000ac50       ?IsPresent@SProperty@SVertexDecl@SpeedTree@@QBE_NXZ 1000bc50 f i RenderInterface.obj
 0001:0000acb0       ?IsContiguous@SProperty@SVertexDecl@SpeedTree@@QBE_NXZ 1000bcb0 f i RenderInterface.obj
 0001:0000ada0       ?NumComponents@SProperty@SVertexDecl@SpeedTree@@QBEHXZ 1000bda0 f i RenderInterface.obj
 0001:0000adf0       ??0SVertexDecl@SpeedTree@@QAE@XZ 1000bdf0 f i RenderInterface.obj
 0001:0000ae70       ??9SVertexDecl@SpeedTree@@QBE_NABU01@@Z 1000be70 f i RenderInterface.obj
 0001:0000aea0       ??MSVertexDecl@SpeedTree@@QBE_NABU01@@Z 1000bea0 f i RenderInterface.obj
 0001:0000aed0       ?FormatName@SVertexDecl@SpeedTree@@SAPBDU?$Enumeration@W4EVertexFormatUntyped@SpeedTree@@D@2@@Z 1000bed0 f i RenderInterface.obj
 0001:0000af00       ?FormatSize@SVertexDecl@SpeedTree@@SAHU?$Enumeration@W4EVertexFormatUntyped@SpeedTree@@D@2@@Z 1000bf00 f i RenderInterface.obj
 0001:0000af30       ?AttributeName@SVertexDecl@SpeedTree@@SAPBDU?$Enumeration@W4EVertexAttributeUntyped@SpeedTree@@D@2@@Z 1000bf30 f i RenderInterface.obj
 0001:0000afd0       ?GetDescription@SVertexDecl@SpeedTree@@QBEXAAV?$CBasicString@$00@2@@Z 1000bfd0 f i RenderInterface.obj
 0001:0000b270       ??_G?$CArray@D$00@SpeedTree@@UAEPAXI@Z 1000c270 f i RenderInterface.obj
 0001:0000b2c0       ??_E?$CArray@D$00@SpeedTree@@UAEPAXI@Z 1000c2c0 f i RenderInterface.obj
 0001:0000b350       ??_G?$CBasicString@$00@SpeedTree@@UAEPAXI@Z 1000c350 f i RenderInterface.obj
 0001:0000b380       ??_E?$CBasicString@$00@SpeedTree@@UAEPAXI@Z 1000c380 f i RenderInterface.obj
 0001:0000b3f0       ?MergeObjectAndInstanceVertexDecls@SVertexDecl@SpeedTree@@SA_NAAU12@ABU12@W4EInstanceType@12@@Z 1000c3f0 f i RenderInterface.obj
 0001:0000b550       ?Set@SVertexDecl@SpeedTree@@QAE_NPBUSAttribDesc@12@@Z 1000c550 f i RenderInterface.obj
 0001:0000b6f0       ??_H@YGXPAXIHP6EPAX0@Z@Z   1000c6f0 f i RenderInterface.obj
 0001:0000b720       ??4CTimer@SpeedTree@@QAEAAV01@ABV01@@Z 1000c720 f i RenderInterface.obj
 0001:0000b750       ??_FCTimer@SpeedTree@@QAEXXZ 1000c750 f i RenderInterface.obj
 0001:0000b770       ??0CTimer@SpeedTree@@QAE@_N@Z 1000c770 f i RenderInterface.obj
 0001:0000b7f0       ?Start@CTimer@SpeedTree@@QAEXXZ 1000c7f0 f i RenderInterface.obj
 0001:0000b820       ?Stop@CTimer@SpeedTree@@QBEMXZ 1000c820 f i RenderInterface.obj
 0001:0000b870       ?GetMicroSec@CTimer@SpeedTree@@QBEMXZ 1000c870 f i RenderInterface.obj
 0001:0000b8c0       ?GetMilliSec@CTimer@SpeedTree@@QBEMXZ 1000c8c0 f i RenderInterface.obj
 0001:0000b910       ?GetSec@CTimer@SpeedTree@@QBEMXZ 1000c910 f i RenderInterface.obj
 0001:0000b950       ?Mark@CTimer@SpeedTree@@QAEXH@Z 1000c950 f i RenderInterface.obj
 0001:0000b990       ?Recall@CTimer@SpeedTree@@QAEMH@Z 1000c990 f i RenderInterface.obj
 0001:0000b9c0       ??_G?$CArray@PAUSNode@CScopeTrace@SpeedTree@@$00@SpeedTree@@UAEPAXI@Z 1000c9c0 f i RenderInterface.obj
 0001:0000ba10       ??_E?$CArray@PAUSNode@CScopeTrace@SpeedTree@@$00@SpeedTree@@UAEPAXI@Z 1000ca10 f i RenderInterface.obj
 0001:0000baa0       ??4CScopeTrace@SpeedTree@@QAEAAV01@ABV01@@Z 1000caa0 f i RenderInterface.obj
 0001:0000bab0       ??0CScopeTrace@SpeedTree@@QAE@PBD@Z 1000cab0 f i RenderInterface.obj
 0001:0000bac0       ??1CScopeTrace@SpeedTree@@QAE@XZ 1000cac0 f i RenderInterface.obj
 0001:0000bad0       ?Init@CScopeTrace@SpeedTree@@SAXXZ 1000cad0 f i RenderInterface.obj
 0001:0000bae0       ?Start@CScopeTrace@SpeedTree@@SAXXZ 1000cae0 f i RenderInterface.obj
 0001:0000baf0       ?IsActive@CScopeTrace@SpeedTree@@SA_NXZ 1000caf0 f i RenderInterface.obj
 0001:0000bb00       ?Stop@CScopeTrace@SpeedTree@@SAXXZ 1000cb00 f i RenderInterface.obj
 0001:0000bb10       ?Report@CScopeTrace@SpeedTree@@SAXW4EReportFormat@12@AAV?$CBasicString@$00@2@PAUSNode@12@@Z 1000cb10 f i RenderInterface.obj
 0001:0000bb20       ??4SHeapReserves@SpeedTree@@QAEAAU01@ABU01@@Z 1000cb20 f i RenderInterface.obj
 0001:0000bb50       ??4SInstance@SpeedTree@@QAEAAU01@ABU01@@Z 1000cb50 f i RenderInterface.obj
 0001:0000bb80       ??4STreeInstance@SpeedTree@@QAEAAU01@ABU01@@Z 1000cb80 f i RenderInterface.obj
 0001:0000bbb0       ??0?$CBlockPool@$00@SpeedTree@@QAE@ABV01@@Z 1000cbb0 f i RenderInterface.obj
 0001:0000bc10       ??_G?$CBlockPool@$00@SpeedTree@@UAEPAXI@Z 1000cc10 f i RenderInterface.obj
 0001:0000bc50       ??_E?$CBlockPool@$00@SpeedTree@@UAEPAXI@Z 1000cc50 f i RenderInterface.obj
 0001:0000bcd0       ??_F?$CMap@PBVCCore@SpeedTree@@V?$CArray@USInstance@SpeedTree@@$00@2@V?$CLess@PBVCCore@SpeedTree@@@2@$00@SpeedTree@@QAEXXZ 1000ccd0 f i RenderInterface.obj
 0001:0000bcf0       ??_G?$CMap@PBVCCore@SpeedTree@@V?$CArray@USInstance@SpeedTree@@$00@2@V?$CLess@PBVCCore@SpeedTree@@@2@$00@SpeedTree@@UAEPAXI@Z 1000ccf0 f i RenderInterface.obj
 0001:0000bd80       ??_E?$CMap@PBVCCore@SpeedTree@@V?$CArray@USInstance@SpeedTree@@$00@2@V?$CLess@PBVCCore@SpeedTree@@@2@$00@SpeedTree@@UAEPAXI@Z 1000cd80 f i RenderInterface.obj
 0001:0000be50       ??_G?$CArray@PBUSTreeInstance@SpeedTree@@$00@SpeedTree@@UAEPAXI@Z 1000ce50 f i RenderInterface.obj
 0001:0000bea0       ??_E?$CArray@PBUSTreeInstance@SpeedTree@@$00@SpeedTree@@UAEPAXI@Z 1000cea0 f i RenderInterface.obj
 0001:0000bf30       ??_G?$CArray@USInstance@SpeedTree@@$00@SpeedTree@@UAEPAXI@Z 1000cf30 f i RenderInterface.obj
 0001:0000bf80       ??_E?$CArray@USInstance@SpeedTree@@$00@SpeedTree@@UAEPAXI@Z 1000cf80 f i RenderInterface.obj
 0001:0000c010       ??4S3dTreeInstanceLod@SpeedTree@@QAEAAU01@ABU01@@Z 1000d010 f i RenderInterface.obj
 0001:0000c050       ??_G?$CArray@US3dTreeInstanceLod@SpeedTree@@$00@SpeedTree@@UAEPAXI@Z 1000d050 f i RenderInterface.obj
 0001:0000c0a0       ??_E?$CArray@US3dTreeInstanceLod@SpeedTree@@$00@SpeedTree@@UAEPAXI@Z 1000d0a0 f i RenderInterface.obj
 0001:0000c130       ??_G?$CArray@PAUSInstance@SpeedTree@@$00@SpeedTree@@UAEPAXI@Z 1000d130 f i RenderInterface.obj
 0001:0000c180       ??_E?$CArray@PAUSInstance@SpeedTree@@$00@SpeedTree@@UAEPAXI@Z 1000d180 f i RenderInterface.obj
 0001:0000c210       ??1SDetailedCullData@SpeedTree@@QAE@XZ 1000d210 f i RenderInterface.obj
 0001:0000c2c0       ??0SDetailedCullData@SpeedTree@@QAE@ABU01@@Z 1000d2c0 f i RenderInterface.obj
 0001:0000c3f0       ??4SDetailedCullData@SpeedTree@@QAEAAU01@ABU01@@Z 1000d3f0 f i RenderInterface.obj
 0001:0000c460       ??_G?$CArray@VCCell@SpeedTree@@$00@SpeedTree@@UAEPAXI@Z 1000d460 f i RenderInterface.obj
 0001:0000c4b0       ??_E?$CArray@VCCell@SpeedTree@@$00@SpeedTree@@UAEPAXI@Z 1000d4b0 f i RenderInterface.obj
 0001:0000c540       ??1CView@SpeedTree@@QAE@XZ 1000d540 f i RenderInterface.obj
 0001:0000c550       ??4CView@SpeedTree@@QAEAAV01@ABV01@@Z 1000d550 f i RenderInterface.obj
 0001:0000c7f0       ??_G?$CArray@PAUSHeapBlock@?$CCellHeapMgr@VCCell@SpeedTree@@@SpeedTree@@$00@SpeedTree@@UAEPAXI@Z 1000d7f0 f i RenderInterface.obj
 0001:0000c840       ??_E?$CArray@PAUSHeapBlock@?$CCellHeapMgr@VCCell@SpeedTree@@@SpeedTree@@$00@SpeedTree@@UAEPAXI@Z 1000d840 f i RenderInterface.obj
 0001:0000c8d0       ??_G?$CArray@PAVCCell@SpeedTree@@$00@SpeedTree@@UAEPAXI@Z 1000d8d0 f i RenderInterface.obj
 0001:0000c920       ??_E?$CArray@PAVCCell@SpeedTree@@$00@SpeedTree@@UAEPAXI@Z 1000d920 f i RenderInterface.obj
 0001:0000c9b0       ??0?$CCellHeapMgr@VCCell@SpeedTree@@@SpeedTree@@QAE@ABV01@@Z 1000d9b0 f i RenderInterface.obj
 0001:0000cae0       ??4?$CCellHeapMgr@VCCell@SpeedTree@@@SpeedTree@@QAEAAV01@ABV01@@Z 1000dae0 f i RenderInterface.obj
 0001:0000cb50       ??_F?$CMap@USRowCol@SpeedTree@@PAVCCell@2@V?$CLess@USRowCol@SpeedTree@@@2@$00@SpeedTree@@QAEXXZ 1000db50 f i RenderInterface.obj
 0001:0000cb70       ??_G?$CMap@USRowCol@SpeedTree@@PAVCCell@2@V?$CLess@USRowCol@SpeedTree@@@2@$00@SpeedTree@@UAEPAXI@Z 1000db70 f i RenderInterface.obj
 0001:0000cc00       ??_E?$CMap@USRowCol@SpeedTree@@PAVCCell@2@V?$CLess@USRowCol@SpeedTree@@@2@$00@SpeedTree@@UAEPAXI@Z 1000dc00 f i RenderInterface.obj
 0001:0000ccd0       ??_G?$CArray@USDetailedCullData@SpeedTree@@$00@SpeedTree@@UAEPAXI@Z 1000dcd0 f i RenderInterface.obj
 0001:0000cd40       ??_E?$CArray@USDetailedCullData@SpeedTree@@$00@SpeedTree@@UAEPAXI@Z 1000dd40 f i RenderInterface.obj
 0001:0000cdf0       ??0CVisibleInstances@SpeedTree@@QAE@ABV01@@Z 1000ddf0 f i RenderInterface.obj
 0001:0000cfe0       ??4CVisibleInstances@SpeedTree@@QAEAAV01@ABV01@@Z 1000dfe0 f i RenderInterface.obj
 0001:0000d130       ??_FCVisibleInstances@SpeedTree@@QAEXXZ 1000e130 f i RenderInterface.obj
 0001:0000d150       ??_GCVisibleInstances@SpeedTree@@UAEPAXI@Z 1000e150 f i RenderInterface.obj
 0001:0000d180       ??_ECVisibleInstances@SpeedTree@@UAEPAXI@Z 1000e180 f i RenderInterface.obj
 0001:0000d1f0       ??0CForest@SpeedTree@@QAE@ABV01@@Z 1000e1f0 f i RenderInterface.obj
 0001:0000d2c0       ??4CForest@SpeedTree@@QAEAAV01@ABV01@@Z 1000e2c0 f i RenderInterface.obj
 0001:0000d390       ??_GCForest@SpeedTree@@UAEPAXI@Z 1000e390 f i RenderInterface.obj
 0001:0000d3c0       ??_ECForest@SpeedTree@@UAEPAXI@Z 1000e3c0 f i RenderInterface.obj
 0001:0000d430       ??0SHeapReserves@SpeedTree@@QAE@XZ 1000e430 f i RenderInterface.obj
 0001:0000d490       ??0CView@SpeedTree@@QAE@XZ 1000e490 f i RenderInterface.obj
 0001:0000d7c0       ?SetLodRefPoint@CView@SpeedTree@@QAEXABVVec3@2@@Z 1000e7c0 f i RenderInterface.obj
 0001:0000d7f0       ?GetCameraPos@CView@SpeedTree@@QBEABVVec3@2@XZ 1000e7f0 f i RenderInterface.obj
 0001:0000d800       ?GetLodRefPoint@CView@SpeedTree@@QBEABVVec3@2@XZ 1000e800 f i RenderInterface.obj
 0001:0000d820       ?GetProjection@CView@SpeedTree@@QBEABVMat4x4@2@XZ 1000e820 f i RenderInterface.obj
 0001:0000d840       ?GetModelview@CView@SpeedTree@@QBEABVMat4x4@2@XZ 1000e840 f i RenderInterface.obj
 0001:0000d860       ?GetModelviewNoTranslate@CView@SpeedTree@@QBEABVMat4x4@2@XZ 1000e860 f i RenderInterface.obj
 0001:0000d880       ?GetNearClip@CView@SpeedTree@@QBEMXZ 1000e880 f i RenderInterface.obj
 0001:0000d8a0       ?GetFarClip@CView@SpeedTree@@QBEMXZ 1000e8a0 f i RenderInterface.obj
 0001:0000d8c0       ?GetCameraDir@CView@SpeedTree@@QBEABVVec3@2@XZ 1000e8c0 f i RenderInterface.obj
 0001:0000d8e0       ?GetComposite@CView@SpeedTree@@QBEABVMat4x4@2@XZ 1000e8e0 f i RenderInterface.obj
 0001:0000d900       ?GetCompositeNoTranslate@CView@SpeedTree@@QBEABVMat4x4@2@XZ 1000e900 f i RenderInterface.obj
 0001:0000d920       ?GetProjectionInverse@CView@SpeedTree@@QBEABVMat4x4@2@XZ 1000e920 f i RenderInterface.obj
 0001:0000d940       ?GetCameraAzimuth@CView@SpeedTree@@QBEMXZ 1000e940 f i RenderInterface.obj
 0001:0000d960       ?GetCameraPitch@CView@SpeedTree@@QBEMXZ 1000e960 f i RenderInterface.obj
 0001:0000d980       ?GetFrustumPoints@CView@SpeedTree@@QBEPBVVec3@2@XZ 1000e980 f i RenderInterface.obj
 0001:0000d9a0       ?GetFrustumPlanes@CView@SpeedTree@@QBEPBVVec4@2@XZ 1000e9a0 f i RenderInterface.obj
 0001:0000d9c0       ?GetFrustumExtents@CView@SpeedTree@@QBEABVCExtents@2@XZ 1000e9c0 f i RenderInterface.obj
 0001:0000d9e0       ?GetCameraFacingMatrix@CView@SpeedTree@@QBEABVMat4x4@2@XZ 1000e9e0 f i RenderInterface.obj
 0001:0000da00       ?SetHorzBillboardFadeAngles@CView@SpeedTree@@QAEXMM@Z 1000ea00 f i RenderInterface.obj
 0001:0000da30       ?GetHorzBillboardFadeAngles@CView@SpeedTree@@QBEXAAM0@Z 1000ea30 f i RenderInterface.obj
 0001:0000da60       ?GetHorzBillboardFadeValue@CView@SpeedTree@@QBEMXZ 1000ea60 f i RenderInterface.obj
 0001:0000da80       ?WindEnable@CForest@SpeedTree@@QAEX_N@Z 1000ea80 f i RenderInterface.obj
 0001:0000daa0       ?WindIsEnabled@CForest@SpeedTree@@QBE_NXZ 1000eaa0 f i RenderInterface.obj
 0001:0000dac0       ?WindEnableGusting@CForest@SpeedTree@@QAEXABV?$CArray@PAVCCore@SpeedTree@@$00@2@_N@Z 1000eac0 f i RenderInterface.obj
 0001:0000db20       ??_G?$CArray@PAVCCore@SpeedTree@@$00@SpeedTree@@UAEPAXI@Z 1000eb20 f i RenderInterface.obj
 0001:0000db70       ??_E?$CArray@PAVCCore@SpeedTree@@$00@SpeedTree@@UAEPAXI@Z 1000eb70 f i RenderInterface.obj
 0001:0000dc00       ?WindIsGustingEnabled@CForest@SpeedTree@@QBE_NXZ 1000ec00 f i RenderInterface.obj
 0001:0000dc20       ?WindAdvance@CForest@SpeedTree@@UAEXABV?$CArray@PAVCCore@SpeedTree@@$00@2@M@Z 1000ec20 f i RenderInterface.obj
 0001:0000dc90       ?WindPreroll@CForest@SpeedTree@@QAEXABV?$CArray@PAVCCore@SpeedTree@@$00@2@M@Z 1000ec90 f i RenderInterface.obj
 0001:0000dd40       ?WindSetStrength@CForest@SpeedTree@@QAEXABV?$CArray@PAVCCore@SpeedTree@@$00@2@M@Z 1000ed40 f i RenderInterface.obj
 0001:0000dda0       ?WindSetInitDirection@CForest@SpeedTree@@QAEXABV?$CArray@PAVCCore@SpeedTree@@$00@2@ABVVec3@2@@Z 1000eda0 f i RenderInterface.obj
 0001:0000de00       ?WindSetDirection@CForest@SpeedTree@@QAEXABV?$CArray@PAVCCore@SpeedTree@@$00@2@ABVVec3@2@@Z 1000ee00 f i RenderInterface.obj
 0001:0000de70       ?WindGetGlobalTime@CForest@SpeedTree@@QBEMXZ 1000ee70 f i RenderInterface.obj
 0001:0000de90       ?FrameEnd@CForest@SpeedTree@@QAEXXZ 1000ee90 f i RenderInterface.obj
 0001:0000dec0       ?GetFrameIndex@CForest@SpeedTree@@QBEHXZ 1000eec0 f i RenderInterface.obj
 0001:0000dee0       ?SetLightDir@CForest@SpeedTree@@QAEXABVVec3@2@@Z 1000eee0 f i RenderInterface.obj
 0001:0000df70       ?GetLightDir@CForest@SpeedTree@@QBEABVVec3@2@XZ 1000ef70 f i RenderInterface.obj
 0001:0000df90       ?LightDirChanged@CForest@SpeedTree@@QBE_NXZ 1000ef90 f i RenderInterface.obj
 0001:0000dfb0       ?SetCascadedShadowMapDistances@CForest@SpeedTree@@QAEXQBMM@Z 1000efb0 f i RenderInterface.obj
 0001:0000e000       ?GetCascadedShadowMapDistances@CForest@SpeedTree@@QBEPBMXZ 1000f000 f i RenderInterface.obj
 0001:0000e020       ?SetShadowFadePercentage@CForest@SpeedTree@@QAEXM@Z 1000f020 f i RenderInterface.obj
 0001:0000e040       ?GetShadowFadePercentage@CForest@SpeedTree@@QBEMXZ 1000f040 f i RenderInterface.obj
 0001:0000e060       ??4?$CHeapAllocCheck@V?$CArray@PBUSTreeInstance@SpeedTree@@$00@SpeedTree@@@SpeedTree@@QAEAAV01@ABV01@@Z 1000f060 f i RenderInterface.obj
 0001:0000e070       ??4?$CHeapAllocCheck@V?$CArray@USInstance@SpeedTree@@$00@SpeedTree@@@SpeedTree@@QAEAAV01@ABV01@@Z 1000f070 f i RenderInterface.obj
 0001:0000e080       ??0SDetailedCullData@SpeedTree@@QAE@XZ 1000f080 f i RenderInterface.obj
 0001:0000e140       ??0CVisibleInstances@SpeedTree@@QAE@W4EPopulationType@1@_N@Z 1000f140 f i RenderInterface.obj
 0001:0000e330       ??1CVisibleInstances@SpeedTree@@UAE@XZ 1000f330 f i RenderInterface.obj
 0001:0000e470       ?SetHeapReserves@CVisibleInstances@SpeedTree@@UAEXABUSHeapReserves@2@@Z 1000f470 f i RenderInterface.obj
 0001:0000e590       ?SetCellSize@CVisibleInstances@SpeedTree@@QAEXM@Z 1000f590 f i RenderInterface.obj
 0001:0000e5b0       ?Clear@CVisibleInstances@SpeedTree@@QAEXXZ 1000f5b0 f i RenderInterface.obj
 0001:0000e5d0       ?RoughCells@CVisibleInstances@SpeedTree@@QAEAAV?$CArray@VCCell@SpeedTree@@$00@2@XZ 1000f5d0 f i RenderInterface.obj
 0001:0000e5f0       ?VisibleCells@CVisibleInstances@SpeedTree@@QBEABV?$CMap@USRowCol@SpeedTree@@PAVCCell@2@V?$CLess@USRowCol@SpeedTree@@@2@$00@2@XZ 1000f5f0 f i RenderInterface.obj
 0001:0000e610       ?NewlyVisibleCells@CVisibleInstances@SpeedTree@@QAEAAV?$CArray@PAVCCell@SpeedTree@@$00@2@XZ 1000f610 f i RenderInterface.obj
 0001:0000e630       ?GetExtentsAsRowCols@CVisibleInstances@SpeedTree@@QBEXAAH000@Z 1000f630 f i RenderInterface.obj
 0001:0000e680       ?NotifyOfPopulationChange@CVisibleInstances@SpeedTree@@UAEXXZ 1000f680 f i RenderInterface.obj
 0001:0000e7f0       ??4iterator_base@?$CMap@USRowCol@SpeedTree@@PAVCCell@2@V?$CLess@USRowCol@SpeedTree@@@2@$00@SpeedTree@@QAEAAV012@ABV012@@Z 1000f7f0 f i RenderInterface.obj
 0001:0000e810       ??_Fiterator_base@?$CMap@USRowCol@SpeedTree@@PAVCCell@2@V?$CLess@USRowCol@SpeedTree@@@2@$00@SpeedTree@@QAEXXZ 1000f810 f i RenderInterface.obj
 0001:0000e830       ??4const_iterator@?$CMap@USRowCol@SpeedTree@@PAVCCell@2@V?$CLess@USRowCol@SpeedTree@@@2@$00@SpeedTree@@QAEAAV012@ABV012@@Z 1000f830 f i RenderInterface.obj
 0001:0000e850       ??_Fconst_iterator@?$CMap@USRowCol@SpeedTree@@PAVCCell@2@V?$CLess@USRowCol@SpeedTree@@@2@$00@SpeedTree@@QAEXXZ 1000f850 f i RenderInterface.obj
 0001:0000e870       ??4iterator@?$CMap@USRowCol@SpeedTree@@PAVCCell@2@V?$CLess@USRowCol@SpeedTree@@@2@$00@SpeedTree@@QAEAAV012@ABV012@@Z 1000f870 f i RenderInterface.obj
 0001:0000e890       ??_Fiterator@?$CMap@USRowCol@SpeedTree@@PAVCCell@2@V?$CLess@USRowCol@SpeedTree@@@2@$00@SpeedTree@@QAEXXZ 1000f890 f i RenderInterface.obj
 0001:0000e8b0       ?Get3dInstanceLods@CVisibleInstances@SpeedTree@@QBEABV?$CArray@USDetailedCullData@SpeedTree@@$00@2@XZ 1000f8b0 f i RenderInterface.obj
 0001:0000e8d0       ?GetInstaceLodArrayByBase@CVisibleInstances@SpeedTree@@IAEPAUSDetailedCullData@2@PBVCCore@2@@Z 1000f8d0 f i RenderInterface.obj
 0001:0000e9e0       ??4?$CHeapAllocCheck@V?$CArray@USDetailedCullData@SpeedTree@@$00@SpeedTree@@@SpeedTree@@QAEAAV01@ABV01@@Z 1000f9e0 f i RenderInterface.obj
 0001:0000e9f0       ??0SInstance@SpeedTree@@QAE@XZ 1000f9f0 f i RenderInterface.obj
 0001:0000ea70       ??0STreeInstance@SpeedTree@@QAE@XZ 1000fa70 f i RenderInterface.obj
 0001:0000ead0       ?ComputeCullParameters@STreeInstance@SpeedTree@@QAEXXZ 1000fad0 f i RenderInterface.obj
 0001:0000ec30       ??_G?$CBasicFixedString@$0IAA@@SpeedTree@@UAEPAXI@Z 1000fc30 f i RenderInterface.obj
 0001:0000ec60       ??_E?$CBasicFixedString@$0IAA@@SpeedTree@@UAEPAXI@Z 1000fc60 f i RenderInterface.obj
 0001:0000ecd0       ??_G?$CArray@V?$CBasicFixedString@$0BAA@@SpeedTree@@$00@SpeedTree@@UAEPAXI@Z 1000fcd0 f i RenderInterface.obj
 0001:0000ed20       ??_E?$CArray@V?$CBasicFixedString@$0BAA@@SpeedTree@@$00@SpeedTree@@UAEPAXI@Z 1000fd20 f i RenderInterface.obj
 0001:0000edb0       ??4SSimpleMaterial@SpeedTree@@QAEAAU01@ABU01@@Z 1000fdb0 f i RenderInterface.obj
 0001:0000ede0       ??0SAppState@SpeedTree@@QAE@XZ 1000fde0 f i RenderInterface.obj
 0001:0000ee20       ??4SAppState@SpeedTree@@QAEAAU01@ABU01@@Z 1000fe20 f i RenderInterface.obj
 0001:0000ee50       ??4STextureInfo@SpeedTree@@QAEAAU01@ABU01@@Z 1000fe50 f i RenderInterface.obj
 0001:0000ee70       ??_G?$CArray@E$00@SpeedTree@@UAEPAXI@Z 1000fe70 f i RenderInterface.obj
 0001:0000eec0       ??_E?$CArray@E$00@SpeedTree@@UAEPAXI@Z 1000fec0 f i RenderInterface.obj
 0001:0000ef50       ??0STextureInfo@SpeedTree@@QAE@XZ 1000ff50 f i RenderInterface.obj
 0001:0000ef80       ??4?$CStatPrimitive@H@CRenderStats@SpeedTree@@QAEAAV012@ABV012@@Z 1000ff80 f i RenderInterface.obj
 0001:0000efa0       ??1SObjectStats@CRenderStats@SpeedTree@@QAE@XZ 1000ffa0 f i RenderInterface.obj
 0001:0000efc0       ??0SObjectStats@CRenderStats@SpeedTree@@QAE@ABU012@@Z 1000ffc0 f i RenderInterface.obj
 0001:0000f040       ??4SObjectStats@CRenderStats@SpeedTree@@QAEAAU012@ABU012@@Z 10010040 f i RenderInterface.obj
 0001:0000f0c0       ??4?$CStatPrimitive@M@CRenderStats@SpeedTree@@QAEAAV012@ABV012@@Z 100100c0 f i RenderInterface.obj
 0001:0000f0e0       ??_G?$CArray@USObjectStats@CRenderStats@SpeedTree@@$00@SpeedTree@@UAEPAXI@Z 100100e0 f i RenderInterface.obj
 0001:0000f130       ??_E?$CArray@USObjectStats@CRenderStats@SpeedTree@@$00@SpeedTree@@UAEPAXI@Z 10010130 f i RenderInterface.obj
 0001:0000f1c0       ??0CRenderStats@SpeedTree@@QAE@ABV01@@Z 100101c0 f i RenderInterface.obj
 0001:0000f250       ??4CRenderStats@SpeedTree@@QAEAAV01@ABV01@@Z 10010250 f i RenderInterface.obj
 0001:0000f2b0       ??1SForestRenderInfo@SpeedTree@@QAE@XZ 100102b0 f i RenderInterface.obj
 0001:0000f2d0       ??0SForestRenderInfo@SpeedTree@@QAE@ABU01@@Z 100102d0 f i RenderInterface.obj
 0001:0000f4f0       ??4SForestRenderInfo@SpeedTree@@QAEAAU01@ABU01@@Z 100104f0 f i RenderInterface.obj
 0001:0000f710       ??_G?$CArray@M$00@SpeedTree@@UAEPAXI@Z 10010710 f i RenderInterface.obj
 0001:0000f760       ??_E?$CArray@M$00@SpeedTree@@UAEPAXI@Z 10010760 f i RenderInterface.obj
 0001:0000f7f0       ??4SInstancedDrawStats@SpeedTree@@QAEAAU01@ABU01@@Z 100107f0 f i RenderInterface.obj
 0001:0000f820       ??0SSimpleMaterial@SpeedTree@@QAE@XZ 10010820 f i RenderInterface.obj
 0001:0000f8c0       ??0SForestRenderInfo@SpeedTree@@QAE@XZ 100108c0 f i RenderInterface.obj
 0001:0000fa80       ??0SObjectStats@CRenderStats@SpeedTree@@QAE@XZ 10010a80 f i RenderInterface.obj
 0001:0000fbb0       ??0CRenderStats@SpeedTree@@QAE@XZ 10010bb0 f i RenderInterface.obj
 0001:0000fce0       ??1CRenderStats@SpeedTree@@QAE@XZ 10010ce0 f i RenderInterface.obj
 0001:0000fd30       ?Reset@SObjectStats@CRenderStats@SpeedTree@@QAEXXZ 10010d30 f i RenderInterface.obj
 0001:0000fdc0       ?Reset@CRenderStats@SpeedTree@@QAEXXZ 10010dc0 f i RenderInterface.obj
 0001:0000fe40       ?GetObjectStats@CRenderStats@SpeedTree@@QAEAAUSObjectStats@12@ABV?$CBasicFixedString@$0BAA@@2@@Z 10010e40 f i RenderInterface.obj
 0001:00010000       ?GetObjectsArray@CRenderStats@SpeedTree@@QBEABV?$CArray@USObjectStats@CRenderStats@SpeedTree@@$00@2@XZ 10011000 f i RenderInterface.obj
 0001:00010020       ??0SInstancedDrawStats@SpeedTree@@QAE@XZ 10011020 f i RenderInterface.obj
 0001:00010050       ??0?$CPaddedPtr@$$CBD@SpeedTree@@QAE@PBD@Z 10011050 f i RenderInterface.obj
 0001:00010080       ??1?$CPaddedPtr@$$CBD@SpeedTree@@QAE@XZ 10011080 f i RenderInterface.obj
 0001:00010090       ??B?$CPaddedPtr@$$CBD@SpeedTree@@QBEPBDXZ 10011090 f i RenderInterface.obj
 0001:000100a0       ??4?$CPaddedPtr@$$CBD@SpeedTree@@QAEPBDPBD@Z 100110a0 f i RenderInterface.obj
 0001:000100c0       ??0?$CPaddedPtr@USRenderState@SpeedTree@@@SpeedTree@@QAE@PAUSRenderState@1@@Z 100110c0 f i RenderInterface.obj
 0001:000100f0       ??1?$CPaddedPtr@USRenderState@SpeedTree@@@SpeedTree@@QAE@XZ 100110f0 f i RenderInterface.obj
 0001:00010100       ??C?$CPaddedPtr@USRenderState@SpeedTree@@@SpeedTree@@QAEPAUSRenderState@1@XZ 10011100 f i RenderInterface.obj
 0001:00010110       ??C?$CPaddedPtr@USRenderState@SpeedTree@@@SpeedTree@@QBEPBUSRenderState@1@XZ 10011110 f i RenderInterface.obj
 0001:00010120       ??0?$CPaddedPtr@E@SpeedTree@@QAE@PAE@Z 10011120 f i RenderInterface.obj
 0001:00010150       ??1?$CPaddedPtr@E@SpeedTree@@QAE@XZ 10011150 f i RenderInterface.obj
 0001:00010160       ??B?$CPaddedPtr@E@SpeedTree@@QAEPAEXZ 10011160 f i RenderInterface.obj
 0001:00010170       ??B?$CPaddedPtr@E@SpeedTree@@QBEPBEXZ 10011170 f i RenderInterface.obj
 0001:00010180       ??0?$CPaddedPtr@USDrawCall@SpeedTree@@@SpeedTree@@QAE@PAUSDrawCall@1@@Z 10011180 f i RenderInterface.obj
 0001:000101b0       ??1?$CPaddedPtr@USDrawCall@SpeedTree@@@SpeedTree@@QAE@XZ 100111b0 f i RenderInterface.obj
 0001:000101c0       ??0?$CPaddedPtr@USBone@SpeedTree@@@SpeedTree@@QAE@PAUSBone@1@@Z 100111c0 f i RenderInterface.obj
 0001:000101f0       ??1?$CPaddedPtr@USBone@SpeedTree@@@SpeedTree@@QAE@XZ 100111f0 f i RenderInterface.obj
 0001:00010200       ??0?$CPaddedPtr@USLod@SpeedTree@@@SpeedTree@@QAE@PAUSLod@1@@Z 10011200 f i RenderInterface.obj
 0001:00010230       ??1?$CPaddedPtr@USLod@SpeedTree@@@SpeedTree@@QAE@XZ 10011230 f i RenderInterface.obj
 0001:00010240       ??0?$CHeapAllocCheck@V?$CArray@PBUSTreeInstance@SpeedTree@@$00@SpeedTree@@@SpeedTree@@QAE@ABV?$CArray@PBUSTreeInstance@SpeedTree@@$00@1@W4ESdkLimit@1@PBDH@Z 10011240 f i RenderInterface.obj
 0001:00010250       ??0?$CHeapAllocCheck@V?$CArray@USInstance@SpeedTree@@$00@SpeedTree@@@SpeedTree@@QAE@ABV?$CArray@USInstance@SpeedTree@@$00@1@W4ESdkLimit@1@PBDH@Z 10011250 f i RenderInterface.obj
 0001:00010260       ??0?$CHeapAllocCheck@V?$CArray@USDetailedCullData@SpeedTree@@$00@SpeedTree@@@SpeedTree@@QAE@ABV?$CArray@USDetailedCullData@SpeedTree@@$00@1@W4ESdkLimit@1@PBDH@Z 10011260 f i RenderInterface.obj
 0001:00010270       ??0?$CBasicFixedString@$0BAA@@SpeedTree@@QAE@PBD@Z 10011270 f i RenderInterface.obj
 0001:000102a0       ??0?$CBasicFixedString@$0BAA@@SpeedTree@@QAE@ABV01@@Z 100112a0 f i RenderInterface.obj
 0001:000102d0       ??0?$CBasicFixedString@$0BAA@@SpeedTree@@QAE@XZ 100112d0 f i RenderInterface.obj
 0001:00010300       ??1?$CBasicFixedString@$0BAA@@SpeedTree@@UAE@XZ 10011300 f i RenderInterface.obj
 0001:00010320       ?empty@?$CBasicFixedString@$0BAA@@SpeedTree@@QBE_NXZ 10011320 f i RenderInterface.obj
 0001:00010340       ?c_str@?$CBasicFixedString@$0BAA@@SpeedTree@@QBEPBDXZ 10011340 f i RenderInterface.obj
 0001:00010360       ?length@?$CBasicFixedString@$0BAA@@SpeedTree@@QBEIXZ 10011360 f i RenderInterface.obj
 0001:00010380       ?find@?$CBasicFixedString@$0BAA@@SpeedTree@@QBEIDI@Z 10011380 f i RenderInterface.obj
 0001:000103e0       ??Y?$CBasicFixedString@$0BAA@@SpeedTree@@QAEXABV01@@Z 100113e0 f i RenderInterface.obj
 0001:00010440       ??Y?$CBasicFixedString@$0BAA@@SpeedTree@@QAEXPBD@Z 10011440 f i RenderInterface.obj
 0001:000104b0       ??H?$CBasicFixedString@$0BAA@@SpeedTree@@QBE?AV01@ABV01@@Z 100114b0 f i RenderInterface.obj
 0001:00010580       ??H?$CBasicFixedString@$0BAA@@SpeedTree@@QBE?AV01@PBD@Z 10011580 f i RenderInterface.obj
 0001:00010650       ??4?$CBasicFixedString@$0BAA@@SpeedTree@@QAEAAV01@PBD@Z 10011650 f i RenderInterface.obj
 0001:000106c0       ??4?$CBasicFixedString@$0BAA@@SpeedTree@@QAEAAV01@ABV01@@Z 100116c0 f i RenderInterface.obj
 0001:00010720       ??8?$CBasicFixedString@$0BAA@@SpeedTree@@QBE_NABV01@@Z 10011720 f i RenderInterface.obj
 0001:00010780       ??A?$CBasicFixedString@$0BAA@@SpeedTree@@QBEABDI@Z 10011780 f i RenderInterface.obj
 0001:000107a0       ?Format@?$CBasicFixedString@$0BAA@@SpeedTree@@SA?AV12@PBDZZ 100117a0 f i RenderInterface.obj
 0001:000108a0       ?Extension@?$CBasicFixedString@$0BAA@@SpeedTree@@QBE?AV12@D@Z 100118a0 f i RenderInterface.obj
 0001:00010a40       ??0?$Enumeration@W4EVertexFormatUntyped@SpeedTree@@D@SpeedTree@@QAE@W4EVertexFormatUntyped@1@@Z 10011a40 f i RenderInterface.obj
 0001:00010a60       ??0?$Enumeration@W4EVertexFormatUntyped@SpeedTree@@D@SpeedTree@@QAE@XZ 10011a60 f i RenderInterface.obj
 0001:00010a80       ??B?$Enumeration@W4EVertexFormatUntyped@SpeedTree@@D@SpeedTree@@QBE?AW4EVertexFormatUntyped@1@XZ 10011a80 f i RenderInterface.obj
 0001:00010aa0       ??0?$Enumeration@W4EVertexPropertyUntyped@SpeedTree@@D@SpeedTree@@QAE@W4EVertexPropertyUntyped@1@@Z 10011aa0 f i RenderInterface.obj
 0001:00010ac0       ??0?$Enumeration@W4EVertexPropertyUntyped@SpeedTree@@D@SpeedTree@@QAE@XZ 10011ac0 f i RenderInterface.obj
 0001:00010ae0       ??B?$Enumeration@W4EVertexPropertyUntyped@SpeedTree@@D@SpeedTree@@QBE?AW4EVertexPropertyUntyped@1@XZ 10011ae0 f i RenderInterface.obj
 0001:00010b00       ??0?$Enumeration@W4EVertexComponentUntyped@SpeedTree@@D@SpeedTree@@QAE@H@Z 10011b00 f i RenderInterface.obj
 0001:00010b20       ??0?$Enumeration@W4EVertexComponentUntyped@SpeedTree@@D@SpeedTree@@QAE@W4EVertexComponentUntyped@1@@Z 10011b20 f i RenderInterface.obj
 0001:00010b40       ??0?$Enumeration@W4EVertexComponentUntyped@SpeedTree@@D@SpeedTree@@QAE@XZ 10011b40 f i RenderInterface.obj
 0001:00010b60       ??B?$Enumeration@W4EVertexComponentUntyped@SpeedTree@@D@SpeedTree@@QBE?AW4EVertexComponentUntyped@1@XZ 10011b60 f i RenderInterface.obj
 0001:00010b80       ??0?$Enumeration@W4EVertexAttributeUntyped@SpeedTree@@D@SpeedTree@@QAE@H@Z 10011b80 f i RenderInterface.obj
 0001:00010ba0       ??0?$Enumeration@W4EVertexAttributeUntyped@SpeedTree@@D@SpeedTree@@QAE@W4EVertexAttributeUntyped@1@@Z 10011ba0 f i RenderInterface.obj
 0001:00010bc0       ??0?$Enumeration@W4EVertexAttributeUntyped@SpeedTree@@D@SpeedTree@@QAE@XZ 10011bc0 f i RenderInterface.obj
 0001:00010be0       ??B?$Enumeration@W4EVertexAttributeUntyped@SpeedTree@@D@SpeedTree@@QBE?AW4EVertexAttributeUntyped@1@XZ 10011be0 f i RenderInterface.obj
 0001:00010c00       ??1?$CArray@D$00@SpeedTree@@UAE@XZ 10011c00 f i RenderInterface.obj
 0001:00010c40       ??1?$CBasicString@$00@SpeedTree@@UAE@XZ 10011c40 f i RenderInterface.obj
 0001:00010cc0       ??Y?$CBasicString@$00@SpeedTree@@QAEXABV01@@Z 10011cc0 f i RenderInterface.obj
 0001:00010d40       ?Format@?$CBasicString@$00@SpeedTree@@SA?AV12@PBDZZ 10011d40 f i RenderInterface.obj
 0001:00010dd0       ??0?$CArray@PAUSNode@CScopeTrace@SpeedTree@@$00@SpeedTree@@QAE@XZ 10011dd0 f i RenderInterface.obj
 0001:00010e20       ??1?$CArray@PAUSNode@CScopeTrace@SpeedTree@@$00@SpeedTree@@UAE@XZ 10011e20 f i RenderInterface.obj
 0001:00010e60       ?size@?$CArray@PAUSNode@CScopeTrace@SpeedTree@@$00@SpeedTree@@QBEIXZ 10011e60 f i RenderInterface.obj
 0001:00010e80       ??A?$CArray@PAUSNode@CScopeTrace@SpeedTree@@$00@SpeedTree@@QAEAAPAUSNode@CScopeTrace@1@I@Z 10011e80 f i RenderInterface.obj
 0001:00010ea0       ??1?$CBlockPool@$00@SpeedTree@@UAE@XZ 10011ea0 f i RenderInterface.obj
 0001:00010ec0       ??0?$CMap@PBVCCore@SpeedTree@@V?$CArray@USInstance@SpeedTree@@$00@2@V?$CLess@PBVCCore@SpeedTree@@@2@$00@SpeedTree@@QAE@I@Z 10011ec0 f i RenderInterface.obj
 0001:00010f40       ??1?$CMap@PBVCCore@SpeedTree@@V?$CArray@USInstance@SpeedTree@@$00@2@V?$CLess@PBVCCore@SpeedTree@@@2@$00@SpeedTree@@UAE@XZ 10011f40 f i RenderInterface.obj
 0001:00010fc0       ?clear@?$CMap@PBVCCore@SpeedTree@@V?$CArray@USInstance@SpeedTree@@$00@2@V?$CLess@PBVCCore@SpeedTree@@@2@$00@SpeedTree@@QAEXXZ 10011fc0 f i RenderInterface.obj
 0001:00011030       ??A?$CMap@PBVCCore@SpeedTree@@V?$CArray@USInstance@SpeedTree@@$00@2@V?$CLess@PBVCCore@SpeedTree@@@2@$00@SpeedTree@@QAEAAV?$CArray@USInstance@SpeedTree@@$00@1@ABQBVCCore@1@@Z 10012030 f i RenderInterface.obj
 0001:00011290       ??0?$CArray@PBUSTreeInstance@SpeedTree@@$00@SpeedTree@@QAE@XZ 10012290 f i RenderInterface.obj
 0001:000112e0       ??1?$CArray@PBUSTreeInstance@SpeedTree@@$00@SpeedTree@@UAE@XZ 100122e0 f i RenderInterface.obj
 0001:00011320       ?size@?$CArray@PBUSTreeInstance@SpeedTree@@$00@SpeedTree@@QBEIXZ 10012320 f i RenderInterface.obj
 0001:00011340       ?resize@?$CArray@PBUSTreeInstance@SpeedTree@@$00@SpeedTree@@QAE_NI@Z 10012340 f i RenderInterface.obj
 0001:00011380       ??A?$CArray@PBUSTreeInstance@SpeedTree@@$00@SpeedTree@@QAEAAPBUSTreeInstance@1@I@Z 10012380 f i RenderInterface.obj
 0001:000113a0       ?SetHeapDescription@?$CArray@PBUSTreeInstance@SpeedTree@@$00@SpeedTree@@QAEXPBD@Z 100123a0 f i RenderInterface.obj
 0001:000113c0       ??0?$CArray@USInstance@SpeedTree@@$00@SpeedTree@@QAE@XZ 100123c0 f i RenderInterface.obj
 0001:00011410       ??1?$CArray@USInstance@SpeedTree@@$00@SpeedTree@@UAE@XZ 10012410 f i RenderInterface.obj
 0001:00011450       ?clear@?$CArray@USInstance@SpeedTree@@$00@SpeedTree@@QAEXXZ 10012450 f i RenderInterface.obj
 0001:000114e0       ?size@?$CArray@USInstance@SpeedTree@@$00@SpeedTree@@QBEIXZ 100124e0 f i RenderInterface.obj
 0001:00011500       ?resize@?$CArray@USInstance@SpeedTree@@$00@SpeedTree@@QAE_NI@Z 10012500 f i RenderInterface.obj
 0001:00011540       ??A?$CArray@USInstance@SpeedTree@@$00@SpeedTree@@QAEAAUSInstance@1@I@Z 10012540 f i RenderInterface.obj
 0001:00011560       ?SetHeapDescription@?$CArray@USInstance@SpeedTree@@$00@SpeedTree@@QAEXPBD@Z 10012560 f i RenderInterface.obj
 0001:00011580       ??0?$CArray@US3dTreeInstanceLod@SpeedTree@@$00@SpeedTree@@QAE@ABV01@@Z 10012580 f i RenderInterface.obj
 0001:000115d0       ??0?$CArray@US3dTreeInstanceLod@SpeedTree@@$00@SpeedTree@@QAE@XZ 100125d0 f i RenderInterface.obj
 0001:00011620       ??1?$CArray@US3dTreeInstanceLod@SpeedTree@@$00@SpeedTree@@UAE@XZ 10012620 f i RenderInterface.obj
 0001:00011660       ??4?$CArray@US3dTreeInstanceLod@SpeedTree@@$00@SpeedTree@@QAEAAV01@ABV01@@Z 10012660 f i RenderInterface.obj
 0001:000117b0       ??0?$CArray@PAUSInstance@SpeedTree@@$00@SpeedTree@@QAE@ABV01@@Z 100127b0 f i RenderInterface.obj
 0001:00011800       ??0?$CArray@PAUSInstance@SpeedTree@@$00@SpeedTree@@QAE@XZ 10012800 f i RenderInterface.obj
 0001:00011850       ??1?$CArray@PAUSInstance@SpeedTree@@$00@SpeedTree@@UAE@XZ 10012850 f i RenderInterface.obj
 0001:00011890       ??4?$CArray@PAUSInstance@SpeedTree@@$00@SpeedTree@@QAEAAV01@ABV01@@Z 10012890 f i RenderInterface.obj
 0001:000119d0       ??0?$CArray@VCCell@SpeedTree@@$00@SpeedTree@@QAE@ABV01@@Z 100129d0 f i RenderInterface.obj
 0001:00011a20       ??0?$CArray@VCCell@SpeedTree@@$00@SpeedTree@@QAE@XZ 10012a20 f i RenderInterface.obj
 0001:00011a70       ??1?$CArray@VCCell@SpeedTree@@$00@SpeedTree@@UAE@XZ 10012a70 f i RenderInterface.obj
 0001:00011ab0       ?reserve@?$CArray@VCCell@SpeedTree@@$00@SpeedTree@@QAE_NI@Z 10012ab0 f i RenderInterface.obj
 0001:00011bf0       ??4?$CArray@VCCell@SpeedTree@@$00@SpeedTree@@QAEAAV01@ABV01@@Z 10012bf0 f i RenderInterface.obj
 0001:00011d80       ?SetHeapDescription@?$CArray@VCCell@SpeedTree@@$00@SpeedTree@@QAEXPBD@Z 10012d80 f i RenderInterface.obj
 0001:00011da0       ??0?$CArray@PAUSHeapBlock@?$CCellHeapMgr@VCCell@SpeedTree@@@SpeedTree@@$00@SpeedTree@@QAE@ABV01@@Z 10012da0 f i RenderInterface.obj
 0001:00011df0       ??1?$CArray@PAUSHeapBlock@?$CCellHeapMgr@VCCell@SpeedTree@@@SpeedTree@@$00@SpeedTree@@UAE@XZ 10012df0 f i RenderInterface.obj
 0001:00011e30       ??4?$CArray@PAUSHeapBlock@?$CCellHeapMgr@VCCell@SpeedTree@@@SpeedTree@@$00@SpeedTree@@QAEAAV01@ABV01@@Z 10012e30 f i RenderInterface.obj
 0001:00011f70       ??0?$CArray@PAVCCell@SpeedTree@@$00@SpeedTree@@QAE@ABV01@@Z 10012f70 f i RenderInterface.obj
 0001:00011fc0       ??0?$CArray@PAVCCell@SpeedTree@@$00@SpeedTree@@QAE@XZ 10012fc0 f i RenderInterface.obj
 0001:00012010       ??1?$CArray@PAVCCell@SpeedTree@@$00@SpeedTree@@UAE@XZ 10013010 f i RenderInterface.obj
 0001:00012050       ?reserve@?$CArray@PAVCCell@SpeedTree@@$00@SpeedTree@@QAE_NI@Z 10013050 f i RenderInterface.obj
 0001:00012150       ??4?$CArray@PAVCCell@SpeedTree@@$00@SpeedTree@@QAEAAV01@ABV01@@Z 10013150 f i RenderInterface.obj
 0001:00012290       ?SetHeapDescription@?$CArray@PAVCCell@SpeedTree@@$00@SpeedTree@@QAEXPBD@Z 10013290 f i RenderInterface.obj
 0001:000122b0       ??0?$CCellHeapMgr@VCCell@SpeedTree@@@SpeedTree@@QAE@W4EPopulationType@1@@Z 100132b0 f i RenderInterface.obj
 0001:00012380       ??1?$CCellHeapMgr@VCCell@SpeedTree@@@SpeedTree@@QAE@XZ 10013380 f i RenderInterface.obj
 0001:00012490       ?Init@?$CCellHeapMgr@VCCell@SpeedTree@@@SpeedTree@@QAEXHH@Z 10013490 f i RenderInterface.obj
 0001:000124c0       ?CheckIn@?$CCellHeapMgr@VCCell@SpeedTree@@@SpeedTree@@QAEXPAVCCell@2@@Z 100134c0 f i RenderInterface.obj
 0001:000124e0       ??0?$CMap@USRowCol@SpeedTree@@PAVCCell@2@V?$CLess@USRowCol@SpeedTree@@@2@$00@SpeedTree@@QAE@ABV01@@Z 100134e0 f i RenderInterface.obj
 0001:000125d0       ??0?$CMap@USRowCol@SpeedTree@@PAVCCell@2@V?$CLess@USRowCol@SpeedTree@@@2@$00@SpeedTree@@QAE@I@Z 100135d0 f i RenderInterface.obj
 0001:00012650       ??1?$CMap@USRowCol@SpeedTree@@PAVCCell@2@V?$CLess@USRowCol@SpeedTree@@@2@$00@SpeedTree@@UAE@XZ 10013650 f i RenderInterface.obj
 0001:000126d0       ?clear@?$CMap@USRowCol@SpeedTree@@PAVCCell@2@V?$CLess@USRowCol@SpeedTree@@@2@$00@SpeedTree@@QAEXXZ 100136d0 f i RenderInterface.obj
 0001:00012740       ??4?$CMap@USRowCol@SpeedTree@@PAVCCell@2@V?$CLess@USRowCol@SpeedTree@@@2@$00@SpeedTree@@QAEAAV01@ABV01@@Z 10013740 f i RenderInterface.obj
 0001:000130a0       ?begin@?$CMap@USRowCol@SpeedTree@@PAVCCell@2@V?$CLess@USRowCol@SpeedTree@@@2@$00@SpeedTree@@QAE?AViterator@12@XZ 100140a0 f i RenderInterface.obj
 0001:00013150       ?end@?$CMap@USRowCol@SpeedTree@@PAVCCell@2@V?$CLess@USRowCol@SpeedTree@@@2@$00@SpeedTree@@QAE?AViterator@12@XZ 10014150 f i RenderInterface.obj
 0001:00013180       ?SetHeapDescription@?$CMap@USRowCol@SpeedTree@@PAVCCell@2@V?$CLess@USRowCol@SpeedTree@@@2@$00@SpeedTree@@QAEXPBD@Z 10014180 f i RenderInterface.obj
 0001:000131a0       ??0?$CArray@USDetailedCullData@SpeedTree@@$00@SpeedTree@@QAE@ABV01@@Z 100141a0 f i RenderInterface.obj
 0001:000131f0       ??0?$CArray@USDetailedCullData@SpeedTree@@$00@SpeedTree@@QAE@XZ 100141f0 f i RenderInterface.obj
 0001:00013240       ??1?$CArray@USDetailedCullData@SpeedTree@@$00@SpeedTree@@UAE@XZ 10014240 f i RenderInterface.obj
 0001:00013290       ?clear@?$CArray@USDetailedCullData@SpeedTree@@$00@SpeedTree@@QAEXXZ 10014290 f i RenderInterface.obj
 0001:00013350       ?size@?$CArray@USDetailedCullData@SpeedTree@@$00@SpeedTree@@QBEIXZ 10014350 f i RenderInterface.obj
 0001:00013370       ?resize@?$CArray@USDetailedCullData@SpeedTree@@$00@SpeedTree@@QAE_NI@Z 10014370 f i RenderInterface.obj
 0001:000133c0       ?back@?$CArray@USDetailedCullData@SpeedTree@@$00@SpeedTree@@QAEAAUSDetailedCullData@2@XZ 100143c0 f i RenderInterface.obj
 0001:000133e0       ??A?$CArray@USDetailedCullData@SpeedTree@@$00@SpeedTree@@QAEAAUSDetailedCullData@1@I@Z 100143e0 f i RenderInterface.obj
 0001:00013400       ??4?$CArray@USDetailedCullData@SpeedTree@@$00@SpeedTree@@QAEAAV01@ABV01@@Z 10014400 f i RenderInterface.obj
 0001:00013590       ?SetHeapDescription@?$CArray@USDetailedCullData@SpeedTree@@$00@SpeedTree@@QAEXPBD@Z 10014590 f i RenderInterface.obj
 0001:000135b0       ??1?$CArray@PAVCCore@SpeedTree@@$00@SpeedTree@@UAE@XZ 100145b0 f i RenderInterface.obj
 0001:000135f0       ?size@?$CArray@PAVCCore@SpeedTree@@$00@SpeedTree@@QBEIXZ 100145f0 f i RenderInterface.obj
 0001:00013610       ??A?$CArray@PAVCCore@SpeedTree@@$00@SpeedTree@@QBEABQAVCCore@1@I@Z 10014610 f i RenderInterface.obj
 0001:00013630       ??9iterator_base@?$CMap@USRowCol@SpeedTree@@PAVCCell@2@V?$CLess@USRowCol@SpeedTree@@@2@$00@SpeedTree@@QBE_NABV012@@Z 10014630 f i RenderInterface.obj
 0001:00013650       ??Eiterator_base@?$CMap@USRowCol@SpeedTree@@PAVCCell@2@V?$CLess@USRowCol@SpeedTree@@@2@$00@SpeedTree@@QAEAAV012@XZ 10014650 f i RenderInterface.obj
 0001:00013830       ??0iterator_base@?$CMap@USRowCol@SpeedTree@@PAVCCell@2@V?$CLess@USRowCol@SpeedTree@@@2@$00@SpeedTree@@IAE@PAXPBV?$CBlockPool@$00@2@@Z 10014830 f i RenderInterface.obj
 0001:00013860       ??0const_iterator@?$CMap@USRowCol@SpeedTree@@PAVCCell@2@V?$CLess@USRowCol@SpeedTree@@@2@$00@SpeedTree@@QAE@ABViterator@12@@Z 10014860 f i RenderInterface.obj
 0001:000138a0       ??0const_iterator@?$CMap@USRowCol@SpeedTree@@PAVCCell@2@V?$CLess@USRowCol@SpeedTree@@@2@$00@SpeedTree@@QAE@PAXPBV?$CBlockPool@$00@2@@Z 100148a0 f i RenderInterface.obj
 0001:000138d0       ??Cconst_iterator@?$CMap@USRowCol@SpeedTree@@PAVCCell@2@V?$CLess@USRowCol@SpeedTree@@@2@$00@SpeedTree@@QBEPBVCNode@12@XZ 100148d0 f i RenderInterface.obj
 0001:00013920       ??0iterator@?$CMap@USRowCol@SpeedTree@@PAVCCell@2@V?$CLess@USRowCol@SpeedTree@@@2@$00@SpeedTree@@QAE@PAXPBV?$CBlockPool@$00@2@@Z 10014920 f i RenderInterface.obj
 0001:00013950       ??0?$CBasicFixedString@$0IAA@@SpeedTree@@QAE@PBD@Z 10014950 f i RenderInterface.obj
 0001:00013980       ??1?$CBasicFixedString@$0IAA@@SpeedTree@@UAE@XZ 10014980 f i RenderInterface.obj
 0001:000139a0       ?c_str@?$CBasicFixedString@$0IAA@@SpeedTree@@QBEPBDXZ 100149a0 f i RenderInterface.obj
 0001:000139c0       ??1?$CArray@V?$CBasicFixedString@$0BAA@@SpeedTree@@$00@SpeedTree@@UAE@XZ 100149c0 f i RenderInterface.obj
 0001:00013a00       ?push_back@?$CArray@V?$CBasicFixedString@$0BAA@@SpeedTree@@$00@SpeedTree@@QAE_NABV?$CBasicFixedString@$0BAA@@2@@Z 10014a00 f i RenderInterface.obj
 0001:00013ad0       ??1?$CArray@E$00@SpeedTree@@UAE@XZ 10014ad0 f i RenderInterface.obj
 0001:00013b10       ??0?$CStatPrimitive@H@CRenderStats@SpeedTree@@QAE@ABH@Z 10014b10 f i RenderInterface.obj
 0001:00013b30       ??0?$CStatPrimitive@H@CRenderStats@SpeedTree@@QAE@XZ 10014b30 f i RenderInterface.obj
 0001:00013b50       ??0?$CStatPrimitive@M@CRenderStats@SpeedTree@@QAE@ABM@Z 10014b50 f i RenderInterface.obj
 0001:00013b70       ??0?$CStatPrimitive@M@CRenderStats@SpeedTree@@QAE@XZ 10014b70 f i RenderInterface.obj
 0001:00013b90       ??0?$CArray@USObjectStats@CRenderStats@SpeedTree@@$00@SpeedTree@@QAE@ABV01@@Z 10014b90 f i RenderInterface.obj
 0001:00013be0       ??0?$CArray@USObjectStats@CRenderStats@SpeedTree@@$00@SpeedTree@@QAE@XZ 10014be0 f i RenderInterface.obj
 0001:00013c30       ??1?$CArray@USObjectStats@CRenderStats@SpeedTree@@$00@SpeedTree@@UAE@XZ 10014c30 f i RenderInterface.obj
 0001:00013c70       ?size@?$CArray@USObjectStats@CRenderStats@SpeedTree@@$00@SpeedTree@@QBEIXZ 10014c70 f i RenderInterface.obj
 0001:00013c90       ?resize@?$CArray@USObjectStats@CRenderStats@SpeedTree@@$00@SpeedTree@@QAE_NI@Z 10014c90 f i RenderInterface.obj
 0001:00013cd0       ?reserve@?$CArray@USObjectStats@CRenderStats@SpeedTree@@$00@SpeedTree@@QAE_NI@Z 10014cd0 f i RenderInterface.obj
 0001:00013e40       ?push_back@?$CArray@USObjectStats@CRenderStats@SpeedTree@@$00@SpeedTree@@QAE_NABUSObjectStats@CRenderStats@2@@Z 10014e40 f i RenderInterface.obj
 0001:00013fd0       ?back@?$CArray@USObjectStats@CRenderStats@SpeedTree@@$00@SpeedTree@@QAEAAUSObjectStats@CRenderStats@2@XZ 10014fd0 f i RenderInterface.obj
 0001:00013ff0       ??A?$CArray@USObjectStats@CRenderStats@SpeedTree@@$00@SpeedTree@@QAEAAUSObjectStats@CRenderStats@1@I@Z 10014ff0 f i RenderInterface.obj
 0001:00014010       ??4?$CArray@USObjectStats@CRenderStats@SpeedTree@@$00@SpeedTree@@QAEAAV01@ABV01@@Z 10015010 f i RenderInterface.obj
 0001:000141c0       ?SetHeapDescription@?$CArray@USObjectStats@CRenderStats@SpeedTree@@$00@SpeedTree@@QAEXPBD@Z 100151c0 f i RenderInterface.obj
 0001:000141e0       ??1?$CArray@M$00@SpeedTree@@UAE@XZ 100151e0 f i RenderInterface.obj
 0001:00014220       ??4CCell@SpeedTree@@QAEAAV01@ABV01@@Z 10015220 f i RenderInterface.obj
 0001:00014300       ??1SHeapBlock@?$CCellHeapMgr@VCCell@SpeedTree@@@SpeedTree@@QAE@XZ 10015300 f i RenderInterface.obj
 0001:000143a0       ??0SHeapBlock@?$CCellHeapMgr@VCCell@SpeedTree@@@SpeedTree@@QAE@ABU012@@Z 100153a0 f i RenderInterface.obj
 0001:00014470       ??4SHeapBlock@?$CCellHeapMgr@VCCell@SpeedTree@@@SpeedTree@@QAEAAU012@ABU012@@Z 10015470 f i RenderInterface.obj
 0001:000144a0       ??_G?$CArray@PAX$00@SpeedTree@@UAEPAXI@Z 100154a0 f i RenderInterface.obj
 0001:000144f0       ??_E?$CArray@PAX$00@SpeedTree@@UAEPAXI@Z 100154f0 f i RenderInterface.obj
 0001:00014580       ?resize@?$CBasicFixedString@$0BAA@@SpeedTree@@QAE_NI@Z 10015580 f i RenderInterface.obj
 0001:000145d0       ?clear@?$CArray@D$00@SpeedTree@@QAEXXZ 100155d0 f i RenderInterface.obj
 0001:00014660       ?reserve@?$CArray@D$00@SpeedTree@@QAE_NI@Z 10015660 f i RenderInterface.obj
 0001:00014760       ?SetExternalMemory@?$CArray@D$00@SpeedTree@@QAEXPAEI@Z 10015760 f i RenderInterface.obj
 0001:00014810       ??0?$CBasicString@$00@SpeedTree@@QAE@PBD@Z 10015810 f i RenderInterface.obj
 0001:000148c0       ?clear@?$CArray@PAUSNode@CScopeTrace@SpeedTree@@$00@SpeedTree@@QAEXXZ 100158c0 f i RenderInterface.obj
 0001:00014950       ?SetExternalMemory@?$CArray@PAUSNode@CScopeTrace@SpeedTree@@$00@SpeedTree@@QAEXPAEI@Z 10015950 f i RenderInterface.obj
 0001:00014a00       ??0?$CBlockPool@$00@SpeedTree@@QAE@II@Z 10015a00 f i RenderInterface.obj
 0001:00014a60       ?size@?$CBlockPool@$00@SpeedTree@@QBEIXZ 10015a60 f i RenderInterface.obj
 0001:00014a80       ?clear@?$CBlockPool@$00@SpeedTree@@QAEX_N@Z 10015a80 f i RenderInterface.obj
 0001:00014b40       ?DeleteChildren@CNode@?$CMap@PBVCCore@SpeedTree@@V?$CArray@USInstance@SpeedTree@@$00@2@V?$CLess@PBVCCore@SpeedTree@@@2@$00@SpeedTree@@AAEXPAV23@@Z 10015b40 f i RenderInterface.obj
 0001:00014bf0       ??4?$CMap@PBVCCore@SpeedTree@@V?$CArray@USInstance@SpeedTree@@$00@2@V?$CLess@PBVCCore@SpeedTree@@@2@$00@SpeedTree@@QAEAAV01@ABV01@@Z 10015bf0 f i RenderInterface.obj
 0001:00015540       ?Rebalance@?$CMap@PBVCCore@SpeedTree@@V?$CArray@USInstance@SpeedTree@@$00@2@V?$CLess@PBVCCore@SpeedTree@@@2@$00@SpeedTree@@IAEXPAX@Z 10016540 f i RenderInterface.obj
 0001:00016160       ?Allocate@?$CMap@PBVCCore@SpeedTree@@V?$CArray@USInstance@SpeedTree@@$00@2@V?$CLess@PBVCCore@SpeedTree@@@2@$00@SpeedTree@@IAEPAXABQBVCCore@2@PAX@Z 10017160 f i RenderInterface.obj
 0001:00016240       ?Deallocate@?$CMap@PBVCCore@SpeedTree@@V?$CArray@USInstance@SpeedTree@@$00@2@V?$CLess@PBVCCore@SpeedTree@@@2@$00@SpeedTree@@IAEXAAPAX@Z 10017240 f i RenderInterface.obj
 0001:000162d0       ?Ptr@?$CMap@PBVCCore@SpeedTree@@V?$CArray@USInstance@SpeedTree@@$00@2@V?$CLess@PBVCCore@SpeedTree@@@2@$00@SpeedTree@@IBEPAVCNode@12@PAX@Z 100172d0 f i RenderInterface.obj
 0001:00016300       ?clear@?$CArray@PBUSTreeInstance@SpeedTree@@$00@SpeedTree@@QAEXXZ 10017300 f i RenderInterface.obj
 0001:00016390       ?reserve@?$CArray@PBUSTreeInstance@SpeedTree@@$00@SpeedTree@@QAE_NI@Z 10017390 f i RenderInterface.obj
 0001:00016490       ??4?$CArray@PBUSTreeInstance@SpeedTree@@$00@SpeedTree@@QAEAAV01@ABV01@@Z 10017490 f i RenderInterface.obj
 0001:000165d0       ?SetExternalMemory@?$CArray@PBUSTreeInstance@SpeedTree@@$00@SpeedTree@@QAEXPAEI@Z 100175d0 f i RenderInterface.obj
 0001:00016680       ??0?$CArray@USInstance@SpeedTree@@$00@SpeedTree@@QAE@ABV01@@Z 10017680 f i RenderInterface.obj
 0001:000166d0       ?reserve@?$CArray@USInstance@SpeedTree@@$00@SpeedTree@@QAE_NI@Z 100176d0 f i RenderInterface.obj
 0001:000167d0       ??4?$CArray@USInstance@SpeedTree@@$00@SpeedTree@@QAEAAV01@ABV01@@Z 100177d0 f i RenderInterface.obj
 0001:00016910       ?SetExternalMemory@?$CArray@USInstance@SpeedTree@@$00@SpeedTree@@QAEXPAEI@Z 10017910 f i RenderInterface.obj
 0001:00016a20       ??3@YAXPAX0@Z              10017a20 f i RenderInterface.obj
 0001:00016a30       ?Deallocate@?$CArray@USInstance@SpeedTree@@$00@SpeedTree@@IAEXPAUSInstance@2@@Z 10017a30 f i RenderInterface.obj
 0001:00016a80       ?clear@?$CArray@US3dTreeInstanceLod@SpeedTree@@$00@SpeedTree@@QAEXXZ 10017a80 f i RenderInterface.obj
 0001:00016b10       ?SetExternalMemory@?$CArray@US3dTreeInstanceLod@SpeedTree@@$00@SpeedTree@@QAEXPAEI@Z 10017b10 f i RenderInterface.obj
 0001:00016bd0       ?Allocate@?$CArray@US3dTreeInstanceLod@SpeedTree@@$00@SpeedTree@@IAEPAUS3dTreeInstanceLod@2@I@Z 10017bd0 f i RenderInterface.obj
 0001:00016c50       ?Deallocate@?$CArray@US3dTreeInstanceLod@SpeedTree@@$00@SpeedTree@@IAEXPAUS3dTreeInstanceLod@2@@Z 10017c50 f i RenderInterface.obj
 0001:00016ca0       ?clear@?$CArray@PAUSInstance@SpeedTree@@$00@SpeedTree@@QAEXXZ 10017ca0 f i RenderInterface.obj
[...]
 0001:0001cb56       __unwindfunclet$?Base36@SpeedTree@@YA?AV?$CBasicFixedString@$0BAA@@1@I@Z$2 1001db56 f   RenderInterface.obj
 0001:0001cb61       __unwindfunclet$?Base36@SpeedTree@@YA?AV?$CBasicFixedString@$0BAA@@1@I@Z$3 1001db61 f   RenderInterface.obj
 0001:0001cb6c       __unwindfunclet$?Base36@SpeedTree@@YA?AV?$CBasicFixedString@$0BAA@@1@I@Z$4 1001db6c f   RenderInterface.obj
 0001:0001cb77       __ehhandler$?Base36@SpeedTree@@YA?AV?$CBasicFixedString@$0BAA@@1@I@Z 1001db77 f   RenderInterface.obj
 0001:0001cba0       __unwindfunclet$?WindStateHashName@SRenderState@SpeedTree@@QBE?AV?$CBasicFixedString@$0BAA@@2@ABVCWind@2@@Z$0 1001dba0 f   RenderInterface.obj
 0001:0001cbab       __unwindfunclet$?WindStateHashName@SRenderState@SpeedTree@@QBE?AV?$CBasicFixedString@$0BAA@@2@ABVCWind@2@@Z$1 1001dbab f   RenderInterface.obj
 0001:0001cbb6       __unwindfunclet$?WindStateHashName@SRenderState@SpeedTree@@QBE?AV?$CBasicFixedString@$0BAA@@2@ABVCWind@2@@Z$2 1001dbb6 f   RenderInterface.obj
 0001:0001cbc1       __ehhandler$?WindStateHashName@SRenderState@SpeedTree@@QBE?AV?$CBasicFixedString@$0BAA@@2@ABVCWind@2@@Z 1001dbc1 f   RenderInterface.obj
 0001:0001cbf0       __unwindfunclet$?PixelShaderHashName@SRenderState@SpeedTree@@QBE?AV?$CBasicFixedString@$0BAA@@2@W4EShadowConfig@12@@Z$0 1001dbf0 f   RenderInterface.obj
 0001:0001cbfb       __unwindfunclet$?PixelShaderHashName@SRenderState@SpeedTree@@QBE?AV?$CBasicFixedString@$0BAA@@2@W4EShadowConfig@12@@Z$1 1001dbfb f   RenderInterface.obj
 0001:0001cc06       __unwindfunclet$?PixelShaderHashName@SRenderState@SpeedTree@@QBE?AV?$CBasicFixedString@$0BAA@@2@W4EShadowConfig@12@@Z$2 1001dc06 f   RenderInterface.obj
 0001:0001cc11       __unwindfunclet$?PixelShaderHashName@SRenderState@SpeedTree@@QBE?AV?$CBasicFixedString@$0BAA@@2@W4EShadowConfig@12@@Z$3 1001dc11 f   RenderInterface.obj
 0001:0001cc1c       __unwindfunclet$?PixelShaderHashName@SRenderState@SpeedTree@@QBE?AV?$CBasicFixedString@$0BAA@@2@W4EShadowConfig@12@@Z$4 1001dc1c f   RenderInterface.obj
 0001:0001cc27       __unwindfunclet$?PixelShaderHashName@SRenderState@SpeedTree@@QBE?AV?$CBasicFixedString@$0BAA@@2@W4EShadowConfig@12@@Z$5 1001dc27 f   RenderInterface.obj
 0001:0001cc32       __ehhandler$?PixelShaderHashName@SRenderState@SpeedTree@@QBE?AV?$CBasicFixedString@$0BAA@@2@W4EShadowConfig@12@@Z 1001dc32 f   RenderInterface.obj
 0001:0001cc60       __unwindfunclet$?PixelDeclHash@SRenderState@SpeedTree@@ABE?AV?$CBasicFixedString@$0BAA@@2@XZ$0 1001dc60 f   RenderInterface.obj
 0001:0001cc6b       __ehhandler$?PixelDeclHash@SRenderState@SpeedTree@@ABE?AV?$CBasicFixedString@$0BAA@@2@XZ 1001dc6b f   RenderInterface.obj
 0001:0001cca0       __unwindfunclet$??0SGeometry@SpeedTree@@QAE@XZ$0 1001dca0 f   RenderInterface.obj
 0001:0001ccab       __unwindfunclet$??0SGeometry@SpeedTree@@QAE@XZ$1 1001dcab f   RenderInterface.obj
 0001:0001ccc4       __unwindfunclet$??0SGeometry@SpeedTree@@QAE@XZ$2 1001dcc4 f   RenderInterface.obj
 0001:0001ccd2       __unwindfunclet$??0SGeometry@SpeedTree@@QAE@XZ$3 1001dcd2 f   RenderInterface.obj
 0001:0001cce0       __ehhandler$??0SGeometry@SpeedTree@@QAE@XZ 1001dce0 f   RenderInterface.obj
 0001:0001cd00       __unwindfunclet$??1SGeometry@SpeedTree@@QAE@XZ$0 1001dd00 f   RenderInterface.obj
 0001:0001cd0b       __ehhandler$??1SGeometry@SpeedTree@@QAE@XZ 1001dd0b f   RenderInterface.obj
 0001:0001cd30       __unwindfunclet$?GetDescription@SVertexDecl@SpeedTree@@QBEXAAV?$CBasicString@$00@2@@Z$0 1001dd30 f   RenderInterface.obj
 0001:0001cd38       __unwindfunclet$?GetDescription@SVertexDecl@SpeedTree@@QBEXAAV?$CBasicString@$00@2@@Z$1 1001dd38 f   RenderInterface.obj
 0001:0001cd40       __unwindfunclet$?GetDescription@SVertexDecl@SpeedTree@@QBEXAAV?$CBasicString@$00@2@@Z$2 1001dd40 f   RenderInterface.obj
 0001:0001cd48       __ehhandler$?GetDescription@SVertexDecl@SpeedTree@@QBEXAAV?$CBasicString@$00@2@@Z 1001dd48 f   RenderInterface.obj
 0001:0001cd70       __unwindfunclet$??_G?$CMap@PBVCCore@SpeedTree@@V?$CArray@USInstance@SpeedTree@@$00@2@V?$CLess@PBVCCore@SpeedTree@@@2@$00@SpeedTree@@UAEPAXI@Z$0 1001dd70 f   RenderInterface.obj
 0001:0001cd7b       __ehhandler$??_G?$CMap@PBVCCore@SpeedTree@@V?$CArray@USInstance@SpeedTree@@$00@2@V?$CLess@PBVCCore@SpeedTree@@@2@$00@SpeedTree@@UAEPAXI@Z 1001dd7b f   RenderInterface.obj
 0001:0001cda0       __unwindfunclet$??_E?$CMap@PBVCCore@SpeedTree@@V?$CArray@USInstance@SpeedTree@@$00@2@V?$CLess@PBVCCore@SpeedTree@@@2@$00@SpeedTree@@UAEPAXI@Z$0 1001dda0 f   RenderInterface.obj
 0001:0001cdab       __ehhandler$??_E?$CMap@PBVCCore@SpeedTree@@V?$CArray@USInstance@SpeedTree@@$00@2@V?$CLess@PBVCCore@SpeedTree@@@2@$00@SpeedTree@@UAEPAXI@Z 1001ddab f   RenderInterface.obj
 0001:0001cdd0       __unwindfunclet$??1SDetailedCullData@SpeedTree@@QAE@XZ$0 1001ddd0 f   RenderInterface.obj
 0001:0001cddb       __ehhandler$??1SDetailedCullData@SpeedTree@@QAE@XZ 1001dddb f   RenderInterface.obj
 0001:0001ce00       __unwindfunclet$??0SDetailedCullData@SpeedTree@@QAE@ABU01@@Z$0 1001de00 f   RenderInterface.obj
 0001:0001ce0e       __ehhandler$??0SDetailedCullData@SpeedTree@@QAE@ABU01@@Z 1001de0e f   RenderInterface.obj
 0001:0001ce30       __unwindfunclet$??0?$CCellHeapMgr@VCCell@SpeedTree@@@SpeedTree@@QAE@ABV01@@Z$0 1001de30 f   RenderInterface.obj
 0001:0001ce3e       __ehhandler$??0?$CCellHeapMgr@VCCell@SpeedTree@@@SpeedTree@@QAE@ABV01@@Z 1001de3e f   RenderInterface.obj
 0001:0001ce60       __unwindfunclet$??_G?$CMap@USRowCol@SpeedTree@@PAVCCell@2@V?$CLess@USRowCol@SpeedTree@@@2@$00@SpeedTree@@UAEPAXI@Z$0 1001de60 f   RenderInterface.obj
 0001:0001ce6b       __ehhandler$??_G?$CMap@USRowCol@SpeedTree@@PAVCCell@2@V?$CLess@USRowCol@SpeedTree@@@2@$00@SpeedTree@@UAEPAXI@Z 1001de6b f   RenderInterface.obj
 0001:0001ce90       __unwindfunclet$??_E?$CMap@USRowCol@SpeedTree@@PAVCCell@2@V?$CLess@USRowCol@SpeedTree@@@2@$00@SpeedTree@@UAEPAXI@Z$0 1001de90 f   RenderInterface.obj
 0001:0001ce9b       __ehhandler$??_E?$CMap@USRowCol@SpeedTree@@PAVCCell@2@V?$CLess@USRowCol@SpeedTree@@@2@$00@SpeedTree@@UAEPAXI@Z 1001de9b f   RenderInterface.obj
 0001:0001cec0       __unwindfunclet$??0CVisibleInstances@SpeedTree@@QAE@ABV01@@Z$0 1001dec0 f   RenderInterface.obj
 0001:0001cecb       __unwindfunclet$??0CVisibleInstances@SpeedTree@@QAE@ABV01@@Z$1 1001decb f   RenderInterface.obj
 0001:0001ced6       __unwindfunclet$??0CVisibleInstances@SpeedTree@@QAE@ABV01@@Z$2 1001ded6 f   RenderInterface.obj
 0001:0001cee1       __unwindfunclet$??0CVisibleInstances@SpeedTree@@QAE@ABV01@@Z$3 1001dee1 f   RenderInterface.obj
 0001:0001ceef       __ehhandler$??0CVisibleInstances@SpeedTree@@QAE@ABV01@@Z 1001deef f   RenderInterface.obj
 0001:0001cf10       __unwindfunclet$??0CVisibleInstances@SpeedTree@@QAE@W4EPopulationType@1@_N@Z$0 1001df10 f   RenderInterface.obj
 0001:0001cf1b       __unwindfunclet$??0CVisibleInstances@SpeedTree@@QAE@W4EPopulationType@1@_N@Z$1 1001df1b f   RenderInterface.obj
 0001:0001cf26       __ehhandler$??0CVisibleInstances@SpeedTree@@QAE@W4EPopulationType@1@_N@Z 1001df26 f   RenderInterface.obj
 0001:0001cf50       __unwindfunclet$??1CVisibleInstances@SpeedTree@@UAE@XZ$0 1001df50 f   RenderInterface.obj
 0001:0001cf5b       __unwindfunclet$??1CVisibleInstances@SpeedTree@@UAE@XZ$1 1001df5b f   RenderInterface.obj
 0001:0001cf66       __unwindfunclet$??1CVisibleInstances@SpeedTree@@UAE@XZ$2 1001df66 f   RenderInterface.obj
 0001:0001cf71       __unwindfunclet$??1CVisibleInstances@SpeedTree@@UAE@XZ$3 1001df71 f   RenderInterface.obj
 0001:0001cf7f       __unwindfunclet$??1CVisibleInstances@SpeedTree@@UAE@XZ$5 1001df7f f   RenderInterface.obj
 0001:0001cf8a       __ehhandler$??1CVisibleInstances@SpeedTree@@UAE@XZ 1001df8a f   RenderInterface.obj
 0001:0001cfb0       __unwindfunclet$?ComputeCullParameters@STreeInstance@SpeedTree@@QAEXXZ$0 1001dfb0 f   RenderInterface.obj
 0001:0001cfb8       __ehhandler$?ComputeCullParameters@STreeInstance@SpeedTree@@QAEXXZ 1001dfb8 f   RenderInterface.obj
 0001:0001cfe0       __unwindfunclet$??0CRenderStats@SpeedTree@@QAE@XZ$0 1001dfe0 f   RenderInterface.obj
 0001:0001cfee       __ehhandler$??0CRenderStats@SpeedTree@@QAE@XZ 1001dfee f   RenderInterface.obj
 0001:0001d010       __unwindfunclet$?GetObjectStats@CRenderStats@SpeedTree@@QAEAAUSObjectStats@12@ABV?$CBasicFixedString@$0BAA@@2@@Z$0 1001e010 f   RenderInterface.obj
 0001:0001d01b       __ehhandler$?GetObjectStats@CRenderStats@SpeedTree@@QAEAAUSObjectStats@12@ABV?$CBasicFixedString@$0BAA@@2@@Z 1001e01b f   RenderInterface.obj
 0001:0001d050       __unwindfunclet$??H?$CBasicFixedString@$0BAA@@SpeedTree@@QBE?AV01@ABV01@@Z$0 1001e050 f   RenderInterface.obj
 0001:0001d05b       __ehhandler$??H?$CBasicFixedString@$0BAA@@SpeedTree@@QBE?AV01@ABV01@@Z 1001e05b f   RenderInterface.obj
 0001:0001d090       __unwindfunclet$??H?$CBasicFixedString@$0BAA@@SpeedTree@@QBE?AV01@PBD@Z$0 1001e090 f   RenderInterface.obj
 0001:0001d09b       __ehhandler$??H?$CBasicFixedString@$0BAA@@SpeedTree@@QBE?AV01@PBD@Z 1001e09b f   RenderInterface.obj
 0001:0001d0d0       __unwindfunclet$?Format@?$CBasicFixedString@$0BAA@@SpeedTree@@SA?AV12@PBDZZ$0 1001e0d0 f   RenderInterface.obj
 0001:0001d0db       __ehhandler$?Format@?$CBasicFixedString@$0BAA@@SpeedTree@@SA?AV12@PBDZZ 1001e0db f   RenderInterface.obj
 0001:0001d110       __unwindfunclet$?Extension@?$CBasicFixedString@$0BAA@@SpeedTree@@QBE?AV12@D@Z$0 1001e110 f   RenderInterface.obj
 0001:0001d11b       __ehhandler$?Extension@?$CBasicFixedString@$0BAA@@SpeedTree@@QBE?AV12@D@Z 1001e11b f   RenderInterface.obj
 0001:0001d150       __unwindfunclet$??1?$CBasicString@$00@SpeedTree@@UAE@XZ$0 1001e150 f   RenderInterface.obj
 0001:0001d158       __ehhandler$??1?$CBasicString@$00@SpeedTree@@UAE@XZ 1001e158 f   RenderInterface.obj
 0001:0001d180       __unwindfunclet$??1?$CMap@PBVCCore@SpeedTree@@V?$CArray@USInstance@SpeedTree@@$00@2@V?$CLess@PBVCCore@SpeedTree@@@2@$00@SpeedTree@@UAE@XZ$0 1001e180 f   RenderInterface.obj
 0001:0001d18b       __ehhandler$??1?$CMap@PBVCCore@SpeedTree@@V?$CArray@USInstance@SpeedTree@@$00@2@V?$CLess@PBVCCore@SpeedTree@@@2@$00@SpeedTree@@UAE@XZ 1001e18b f   RenderInterface.obj
 0001:0001d1b0       __unwindfunclet$??1?$CCellHeapMgr@VCCell@SpeedTree@@@SpeedTree@@QAE@XZ$0 1001e1b0 f   RenderInterface.obj
 0001:0001d1be       __unwindfunclet$??1?$CCellHeapMgr@VCCell@SpeedTree@@@SpeedTree@@QAE@XZ$1 1001e1be f   RenderInterface.obj
 0001:0001d1cc       __ehhandler$??1?$CCellHeapMgr@VCCell@SpeedTree@@@SpeedTree@@QAE@XZ 1001e1cc f   RenderInterface.obj
 0001:0001d1f0       __unwindfunclet$??0?$CMap@USRowCol@SpeedTree@@PAVCCell@2@V?$CLess@USRowCol@SpeedTree@@@2@$00@SpeedTree@@QAE@ABV01@@Z$0 1001e1f0 f   RenderInterface.obj
 0001:0001d1fe       __ehhandler$??0?$CMap@USRowCol@SpeedTree@@PAVCCell@2@V?$CLess@USRowCol@SpeedTree@@@2@$00@SpeedTree@@QAE@ABV01@@Z 1001e1fe f   RenderInterface.obj
 0001:0001d220       __unwindfunclet$??1?$CMap@USRowCol@SpeedTree@@PAVCCell@2@V?$CLess@USRowCol@SpeedTree@@@2@$00@SpeedTree@@UAE@XZ$0 1001e220 f   RenderInterface.obj
 0001:0001d22b       __ehhandler$??1?$CMap@USRowCol@SpeedTree@@PAVCCell@2@V?$CLess@USRowCol@SpeedTree@@@2@$00@SpeedTree@@UAE@XZ 1001e22b f   RenderInterface.obj
 0001:0001d250       __unwindfunclet$??4?$CMap@USRowCol@SpeedTree@@PAVCCell@2@V?$CLess@USRowCol@SpeedTree@@@2@$00@SpeedTree@@QAEAAV01@ABV01@@Z$0 1001e250 f   RenderInterface.obj
 0001:0001d258       __unwindfunclet$??4?$CMap@USRowCol@SpeedTree@@PAVCCell@2@V?$CLess@USRowCol@SpeedTree@@@2@$00@SpeedTree@@QAEAAV01@ABV01@@Z$1 1001e258 f   RenderInterface.obj
 0001:0001d260       __ehhandler$??4?$CMap@USRowCol@SpeedTree@@PAVCCell@2@V?$CLess@USRowCol@SpeedTree@@@2@$00@SpeedTree@@QAEAAV01@ABV01@@Z 1001e260 f   RenderInterface.obj
 0001:0001d280       __unwindfunclet$??1SHeapBlock@?$CCellHeapMgr@VCCell@SpeedTree@@@SpeedTree@@QAE@XZ$0 1001e280 f   RenderInterface.obj
 0001:0001d288       __ehhandler$??1SHeapBlock@?$CCellHeapMgr@VCCell@SpeedTree@@@SpeedTree@@QAE@XZ 1001e288 f   RenderInterface.obj
 0001:0001d2b0       __unwindfunclet$??0SHeapBlock@?$CCellHeapMgr@VCCell@SpeedTree@@@SpeedTree@@QAE@ABU012@@Z$0 1001e2b0 f   RenderInterface.obj
 0001:0001d2b8       __ehhandler$??0SHeapBlock@?$CCellHeapMgr@VCCell@SpeedTree@@@SpeedTree@@QAE@ABU012@@Z 1001e2b8 f   RenderInterface.obj
 0001:0001d2e0       __unwindfunclet$??0?$CBasicString@$00@SpeedTree@@QAE@PBD@Z$0 1001e2e0 f   RenderInterface.obj
 0001:0001d2e8       __ehhandler$??0?$CBasicString@$00@SpeedTree@@QAE@PBD@Z 1001e2e8 f   RenderInterface.obj
 0001:0001d310       __unwindfunclet$??4?$CMap@PBVCCore@SpeedTree@@V?$CArray@USInstance@SpeedTree@@$00@2@V?$CLess@PBVCCore@SpeedTree@@@2@$00@SpeedTree@@QAEAAV01@ABV01@@Z$0 1001e310 f   RenderInterface.obj
 0001:0001d318       __unwindfunclet$??4?$CMap@PBVCCore@SpeedTree@@V?$CArray@USInstance@SpeedTree@@$00@2@V?$CLess@PBVCCore@SpeedTree@@@2@$00@SpeedTree@@QAEAAV01@ABV01@@Z$1 1001e318 f   RenderInterface.obj
 0001:0001d320       __ehhandler$??4?$CMap@PBVCCore@SpeedTree@@V?$CArray@USInstance@SpeedTree@@$00@2@V?$CLess@PBVCCore@SpeedTree@@@2@$00@SpeedTree@@QAEAAV01@ABV01@@Z 1001e320 f   RenderInterface.obj
 0001:0001d340       __unwindfunclet$?SetExternalMemory@?$CArray@USInstance@SpeedTree@@$00@SpeedTree@@QAEXPAEI@Z$0 1001e340 f   RenderInterface.obj
 0001:0001d35a       __ehhandler$?SetExternalMemory@?$CArray@USInstance@SpeedTree@@$00@SpeedTree@@QAEXPAEI@Z 1001e35a f   RenderInterface.obj
 0001:0001d380       __unwindfunclet$?SetExternalMemory@?$CArray@VCCell@SpeedTree@@$00@SpeedTree@@QAEXPAEI@Z$0 1001e380 f   RenderInterface.obj
 0001:0001d39d       __ehhandler$?SetExternalMemory@?$CArray@VCCell@SpeedTree@@$00@SpeedTree@@QAEXPAEI@Z 1001e39d f   RenderInterface.obj
 0001:0001d3c0       __unwindfunclet$??0CCell@SpeedTree@@QAE@XZ$0 1001e3c0 f   RenderInterface.obj
 0001:0001d3c8       __ehhandler$??0CCell@SpeedTree@@QAE@XZ 1001e3c8 f   RenderInterface.obj
 0001:0001d3f0       __unwindfunclet$??1CCell@SpeedTree@@QAE@XZ$0 1001e3f0 f   RenderInterface.obj
 0001:0001d3f8       __unwindfunclet$??1CCell@SpeedTree@@QAE@XZ$1 1001e3f8 f   RenderInterface.obj
 0001:0001d403       __unwindfunclet$??1CCell@SpeedTree@@QAE@XZ$2 1001e403 f   RenderInterface.obj
 0001:0001d40e       __unwindfunclet$??1CCell@SpeedTree@@QAE@XZ$5 1001e40e f   RenderInterface.obj
 0001:0001d419       __ehhandler$??1CCell@SpeedTree@@QAE@XZ 1001e419 f   RenderInterface.obj
 0001:0001d440       __unwindfunclet$?Allocate@?$CArray@VCCell@SpeedTree@@$00@SpeedTree@@IAEPAVCCell@2@I@Z$0 1001e440 f   RenderInterface.obj
 0001:0001d44b       __ehhandler$?Allocate@?$CArray@VCCell@SpeedTree@@$00@SpeedTree@@IAEPAVCCell@2@I@Z 1001e44b f   RenderInterface.obj
 0001:0001d470       __unwindfunclet$?Grow@?$CCellHeapMgr@VCCell@SpeedTree@@@SpeedTree@@AAEXXZ$0 1001e470 f   RenderInterface.obj
 0001:0001d481       __ehhandler$?Grow@?$CCellHeapMgr@VCCell@SpeedTree@@@SpeedTree@@AAEXXZ 1001e481 f   RenderInterface.obj
 0001:0001d4a0       __unwindfunclet$?SetExternalMemory@?$CArray@USDetailedCullData@SpeedTree@@$00@SpeedTree@@QAEXPAEI@Z$0 1001e4a0 f   RenderInterface.obj
 0001:0001d4ba       __ehhandler$?SetExternalMemory@?$CArray@USDetailedCullData@SpeedTree@@$00@SpeedTree@@QAEXPAEI@Z 1001e4ba f   RenderInterface.obj
 0001:0001d4e0       __unwindfunclet$?Allocate@?$CArray@USDetailedCullData@SpeedTree@@$00@SpeedTree@@IAEPAUSDetailedCullData@2@I@Z$0 1001e4e0 f   RenderInterface.obj
 0001:0001d4eb       __ehhandler$?Allocate@?$CArray@USDetailedCullData@SpeedTree@@$00@SpeedTree@@IAEPAUSDetailedCullData@2@I@Z 1001e4eb f   RenderInterface.obj
 0001:0001d510       __unwindfunclet$?SetExternalMemory@?$CArray@V?$CBasicFixedString@$0BAA@@SpeedTree@@$00@SpeedTree@@QAEXPAEI@Z$0 1001e510 f   RenderInterface.obj
 0001:0001d52d       __ehhandler$?SetExternalMemory@?$CArray@V?$CBasicFixedString@$0BAA@@SpeedTree@@$00@SpeedTree@@QAEXPAEI@Z 1001e52d f   RenderInterface.obj
 0001:0001d550       __unwindfunclet$?SetExternalMemory@?$CArray@USObjectStats@CRenderStats@SpeedTree@@$00@SpeedTree@@QAEXPAEI@Z$0 1001e550 f   RenderInterface.obj
 0001:0001d56d       __ehhandler$?SetExternalMemory@?$CArray@USObjectStats@CRenderStats@SpeedTree@@$00@SpeedTree@@QAEXPAEI@Z 1001e56d f   RenderInterface.obj
 0001:0001d590       __unwindfunclet$?Allocate@?$CArray@USObjectStats@CRenderStats@SpeedTree@@$00@SpeedTree@@IAEPAUSObjectStats@CRenderStats@2@I@Z$0 1001e590 f   RenderInterface.obj
 0001:0001d59b       __ehhandler$?Allocate@?$CArray@USObjectStats@CRenderStats@SpeedTree@@$00@SpeedTree@@IAEPAUSObjectStats@CRenderStats@2@I@Z 1001e59b f   RenderInterface.obj
 0001:0001d5c0       __unwindfunclet$?Allocate@?$CArray@USInstance@SpeedTree@@$00@SpeedTree@@IAEPAUSInstance@2@I@Z$0 1001e5c0 f   RenderInterface.obj
 0001:0001d5cb       __ehhandler$?Allocate@?$CArray@USInstance@SpeedTree@@$00@SpeedTree@@IAEPAUSInstance@2@I@Z 1001e5cb f   RenderInterface.obj
 0001:0001d5f0       __unwindfunclet$??$st_new_array@VCCell@SpeedTree@@@SpeedTree@@YAPAVCCell@0@IPBDW4EAllocationType@0@@Z$0 1001e5f0 f   RenderInterface.obj
 0001:0001d60a       __ehhandler$??$st_new_array@VCCell@SpeedTree@@@SpeedTree@@YAPAVCCell@0@IPBDW4EAllocationType@0@@Z 1001e60a f   RenderInterface.obj
 0001:0001d630       __unwindfunclet$??$st_new_array@USDetailedCullData@SpeedTree@@@SpeedTree@@YAPAUSDetailedCullData@0@IPBDW4EAllocationType@0@@Z$0 1001e630 f   RenderInterface.obj
 0001:0001d647       __ehhandler$??$st_new_array@USDetailedCullData@SpeedTree@@@SpeedTree@@YAPAUSDetailedCullData@0@IPBDW4EAllocationType@0@@Z 1001e647 f   RenderInterface.obj
 0001:0001d670       __unwindfunclet$?Allocate@?$CArray@V?$CBasicFixedString@$0BAA@@SpeedTree@@$00@SpeedTree@@IAEPAV?$CBasicFixedString@$0BAA@@2@I@Z$0 1001e670 f   RenderInterface.obj
 0001:0001d67b       __ehhandler$?Allocate@?$CArray@V?$CBasicFixedString@$0BAA@@SpeedTree@@$00@SpeedTree@@IAEPAV?$CBasicFixedString@$0BAA@@2@I@Z 1001e67b f   RenderInterface.obj
 0001:0001d6a0       __unwindfunclet$??$st_new_array@USObjectStats@CRenderStats@SpeedTree@@@SpeedTree@@YAPAUSObjectStats@CRenderStats@0@IPBDW4EAllocationType@0@@Z$0 1001e6a0 f   RenderInterface.obj
 0001:0001d6ba       __ehhandler$??$st_new_array@USObjectStats@CRenderStats@SpeedTree@@@SpeedTree@@YAPAUSObjectStats@CRenderStats@0@IPBDW4EAllocationType@0@@Z 1001e6ba f   RenderInterface.obj
 0001:0001d6e0       __unwindfunclet$??$st_new_array@USInstance@SpeedTree@@@SpeedTree@@YAPAUSInstance@0@IPBDW4EAllocationType@0@@Z$0 1001e6e0 f   RenderInterface.obj
 0001:0001d6f7       __ehhandler$??$st_new_array@USInstance@SpeedTree@@@SpeedTree@@YAPAUSInstance@0@IPBDW4EAllocationType@0@@Z 1001e6f7 f   RenderInterface.obj
 0001:0001d720       __unwindfunclet$??$st_new_array@V?$CBasicFixedString@$0BAA@@SpeedTree@@@SpeedTree@@YAPAV?$CBasicFixedString@$0BAA@@0@IPBDW4EAllocationType@0@@Z$0 1001e720 f   RenderInterface.obj
 0001:0001d73a       __ehhandler$??$st_new_array@V?$CBasicFixedString@$0BAA@@SpeedTree@@@SpeedTree@@YAPAV?$CBasicFixedString@$0BAA@@0@IPBDW4EAllocationType@0@@Z 1001e73a f   RenderInterface.obj
 0001:0001d760       ??__Ec_chFolderSeparator@SpeedTree@@YAXXZ 1001e760 f   RenderInterface.obj
 0001:0001d780       ??__Ec_vRHCS_Yup_Out@SpeedTree@@YAXXZ 1001e780 f   RenderInterface.obj
 0001:0001d7b0       ??__Ec_vRHCS_Yup_Right@SpeedTree@@YAXXZ 1001e7b0 f   RenderInterface.obj
 0001:0001d7d0       ??__Ec_vRHCS_Yup_Up@SpeedTree@@YAXXZ 1001e7d0 f   RenderInterface.obj
 0001:0001d7f0       ??__Ec_vLHCS_Yup_Out@SpeedTree@@YAXXZ 1001e7f0 f   RenderInterface.obj
 0001:0001d810       ??__Ec_vLHCS_Yup_Right@SpeedTree@@YAXXZ 1001e810 f   RenderInterface.obj
 0001:0001d830       ??__Ec_vLHCS_Yup_Up@SpeedTree@@YAXXZ 1001e830 f   RenderInterface.obj
 0001:0001d850       ??__Ec_vLHCS_Zup_Out@SpeedTree@@YAXXZ 1001e850 f   RenderInterface.obj
 0001:0001d880       ??__Ec_vLHCS_Zup_Right@SpeedTree@@YAXXZ 1001e880 f   RenderInterface.obj
 0001:0001d8a0       ??__Ec_vLHCS_Zup_Up@SpeedTree@@YAXXZ 1001e8a0 f   RenderInterface.obj
 0001:0001d8c0       ??__Ec_asInstanceStreamDesc@SpeedTree@@YAXXZ 1001e8c0 f   RenderInterface.obj
